Archive member included because of file (symbol)

/home/andrea/documents/dissertation_source_files/source_LPC1768/sorgenti_definitivi_lpc/lpc_bluetooth_sersor_definitive/mbed/TARGET_LPC1768/TOOLCHAIN_GCC_CR/libmbed.a(analogin_api.o)
                              ./main.o (analogin_init)
/home/andrea/documents/dissertation_source_files/source_LPC1768/sorgenti_definitivi_lpc/lpc_bluetooth_sersor_definitive/mbed/TARGET_LPC1768/TOOLCHAIN_GCC_CR/libmbed.a(serial_api.o)
                              /home/andrea/documents/dissertation_source_files/source_LPC1768/sorgenti_definitivi_lpc/lpc_bluetooth_sersor_definitive/mbed/TARGET_LPC1768/TOOLCHAIN_GCC_CR/retarget.o (serial_getc)
/home/andrea/documents/dissertation_source_files/source_LPC1768/sorgenti_definitivi_lpc/lpc_bluetooth_sersor_definitive/mbed/TARGET_LPC1768/TOOLCHAIN_GCC_CR/libmbed.a(FilePath.o)
                              /home/andrea/documents/dissertation_source_files/source_LPC1768/sorgenti_definitivi_lpc/lpc_bluetooth_sersor_definitive/mbed/TARGET_LPC1768/TOOLCHAIN_GCC_CR/retarget.o (mbed::FilePath::FilePath(char const*))
/home/andrea/documents/dissertation_source_files/source_LPC1768/sorgenti_definitivi_lpc/lpc_bluetooth_sersor_definitive/mbed/TARGET_LPC1768/TOOLCHAIN_GCC_CR/libmbed.a(FileSystemLike.o)
                              /home/andrea/documents/dissertation_source_files/source_LPC1768/sorgenti_definitivi_lpc/lpc_bluetooth_sersor_definitive/mbed/TARGET_LPC1768/TOOLCHAIN_GCC_CR/retarget.o (mbed::FileSystemLike::opendir())
/home/andrea/documents/dissertation_source_files/source_LPC1768/sorgenti_definitivi_lpc/lpc_bluetooth_sersor_definitive/mbed/TARGET_LPC1768/TOOLCHAIN_GCC_CR/libmbed.a(Serial.o)
                              ./main.o (mbed::Serial::Serial(PinName, PinName, char const*))
/home/andrea/documents/dissertation_source_files/source_LPC1768/sorgenti_definitivi_lpc/lpc_bluetooth_sersor_definitive/mbed/TARGET_LPC1768/TOOLCHAIN_GCC_CR/libmbed.a(SerialBase.o)
                              /home/andrea/documents/dissertation_source_files/source_LPC1768/sorgenti_definitivi_lpc/lpc_bluetooth_sersor_definitive/mbed/TARGET_LPC1768/TOOLCHAIN_GCC_CR/libmbed.a(Serial.o) (mbed::SerialBase::SerialBase(PinName, PinName))
/home/andrea/documents/dissertation_source_files/source_LPC1768/sorgenti_definitivi_lpc/lpc_bluetooth_sersor_definitive/mbed/TARGET_LPC1768/TOOLCHAIN_GCC_CR/libmbed.a(Stream.o)
                              /home/andrea/documents/dissertation_source_files/source_LPC1768/sorgenti_definitivi_lpc/lpc_bluetooth_sersor_definitive/mbed/TARGET_LPC1768/TOOLCHAIN_GCC_CR/libmbed.a(Serial.o) (mbed::Stream::close())
/home/andrea/documents/dissertation_source_files/source_LPC1768/sorgenti_definitivi_lpc/lpc_bluetooth_sersor_definitive/mbed/TARGET_LPC1768/TOOLCHAIN_GCC_CR/libmbed.a(assert.o)
                              ./main.o (mbed_assert_internal)
/home/andrea/documents/dissertation_source_files/source_LPC1768/sorgenti_definitivi_lpc/lpc_bluetooth_sersor_definitive/mbed/TARGET_LPC1768/TOOLCHAIN_GCC_CR/libmbed.a(error.o)
                              /home/andrea/documents/dissertation_source_files/source_LPC1768/sorgenti_definitivi_lpc/lpc_bluetooth_sersor_definitive/mbed/TARGET_LPC1768/TOOLCHAIN_GCC_CR/retarget.o (error)
/home/andrea/documents/dissertation_source_files/source_LPC1768/sorgenti_definitivi_lpc/lpc_bluetooth_sersor_definitive/mbed/TARGET_LPC1768/TOOLCHAIN_GCC_CR/libmbed.a(gpio.o)
                              /home/andrea/documents/dissertation_source_files/source_LPC1768/sorgenti_definitivi_lpc/lpc_bluetooth_sersor_definitive/mbed/TARGET_LPC1768/TOOLCHAIN_GCC_CR/libmbed.a(serial_api.o) (gpio_init_in)
/home/andrea/documents/dissertation_source_files/source_LPC1768/sorgenti_definitivi_lpc/lpc_bluetooth_sersor_definitive/mbed/TARGET_LPC1768/TOOLCHAIN_GCC_CR/libmbed.a(pinmap_common.o)
                              /home/andrea/documents/dissertation_source_files/source_LPC1768/sorgenti_definitivi_lpc/lpc_bluetooth_sersor_definitive/mbed/TARGET_LPC1768/TOOLCHAIN_GCC_CR/libmbed.a(analogin_api.o) (pinmap_pinout)
/home/andrea/documents/dissertation_source_files/source_LPC1768/sorgenti_definitivi_lpc/lpc_bluetooth_sersor_definitive/mbed/TARGET_LPC1768/TOOLCHAIN_GCC_CR/libmbed.a(mbed_interface.o)
                              /home/andrea/documents/dissertation_source_files/source_LPC1768/sorgenti_definitivi_lpc/lpc_bluetooth_sersor_definitive/mbed/TARGET_LPC1768/TOOLCHAIN_GCC_CR/retarget.o (mbed_interface_connected)
/home/andrea/documents/dissertation_source_files/source_LPC1768/sorgenti_definitivi_lpc/lpc_bluetooth_sersor_definitive/mbed/TARGET_LPC1768/TOOLCHAIN_GCC_CR/libmbed.a(semihost_api.o)
                              /home/andrea/documents/dissertation_source_files/source_LPC1768/sorgenti_definitivi_lpc/lpc_bluetooth_sersor_definitive/mbed/TARGET_LPC1768/TOOLCHAIN_GCC_CR/retarget.o (semihost_exit)
[...]
Memory Configuration

Name             Origin             Length             Attributes
MFlash512        0x00000000         0x00080000         xr
RamLoc32         0x100000c8         0x00007f38         xrw
RamAHB32         0x2007c000         0x00008000         xrw
*default*        0x00000000         0xffffffff

Linker script and memory map

LOAD ./main.o
LOAD /home/andrea/documents/dissertation_source_files/source_LPC1768/sorgenti_definitivi_lpc/lpc_bluetooth_sersor_definitive/mbed/TARGET_LPC1768/TOOLCHAIN_GCC_CR/retarget.o
LOAD /home/andrea/documents/dissertation_source_files/source_LPC1768/sorgenti_definitivi_lpc/lpc_bluetooth_sersor_definitive/mbed/TARGET_LPC1768/TOOLCHAIN_GCC_CR/system_LPC17xx.o
LOAD /home/andrea/documents/dissertation_source_files/source_LPC1768/sorgenti_definitivi_lpc/lpc_bluetooth_sersor_definitive/mbed/TARGET_LPC1768/TOOLCHAIN_GCC_CR/board.o
LOAD /home/andrea/documents/dissertation_source_files/source_LPC1768/sorgenti_definitivi_lpc/lpc_bluetooth_sersor_definitive/mbed/TARGET_LPC1768/TOOLCHAIN_GCC_CR/cmsis_nvic.o
LOAD /home/andrea/documents/dissertation_source_files/source_LPC1768/sorgenti_definitivi_lpc/lpc_bluetooth_sersor_definitive/mbed/TARGET_LPC1768/TOOLCHAIN_GCC_CR/startup_LPC17xx.o
LOAD /home/andrea/documents/dissertation_source_files/source_LPC1768/sorgenti_definitivi_lpc/lpc_bluetooth_sersor_definitive/mbed/TARGET_LPC1768/TOOLCHAIN_GCC_CR/libmbed.a
START GROUP
LOAD /usr/local/lpcxpresso_7.7.2_379/lpcxpresso/tools/bin/../lib/gcc/arm-none-eabi/4.9.3/armv7-m/libgcc.a
LOAD /usr/local/lpcxpresso_7.7.2_379/lpcxpresso/tools/bin/../lib/gcc/arm-none-eabi/4.9.3/../../../../arm-none-eabi/lib/armv7-m/libc.a
LOAD /usr/local/lpcxpresso_7.7.2_379/lpcxpresso/tools/bin/../lib/gcc/arm-none-eabi/4.9.3/../../../../arm-none-eabi/lib/armv7-m/libstdc++.a
LOAD /usr/local/lpcxpresso_7.7.2_379/lpcxpresso/tools/bin/../lib/gcc/arm-none-eabi/4.9.3/../../../../arm-none-eabi/lib/armv7-m/libm.a
LOAD /usr/local/lpcxpresso_7.7.2_379/lpcxpresso/tools/bin/../lib/gcc/arm-none-eabi/4.9.3/../../../../arm-none-eabi/lib/armv7-m/libcr_newlib_nohost.a
LOAD /usr/local/lpcxpresso_7.7.2_379/lpcxpresso/tools/bin/../lib/gcc/arm-none-eabi/4.9.3/armv7-m/crti.o
LOAD /usr/local/lpcxpresso_7.7.2_379/lpcxpresso/tools/bin/../lib/gcc/arm-none-eabi/4.9.3/armv7-m/crtn.o
LOAD /usr/local/lpcxpresso_7.7.2_379/lpcxpresso/tools/bin/../lib/gcc/arm-none-eabi/4.9.3/armv7-m/crtbegin.o
LOAD /usr/local/lpcxpresso_7.7.2_379/lpcxpresso/tools/bin/../lib/gcc/arm-none-eabi/4.9.3/armv7-m/crtend.o
END GROUP
                0x00080000                __top_MFlash512 = 0x80000
                0x10008000                __top_RamLoc32 = 0x10008000
                0x20084000                __top_RamAHB32 = 0x20084000

.text           0x00000000     0xdbf0
 FILL mask 0xff
 *(.isr_vector)
 .isr_vector    0x00000000       0xcc /home/andrea/documents/dissertation_source_files/source_LPC1768/sorgenti_definitivi_lpc/lpc_bluetooth_sersor_definitive/mbed/TARGET_LPC1768/TOOLCHAIN_GCC_CR/startup_LPC17xx.o
                0x00000000                g_pfnVectors
                0x000000cc                . = ALIGN (0x4)
                0x000000cc                __section_table_start = .
                0x000000cc                __data_section_table = .
                0x000000cc        0x4 LONG 0xdbf8 LOADADDR (.data)
                0x000000d0        0x4 LONG 0x100000c8 ADDR (.data)
                0x000000d4        0x4 LONG 0x8b0 SIZEOF (.data)
                0x000000d8        0x4 LONG 0xdbf8 LOADADDR (.data_RAM2)
                0x000000dc        0x4 LONG 0x2007c000 ADDR (.data_RAM2)
                0x000000e0        0x4 LONG 0x0 SIZEOF (.data_RAM2)
                0x000000e4                __data_section_table_end = .
                0x000000e4                __bss_section_table = .
                0x000000e4        0x4 LONG 0x10000978 ADDR (.bss)
                0x000000e8        0x4 LONG 0x31c SIZEOF (.bss)
                0x000000ec        0x4 LONG 0x2007c000 ADDR (.bss_RAM2)
                0x000000f0        0x4 LONG 0x0 SIZEOF (.bss_RAM2)
                0x000000f4                __bss_section_table_end = .
                0x000000f4                __section_table_end = .
 *(.after_vectors*)
 .after_vectors
                0x000000f4       0xd0 /home/andrea/documents/dissertation_source_files/source_LPC1768/sorgenti_definitivi_lpc/lpc_bluetooth_sersor_definitive/mbed/TARGET_LPC1768/TOOLCHAIN_GCC_CR/startup_LPC17xx.o
                0x000000f4                NMI_Handler
                0x000000f8                HardFault_Handler
                0x000000fc                MemManage_Handler
                0x00000100                BusFault_Handler
                0x00000104                UsageFault_Handler
                0x00000108                SVC_Handler
                0x0000010c                DebugMon_Handler
                0x00000110                PendSV_Handler
                0x00000114                SysTick_Handler
                0x00000118                TIMER2_IRQHandler
                0x00000118                RIT_IRQHandler
                0x00000118                I2C0_IRQHandler
                0x00000118                USBActivity_IRQHandler
                0x00000118                PWM1_IRQHandler
                0x00000118                I2C1_IRQHandler
                0x00000118                EINT2_IRQHandler
                0x00000118                UART1_IRQHandler
                0x00000118                EINT3_IRQHandler
                0x00000118                CANActivity_IRQHandler
                0x00000118                TIMER3_IRQHandler
                0x00000118                UART0_IRQHandler
                0x00000118                IntDefaultHandler
                0x00000118                PLL0_IRQHandler
                0x00000118                CAN_IRQHandler
                0x00000118                PLL1_IRQHandler
                0x00000118                SSP0_IRQHandler
                0x00000118                I2S_IRQHandler
                0x00000118                I2C2_IRQHandler
                0x00000118                RTC_IRQHandler
                0x00000118                TIMER0_IRQHandler
                0x00000118                SPI_IRQHandler
                0x00000118                EINT1_IRQHandler
                0x00000118                TIMER1_IRQHandler
                0x00000118                UART2_IRQHandler
                0x00000118                ADC_IRQHandler
                0x00000118                SSP1_IRQHandler
                0x00000118                USB_IRQHandler
                0x00000118                BOD_IRQHandler
                0x00000118                WDT_IRQHandler
                0x00000118                QEI_IRQHandler
                0x00000118                EINT0_IRQHandler
                0x00000118                DMA_IRQHandler
                0x00000118                UART3_IRQHandler
                0x00000118                MCPWM_IRQHandler
                0x00000118                ENET_IRQHandler
                0x0000011c                ResetISR
                0x0000019c                data_init
                0x000001b4                bss_init
 *(.text*)
 .text.gpio_write
                0x000001c4       0x48 ./main.o
 .text._ZN4mbed10DigitalOutC2E7PinName
                0x0000020c       0x44 ./main.o
                0x0000020c                mbed::DigitalOut::DigitalOut(PinName)
                0x0000020c                mbed::DigitalOut::DigitalOut(PinName)
 .text._ZN4mbed10DigitalOut5writeEi
                0x00000250       0x1c ./main.o
                0x00000250                mbed::DigitalOut::write(int)
 .text._ZN4mbed10DigitalOutaSEi
                0x0000026c       0x1c ./main.o
                0x0000026c                mbed::DigitalOut::operator=(int)
 .text._ZN4mbed8AnalogInC2E7PinName
                0x00000288       0x20 ./main.o
                0x00000288                mbed::AnalogIn::AnalogIn(PinName)
                0x00000288                mbed::AnalogIn::AnalogIn(PinName)
 .text._ZN4mbed8AnalogIn8read_u16Ev
                0x000002a8       0x1c ./main.o
                0x000002a8                mbed::AnalogIn::read_u16()
 .text._ZN4mbed10SerialBaseD2Ev
                0x000002c4       0x28 ./main.o
                0x000002c4                mbed::SerialBase::~SerialBase()
                0x000002c4                mbed::SerialBase::~SerialBase()
 .text._ZN4mbed10SerialBaseD0Ev
                0x000002ec       0x20 ./main.o
                0x000002ec                mbed::SerialBase::~SerialBase()
 .text._Z13isr_bluetoothv
                0x0000030c       0xdc ./main.o
                0x0000030c                isr_bluetooth()
 .text._Z15bluetooth_setupv
                0x000003e8       0xf8 ./main.o
                0x000003e8                bluetooth_setup()
 .text._Z14decode_messagev
                0x000004e0       0x64 ./main.o
                0x000004e0                decode_message()
 *fill*         0x00000544        0x4 
 .text._Z10send_replyv
                0x00000548      0x250 ./main.o
                0x00000548                send_reply()
 .text._Z18obtain_measurementv
                0x00000798      0x1e8 ./main.o
                0x00000798                obtain_measurement()
 .text.main     0x00000980       0xe4 ./main.o
                0x00000980                main
 .text._ZN4mbed6SerialD2Ev
                0x00000a64       0x50 ./main.o
                0x00000a64                mbed::Serial::~Serial()
                0x00000a64                mbed::Serial::~Serial()
 .text._ZN4mbed6SerialD1Ev
                0x00000ab4       0x10 ./main.o
                0x00000ab4                non-virtual thunk to mbed::Serial::~Serial()
                0x00000abc                non-virtual thunk to mbed::Serial::~Serial()
 .text._ZN4mbed6SerialD0Ev
                0x00000ac4       0x30 ./main.o
                0x00000ac4                mbed::Serial::~Serial()
                0x00000ae4                non-virtual thunk to mbed::Serial::~Serial()
                0x00000aec                non-virtual thunk to mbed::Serial::~Serial()
 .text._Z41__static_initialization_and_destruction_0ii
                0x00000af4       0x6c ./main.o
 .text._GLOBAL__sub_I_flags
                0x00000b60       0x10 ./main.o
 .text._ZN4mbed10FileHandle4flenEv
                0x00000b70       0x34 /home/andrea/documents/dissertation_source_files/source_LPC1768/sorgenti_definitivi_lpc/lpc_bluetooth_sersor_definitive/mbed/TARGET_LPC1768/TOOLCHAIN_GCC_CR/retarget.o
                0x00000b70                mbed::FileHandle::flen()
 .text._ZN4mbed10FileHandleD2Ev
                0x00000ba4       0x2c /home/andrea/documents/dissertation_source_files/source_LPC1768/sorgenti_definitivi_lpc/lpc_bluetooth_sersor_definitive/mbed/TARGET_LPC1768/TOOLCHAIN_GCC_CR/retarget.o
                0x00000ba4                mbed::FileHandle::~FileHandle()
                0x00000ba4                mbed::FileHandle::~FileHandle()
 .text._ZN4mbed10FileHandleD0Ev
                0x00000bd0       0x34 /home/andrea/documents/dissertation_source_files/source_LPC1768/sorgenti_definitivi_lpc/lpc_bluetooth_sersor_definitive/mbed/TARGET_LPC1768/TOOLCHAIN_GCC_CR/retarget.o
                0x00000bd0                mbed::FileHandle::~FileHandle()
 .text._ZL11init_serialv.part.0
                0x00000c04       0x18 /home/andrea/documents/dissertation_source_files/source_LPC1768/sorgenti_definitivi_lpc/lpc_bluetooth_sersor_definitive/mbed/TARGET_LPC1768/TOOLCHAIN_GCC_CR/retarget.o
 .text._open    0x00000c1c       0xf8 /home/andrea/documents/dissertation_source_files/source_LPC1768/sorgenti_definitivi_lpc/lpc_bluetooth_sersor_definitive/mbed/TARGET_LPC1768/TOOLCHAIN_GCC_CR/retarget.o
                0x00000c1c                _open
 .text._close   0x00000d14       0x2c /home/andrea/documents/dissertation_source_files/source_LPC1768/sorgenti_definitivi_lpc/lpc_bluetooth_sersor_definitive/mbed/TARGET_LPC1768/TOOLCHAIN_GCC_CR/retarget.o
                0x00000d14                _close
 .text._write   0x00000d40       0x50 /home/andrea/documents/dissertation_source_files/source_LPC1768/sorgenti_definitivi_lpc/lpc_bluetooth_sersor_definitive/mbed/TARGET_LPC1768/TOOLCHAIN_GCC_CR/retarget.o
                0x00000d40                _write
 .text._read    0x00000d90       0x4c /home/andrea/documents/dissertation_source_files/source_LPC1768/sorgenti_definitivi_lpc/lpc_bluetooth_sersor_definitive/mbed/TARGET_LPC1768/TOOLCHAIN_GCC_CR/retarget.o
                0x00000d90                _read
 .text._isatty  0x00000ddc       0x28 /home/andrea/documents/dissertation_source_files/source_LPC1768/sorgenti_definitivi_lpc/lpc_bluetooth_sersor_definitive/mbed/TARGET_LPC1768/TOOLCHAIN_GCC_CR/retarget.o
                0x00000ddc                _isatty
 .text._lseek   0x00000e04       0x28 /home/andrea/documents/dissertation_source_files/source_LPC1768/sorgenti_definitivi_lpc/lpc_bluetooth_sersor_definitive/mbed/TARGET_LPC1768/TOOLCHAIN_GCC_CR/retarget.o
                0x00000e04                _lseek
 .text._fstat   0x00000e2c       0x20 /home/andrea/documents/dissertation_source_files/source_LPC1768/sorgenti_definitivi_lpc/lpc_bluetooth_sersor_definitive/mbed/TARGET_LPC1768/TOOLCHAIN_GCC_CR/retarget.o
                0x00000e2c                _fstat
 .text.exit     0x00000e4c       0x30 /home/andrea/documents/dissertation_source_files/source_LPC1768/sorgenti_definitivi_lpc/lpc_bluetooth_sersor_definitive/mbed/TARGET_LPC1768/TOOLCHAIN_GCC_CR/retarget.o
                0x00000e4c                exit
 .text.__cxa_pure_virtual
                0x00000e7c        0x8 /home/andrea/documents/dissertation_source_files/source_LPC1768/sorgenti_definitivi_lpc/lpc_bluetooth_sersor_definitive/mbed/TARGET_LPC1768/TOOLCHAIN_GCC_CR/retarget.o
                0x00000e7c                __cxa_pure_virtual
 .text._ZN4mbed26mbed_set_unbuffered_streamEP7__sFILE
                0x00000e84        0x8 /home/andrea/documents/dissertation_source_files/source_LPC1768/sorgenti_definitivi_lpc/lpc_bluetooth_sersor_definitive/mbed/TARGET_LPC1768/TOOLCHAIN_GCC_CR/retarget.o
                0x00000e84                mbed::mbed_set_unbuffered_stream(__sFILE*)
 .text._ZN4mbed9mbed_getcEP7__sFILE
                0x00000e8c        0x4 /home/andrea/documents/dissertation_source_files/source_LPC1768/sorgenti_definitivi_lpc/lpc_bluetooth_sersor_definitive/mbed/TARGET_LPC1768/TOOLCHAIN_GCC_CR/retarget.o
                0x00000e8c                mbed::mbed_getc(__sFILE*)
 .text.SystemInit
                0x00000e90       0xb8 /home/andrea/documents/dissertation_source_files/source_LPC1768/sorgenti_definitivi_lpc/lpc_bluetooth_sersor_definitive/mbed/TARGET_LPC1768/TOOLCHAIN_GCC_CR/system_LPC17xx.o
                0x00000e90                SystemInit
 .text.mbed_die
                0x00000f48      0x10c /home/andrea/documents/dissertation_source_files/source_LPC1768/sorgenti_definitivi_lpc/lpc_bluetooth_sersor_definitive/mbed/TARGET_LPC1768/TOOLCHAIN_GCC_CR/board.o
                0x00000f48                mbed_die
 .text.NVIC_SetVector
                0x00001054       0x3c /home/andrea/documents/dissertation_source_files/source_LPC1768/sorgenti_definitivi_lpc/lpc_bluetooth_sersor_definitive/mbed/TARGET_LPC1768/TOOLCHAIN_GCC_CR/cmsis_nvic.o
                0x00001054                NVIC_SetVector
 .text.__aeabi_atexit
                0x00001090        0x4 /home/andrea/documents/dissertation_source_files/source_LPC1768/sorgenti_definitivi_lpc/lpc_bluetooth_sersor_definitive/mbed/TARGET_LPC1768/TOOLCHAIN_GCC_CR/startup_LPC17xx.o
                0x00001090                __aeabi_atexit
 .text._ZdlPv   0x00001094        0x4 /home/andrea/documents/dissertation_source_files/source_LPC1768/sorgenti_definitivi_lpc/lpc_bluetooth_sersor_definitive/mbed/TARGET_LPC1768/TOOLCHAIN_GCC_CR/startup_LPC17xx.o
                0x00001094                operator delete(void*)
 .text.analogin_init
                0x00001098       0x98 /home/andrea/documents/dissertation_source_files/source_LPC1768/sorgenti_definitivi_lpc/lpc_bluetooth_sersor_definitive/mbed/TARGET_LPC1768/TOOLCHAIN_GCC_CR/libmbed.a(analogin_api.o)
                0x00001098                analogin_init
 .text.analogin_read_u16
                0x00001130       0xb4 /home/andrea/documents/dissertation_source_files/source_LPC1768/sorgenti_definitivi_lpc/lpc_bluetooth_sersor_definitive/mbed/TARGET_LPC1768/TOOLCHAIN_GCC_CR/libmbed.a(analogin_api.o)
                0x00001130                analogin_read_u16
 .text.uart2_irq
                0x000011e4       0x64 /home/andrea/documents/dissertation_source_files/source_LPC1768/sorgenti_definitivi_lpc/lpc_bluetooth_sersor_definitive/mbed/TARGET_LPC1768/TOOLCHAIN_GCC_CR/libmbed.a(serial_api.o)
                0x000011e4                uart2_irq
 .text.serial_irq_set_internal
                0x00001248       0xcc /home/andrea/documents/dissertation_source_files/source_LPC1768/sorgenti_definitivi_lpc/lpc_bluetooth_sersor_definitive/mbed/TARGET_LPC1768/TOOLCHAIN_GCC_CR/libmbed.a(serial_api.o)
 .text.uart0_irq
                0x00001314       0x64 /home/andrea/documents/dissertation_source_files/source_LPC1768/sorgenti_definitivi_lpc/lpc_bluetooth_sersor_definitive/mbed/TARGET_LPC1768/TOOLCHAIN_GCC_CR/libmbed.a(serial_api.o)
                0x00001314                uart0_irq
 .text.uart3_irq
                0x00001378       0x6c /home/andrea/documents/dissertation_source_files/source_LPC1768/sorgenti_definitivi_lpc/lpc_bluetooth_sersor_definitive/mbed/TARGET_LPC1768/TOOLCHAIN_GCC_CR/libmbed.a(serial_api.o)
                0x00001378                uart3_irq
 .text.uart1_irq
                0x000013e4       0x64 /home/andrea/documents/dissertation_source_files/source_LPC1768/sorgenti_definitivi_lpc/lpc_bluetooth_sersor_definitive/mbed/TARGET_LPC1768/TOOLCHAIN_GCC_CR/libmbed.a(serial_api.o)
                0x000013e4                uart1_irq
 .text.serial_baud
                0x00001448      0x244 /home/andrea/documents/dissertation_source_files/source_LPC1768/sorgenti_definitivi_lpc/lpc_bluetooth_sersor_definitive/mbed/TARGET_LPC1768/TOOLCHAIN_GCC_CR/libmbed.a(serial_api.o)
                0x00001448                serial_baud
 .text.serial_format
                0x0000168c       0x78 /home/andrea/documents/dissertation_source_files/source_LPC1768/sorgenti_definitivi_lpc/lpc_bluetooth_sersor_definitive/mbed/TARGET_LPC1768/TOOLCHAIN_GCC_CR/libmbed.a(serial_api.o)
                0x0000168c                serial_format
 .text.serial_irq_handler
                0x00001704       0x20 /home/andrea/documents/dissertation_source_files/source_LPC1768/sorgenti_definitivi_lpc/lpc_bluetooth_sersor_definitive/mbed/TARGET_LPC1768/TOOLCHAIN_GCC_CR/libmbed.a(serial_api.o)
                0x00001704                serial_irq_handler
 .text.serial_irq_set
                0x00001724       0x20 /home/andrea/documents/dissertation_source_files/source_LPC1768/sorgenti_definitivi_lpc/lpc_bluetooth_sersor_definitive/mbed/TARGET_LPC1768/TOOLCHAIN_GCC_CR/libmbed.a(serial_api.o)
                0x00001724                serial_irq_set
 .text.serial_getc
                0x00001744       0x38 /home/andrea/documents/dissertation_source_files/source_LPC1768/sorgenti_definitivi_lpc/lpc_bluetooth_sersor_definitive/mbed/TARGET_LPC1768/TOOLCHAIN_GCC_CR/libmbed.a(serial_api.o)
                0x00001744                serial_getc
 .text.serial_readable
                0x0000177c        0xc /home/andrea/documents/dissertation_source_files/source_LPC1768/sorgenti_definitivi_lpc/lpc_bluetooth_sersor_definitive/mbed/TARGET_LPC1768/TOOLCHAIN_GCC_CR/libmbed.a(serial_api.o)
                0x0000177c                serial_readable
 .text.serial_writable
                0x00001788       0x74 /home/andrea/documents/dissertation_source_files/source_LPC1768/sorgenti_definitivi_lpc/lpc_bluetooth_sersor_definitive/mbed/TARGET_LPC1768/TOOLCHAIN_GCC_CR/libmbed.a(serial_api.o)
                0x00001788                serial_writable
 .text.serial_putc
                0x000017fc       0x34 /home/andrea/documents/dissertation_source_files/source_LPC1768/sorgenti_definitivi_lpc/lpc_bluetooth_sersor_definitive/mbed/TARGET_LPC1768/TOOLCHAIN_GCC_CR/libmbed.a(serial_api.o)
                0x000017fc                serial_putc
 .text.serial_set_flow_control
                0x00001830      0x12c /home/andrea/documents/dissertation_source_files/source_LPC1768/sorgenti_definitivi_lpc/lpc_bluetooth_sersor_definitive/mbed/TARGET_LPC1768/TOOLCHAIN_GCC_CR/libmbed.a(serial_api.o)
                0x00001830                serial_set_flow_control
 .text.serial_init
                0x0000195c      0x1bc /home/andrea/documents/dissertation_source_files/source_LPC1768/sorgenti_definitivi_lpc/lpc_bluetooth_sersor_definitive/mbed/TARGET_LPC1768/TOOLCHAIN_GCC_CR/libmbed.a(serial_api.o)
                0x0000195c                serial_init
 .text._ZN4mbed8FilePathC2EPKc
                0x00001b18       0x58 /home/andrea/documents/dissertation_source_files/source_LPC1768/sorgenti_definitivi_lpc/lpc_bluetooth_sersor_definitive/mbed/TARGET_LPC1768/TOOLCHAIN_GCC_CR/libmbed.a(FilePath.o)
                0x00001b18                mbed::FilePath::FilePath(char const*)
                0x00001b18                mbed::FilePath::FilePath(char const*)
 .text._ZN4mbed8FilePath8fileNameEv
                0x00001b70        0x4 /home/andrea/documents/dissertation_source_files/source_LPC1768/sorgenti_definitivi_lpc/lpc_bluetooth_sersor_definitive/mbed/TARGET_LPC1768/TOOLCHAIN_GCC_CR/libmbed.a(FilePath.o)
                0x00001b70                mbed::FilePath::fileName()
 .text._ZN4mbed8FilePath10fileSystemEv
                0x00001b74       0x18 /home/andrea/documents/dissertation_source_files/source_LPC1768/sorgenti_definitivi_lpc/lpc_bluetooth_sersor_definitive/mbed/TARGET_LPC1768/TOOLCHAIN_GCC_CR/libmbed.a(FilePath.o)
                0x00001b74                mbed::FilePath::fileSystem()
 .text._ZN4mbed8FilePath6isFileEv
                0x00001b8c       0x14 /home/andrea/documents/dissertation_source_files/source_LPC1768/sorgenti_definitivi_lpc/lpc_bluetooth_sersor_definitive/mbed/TARGET_LPC1768/TOOLCHAIN_GCC_CR/libmbed.a(FilePath.o)
                0x00001b8c                mbed::FilePath::isFile()
 .text._ZN4mbed8FilePath4fileEv
                0x00001ba0       0x1c /home/andrea/documents/dissertation_source_files/source_LPC1768/sorgenti_definitivi_lpc/lpc_bluetooth_sersor_definitive/mbed/TARGET_LPC1768/TOOLCHAIN_GCC_CR/libmbed.a(FilePath.o)
                0x00001ba0                mbed::FilePath::file()
 .text._ZN4mbed8FilePath6existsEv
                0x00001bbc        0xc /home/andrea/documents/dissertation_source_files/source_LPC1768/sorgenti_definitivi_lpc/lpc_bluetooth_sersor_definitive/mbed/TARGET_LPC1768/TOOLCHAIN_GCC_CR/libmbed.a(FilePath.o)
                0x00001bbc                mbed::FilePath::exists()
 .text._ZN4mbed6Serial5_getcEv
                0x00001bc8        0x4 /home/andrea/documents/dissertation_source_files/source_LPC1768/sorgenti_definitivi_lpc/lpc_bluetooth_sersor_definitive/mbed/TARGET_LPC1768/TOOLCHAIN_GCC_CR/libmbed.a(Serial.o)
                0x00001bc8                mbed::Serial::_getc()
 .text._ZThn64_N4mbed6Serial5_getcEv
                0x00001bcc        0x8 /home/andrea/documents/dissertation_source_files/source_LPC1768/sorgenti_definitivi_lpc/lpc_bluetooth_sersor_definitive/mbed/TARGET_LPC1768/TOOLCHAIN_GCC_CR/libmbed.a(Serial.o)
                0x00001bcc                non-virtual thunk to mbed::Serial::_getc()
 .text._ZN4mbed6Serial5_putcEi
                0x00001bd4        0x4 /home/andrea/documents/dissertation_source_files/source_LPC1768/sorgenti_definitivi_lpc/lpc_bluetooth_sersor_definitive/mbed/TARGET_LPC1768/TOOLCHAIN_GCC_CR/libmbed.a(Serial.o)
                0x00001bd4                mbed::Serial::_putc(int)
 .text._ZThn64_N4mbed6Serial5_putcEi
                0x00001bd8        0x8 /home/andrea/documents/dissertation_source_files/source_LPC1768/sorgenti_definitivi_lpc/lpc_bluetooth_sersor_definitive/mbed/TARGET_LPC1768/TOOLCHAIN_GCC_CR/libmbed.a(Serial.o)
                0x00001bd8                non-virtual thunk to mbed::Serial::_putc(int)
 .text._ZN4mbed6SerialC2E7PinNameS1_PKc
                0x00001be0       0x30 /home/andrea/documents/dissertation_source_files/source_LPC1768/sorgenti_definitivi_lpc/lpc_bluetooth_sersor_definitive/mbed/TARGET_LPC1768/TOOLCHAIN_GCC_CR/libmbed.a(Serial.o)
                0x00001be0                mbed::Serial::Serial(PinName, PinName, char const*)
                0x00001be0                mbed::Serial::Serial(PinName, PinName, char const*)
 .text._ZN4mbed10SerialBase12_irq_handlerEm9SerialIrq
                0x00001c10       0x28 /home/andrea/documents/dissertation_source_files/source_LPC1768/sorgenti_definitivi_lpc/lpc_bluetooth_sersor_definitive/mbed/TARGET_LPC1768/TOOLCHAIN_GCC_CR/libmbed.a(SerialBase.o)
                0x00001c10                mbed::SerialBase::_irq_handler(unsigned long, SerialIrq)
 .text._ZN4mbed10SerialBaseC2E7PinNameS1_
                0x00001c38       0x3c /home/andrea/documents/dissertation_source_files/source_LPC1768/sorgenti_definitivi_lpc/lpc_bluetooth_sersor_definitive/mbed/TARGET_LPC1768/TOOLCHAIN_GCC_CR/libmbed.a(SerialBase.o)
                0x00001c38                mbed::SerialBase::SerialBase(PinName, PinName)
                0x00001c38                mbed::SerialBase::SerialBase(PinName, PinName)
 .text._ZN4mbed10SerialBase4baudEi
                0x00001c74       0x10 /home/andrea/documents/dissertation_source_files/source_LPC1768/sorgenti_definitivi_lpc/lpc_bluetooth_sersor_definitive/mbed/TARGET_LPC1768/TOOLCHAIN_GCC_CR/libmbed.a(SerialBase.o)
                0x00001c74                mbed::SerialBase::baud(int)
 .text._ZN4mbed10SerialBase8readableEv
                0x00001c84        0x8 /home/andrea/documents/dissertation_source_files/source_LPC1768/sorgenti_definitivi_lpc/lpc_bluetooth_sersor_definitive/mbed/TARGET_LPC1768/TOOLCHAIN_GCC_CR/libmbed.a(SerialBase.o)
                0x00001c84                mbed::SerialBase::readable()
 .text._ZN4mbed10SerialBase6attachEPFvvENS0_7IrqTypeE
                0x00001c8c       0x30 /home/andrea/documents/dissertation_source_files/source_LPC1768/sorgenti_definitivi_lpc/lpc_bluetooth_sersor_definitive/mbed/TARGET_LPC1768/TOOLCHAIN_GCC_CR/libmbed.a(SerialBase.o)
                0x00001c8c                mbed::SerialBase::attach(void (*)(), mbed::SerialBase::IrqType)
 .text._ZN4mbed10SerialBase10_base_getcEv
                0x00001cbc        0x8 /home/andrea/documents/dissertation_source_files/source_LPC1768/sorgenti_definitivi_lpc/lpc_bluetooth_sersor_definitive/mbed/TARGET_LPC1768/TOOLCHAIN_GCC_CR/libmbed.a(SerialBase.o)
                0x00001cbc                mbed::SerialBase::_base_getc()
 .text._ZN4mbed10SerialBase10_base_putcEi
                0x00001cc4       0x10 /home/andrea/documents/dissertation_source_files/source_LPC1768/sorgenti_definitivi_lpc/lpc_bluetooth_sersor_definitive/mbed/TARGET_LPC1768/TOOLCHAIN_GCC_CR/libmbed.a(SerialBase.o)
                0x00001cc4                mbed::SerialBase::_base_putc(int)
 .text._ZN4mbed6Stream5closeEv
                0x00001cd4        0x4 /home/andrea/documents/dissertation_source_files/source_LPC1768/sorgenti_definitivi_lpc/lpc_bluetooth_sersor_definitive/mbed/TARGET_LPC1768/TOOLCHAIN_GCC_CR/libmbed.a(Stream.o)
                0x00001cd4                mbed::Stream::close()
 .text._ZN4mbed6Stream5writeEPKvj
                0x00001cd8       0x30 /home/andrea/documents/dissertation_source_files/source_LPC1768/sorgenti_definitivi_lpc/lpc_bluetooth_sersor_definitive/mbed/TARGET_LPC1768/TOOLCHAIN_GCC_CR/libmbed.a(Stream.o)
                0x00001cd8                mbed::Stream::write(void const*, unsigned int)
 .text._ZN4mbed6Stream4readEPvj
                0x00001d08       0x30 /home/andrea/documents/dissertation_source_files/source_LPC1768/sorgenti_definitivi_lpc/lpc_bluetooth_sersor_definitive/mbed/TARGET_LPC1768/TOOLCHAIN_GCC_CR/libmbed.a(Stream.o)
                0x00001d08                mbed::Stream::read(void*, unsigned int)
 .text._ZN4mbed6Stream5lseekEli
                0x00001d38        0x4 /home/andrea/documents/dissertation_source_files/source_LPC1768/sorgenti_definitivi_lpc/lpc_bluetooth_sersor_definitive/mbed/TARGET_LPC1768/TOOLCHAIN_GCC_CR/libmbed.a(Stream.o)
                0x00001d38                mbed::Stream::lseek(long, int)
 .text._ZN4mbed6Stream6isattyEv
                0x00001d3c        0x4 /home/andrea/documents/dissertation_source_files/source_LPC1768/sorgenti_definitivi_lpc/lpc_bluetooth_sersor_definitive/mbed/TARGET_LPC1768/TOOLCHAIN_GCC_CR/libmbed.a(Stream.o)
                0x00001d3c                mbed::Stream::isatty()
 .text._ZN4mbed6Stream5fsyncEv
                0x00001d40        0x4 /home/andrea/documents/dissertation_source_files/source_LPC1768/sorgenti_definitivi_lpc/lpc_bluetooth_sersor_definitive/mbed/TARGET_LPC1768/TOOLCHAIN_GCC_CR/libmbed.a(Stream.o)
                0x00001d40                mbed::Stream::fsync()
 .text._ZN4mbed6Stream4flenEv
                0x00001d44        0x4 /home/andrea/documents/dissertation_source_files/source_LPC1768/sorgenti_definitivi_lpc/lpc_bluetooth_sersor_definitive/mbed/TARGET_LPC1768/TOOLCHAIN_GCC_CR/libmbed.a(Stream.o)
                0x00001d44                mbed::Stream::flen()
 .text._ZN4mbed6StreamD2Ev
                0x00001d48       0x24 /home/andrea/documents/dissertation_source_files/source_LPC1768/sorgenti_definitivi_lpc/lpc_bluetooth_sersor_definitive/mbed/TARGET_LPC1768/TOOLCHAIN_GCC_CR/libmbed.a(Stream.o)
                0x00001d48                mbed::Stream::~Stream()
                0x00001d48                mbed::Stream::~Stream()
 .text._ZThn4_N4mbed6StreamD1Ev
                0x00001d6c        0x8 /home/andrea/documents/dissertation_source_files/source_LPC1768/sorgenti_definitivi_lpc/lpc_bluetooth_sersor_definitive/mbed/TARGET_LPC1768/TOOLCHAIN_GCC_CR/libmbed.a(Stream.o)
                0x00001d6c                non-virtual thunk to mbed::Stream::~Stream()
 .text._ZN4mbed6StreamD0Ev
                0x00001d74       0x14 /home/andrea/documents/dissertation_source_files/source_LPC1768/sorgenti_definitivi_lpc/lpc_bluetooth_sersor_definitive/mbed/TARGET_LPC1768/TOOLCHAIN_GCC_CR/libmbed.a(Stream.o)
                0x00001d74                mbed::Stream::~Stream()
 .text._ZThn4_N4mbed6StreamD0Ev
                0x00001d88        0x8 /home/andrea/documents/dissertation_source_files/source_LPC1768/sorgenti_definitivi_lpc/lpc_bluetooth_sersor_definitive/mbed/TARGET_LPC1768/TOOLCHAIN_GCC_CR/libmbed.a(Stream.o)
                0x00001d88                non-virtual thunk to mbed::Stream::~Stream()
 .text._ZN4mbed6StreamC2EPKc
                0x00001d90       0x44 /home/andrea/documents/dissertation_source_files/source_LPC1768/sorgenti_definitivi_lpc/lpc_bluetooth_sersor_definitive/mbed/TARGET_LPC1768/TOOLCHAIN_GCC_CR/libmbed.a(Stream.o)
                0x00001d90                mbed::Stream::Stream(char const*)
                0x00001d90                mbed::Stream::Stream(char const*)
 .text._ZN4mbed6Stream4putcEi
                0x00001dd4       0x18 /home/andrea/documents/dissertation_source_files/source_LPC1768/sorgenti_definitivi_lpc/lpc_bluetooth_sersor_definitive/mbed/TARGET_LPC1768/TOOLCHAIN_GCC_CR/libmbed.a(Stream.o)
                0x00001dd4                mbed::Stream::putc(int)
 .text._ZN4mbed6Stream4getcEv
                0x00001dec       0x14 /home/andrea/documents/dissertation_source_files/source_LPC1768/sorgenti_definitivi_lpc/lpc_bluetooth_sersor_definitive/mbed/TARGET_LPC1768/TOOLCHAIN_GCC_CR/libmbed.a(Stream.o)
                0x00001dec                mbed::Stream::getc()
 .text.mbed_assert_internal
                0x00001e00       0x2c /home/andrea/documents/dissertation_source_files/source_LPC1768/sorgenti_definitivi_lpc/lpc_bluetooth_sersor_definitive/mbed/TARGET_LPC1768/TOOLCHAIN_GCC_CR/libmbed.a(assert.o)
                0x00001e00                mbed_assert_internal
 .text.error    0x00001e2c       0x24 /home/andrea/documents/dissertation_source_files/source_LPC1768/sorgenti_definitivi_lpc/lpc_bluetooth_sersor_definitive/mbed/TARGET_LPC1768/TOOLCHAIN_GCC_CR/libmbed.a(error.o)
                0x00001e2c                error
 .text.gpio_init_in
                0x00001e50       0x24 /home/andrea/documents/dissertation_source_files/source_LPC1768/sorgenti_definitivi_lpc/lpc_bluetooth_sersor_definitive/mbed/TARGET_LPC1768/TOOLCHAIN_GCC_CR/libmbed.a(gpio.o)
                0x00001e50                gpio_init_in
 .text.gpio_init_out
                0x00001e74       0x44 /home/andrea/documents/dissertation_source_files/source_LPC1768/sorgenti_definitivi_lpc/lpc_bluetooth_sersor_definitive/mbed/TARGET_LPC1768/TOOLCHAIN_GCC_CR/libmbed.a(gpio.o)
                0x00001e74                gpio_init_out
 .text.gpio_init_out_ex
                0x00001eb8       0x54 /home/andrea/documents/dissertation_source_files/source_LPC1768/sorgenti_definitivi_lpc/lpc_bluetooth_sersor_definitive/mbed/TARGET_LPC1768/TOOLCHAIN_GCC_CR/libmbed.a(gpio.o)
                0x00001eb8                gpio_init_out_ex
 .text.pinmap_pinout
                0x00001f0c       0x40 /home/andrea/documents/dissertation_source_files/source_LPC1768/sorgenti_definitivi_lpc/lpc_bluetooth_sersor_definitive/mbed/TARGET_LPC1768/TOOLCHAIN_GCC_CR/libmbed.a(pinmap_common.o)
                0x00001f0c                pinmap_pinout
 .text.pinmap_merge
                0x00001f4c       0x24 /home/andrea/documents/dissertation_source_files/source_LPC1768/sorgenti_definitivi_lpc/lpc_bluetooth_sersor_definitive/mbed/TARGET_LPC1768/TOOLCHAIN_GCC_CR/libmbed.a(pinmap_common.o)
                0x00001f4c                pinmap_merge
 .text.pinmap_find_peripheral
                0x00001f70       0x1c /home/andrea/documents/dissertation_source_files/source_LPC1768/sorgenti_definitivi_lpc/lpc_bluetooth_sersor_definitive/mbed/TARGET_LPC1768/TOOLCHAIN_GCC_CR/libmbed.a(pinmap_common.o)
                0x00001f70                pinmap_find_peripheral
 .text.pinmap_peripheral
                0x00001f8c       0x34 /home/andrea/documents/dissertation_source_files/source_LPC1768/sorgenti_definitivi_lpc/lpc_bluetooth_sersor_definitive/mbed/TARGET_LPC1768/TOOLCHAIN_GCC_CR/libmbed.a(pinmap_common.o)
                0x00001f8c                pinmap_peripheral
 .text.mbed_interface_connected
                0x00001fc0        0x4 /home/andrea/documents/dissertation_source_files/source_LPC1768/sorgenti_definitivi_lpc/lpc_bluetooth_sersor_definitive/mbed/TARGET_LPC1768/TOOLCHAIN_GCC_CR/libmbed.a(mbed_interface.o)
                0x00001fc0                mbed_interface_connected
 .text.semihost_exit
                0x00001fc4       0x18 /home/andrea/documents/dissertation_source_files/source_LPC1768/sorgenti_definitivi_lpc/lpc_bluetooth_sersor_definitive/mbed/TARGET_LPC1768/TOOLCHAIN_GCC_CR/libmbed.a(semihost_api.o)
                0x00001fc4                semihost_exit
 .text.semihost_connected
                0x00001fdc       0x10 /home/andrea/documents/dissertation_source_files/source_LPC1768/sorgenti_definitivi_lpc/lpc_bluetooth_sersor_definitive/mbed/TARGET_LPC1768/TOOLCHAIN_GCC_CR/libmbed.a(semihost_api.o)
                0x00001fdc                semihost_connected
 .text.wait_us  0x00001fec       0x18 /home/andrea/documents/dissertation_source_files/source_LPC1768/sorgenti_definitivi_lpc/lpc_bluetooth_sersor_definitive/mbed/TARGET_LPC1768/TOOLCHAIN_GCC_CR/libmbed.a(wait_api.o)
                0x00001fec                wait_us
 .text.wait     0x00002004       0x18 /home/andrea/documents/dissertation_source_files/source_LPC1768/sorgenti_definitivi_lpc/lpc_bluetooth_sersor_definitive/mbed/TARGET_LPC1768/TOOLCHAIN_GCC_CR/libmbed.a(wait_api.o)
                0x00002004                wait
 .text.wait_ms  0x0000201c        0xc /home/andrea/documents/dissertation_source_files/source_LPC1768/sorgenti_definitivi_lpc/lpc_bluetooth_sersor_definitive/mbed/TARGET_LPC1768/TOOLCHAIN_GCC_CR/libmbed.a(wait_api.o)
                0x0000201c                wait_ms
 .text.gpio_set
                0x00002028       0x30 /home/andrea/documents/dissertation_source_files/source_LPC1768/sorgenti_definitivi_lpc/lpc_bluetooth_sersor_definitive/mbed/TARGET_LPC1768/TOOLCHAIN_GCC_CR/libmbed.a(gpio_api.o)
                0x00002028                gpio_set
 .text.gpio_init
                0x00002058       0x30 /home/andrea/documents/dissertation_source_files/source_LPC1768/sorgenti_definitivi_lpc/lpc_bluetooth_sersor_definitive/mbed/TARGET_LPC1768/TOOLCHAIN_GCC_CR/libmbed.a(gpio_api.o)
                0x00002058                gpio_init
 .text.gpio_mode
                0x00002088        0x8 /home/andrea/documents/dissertation_source_files/source_LPC1768/sorgenti_definitivi_lpc/lpc_bluetooth_sersor_definitive/mbed/TARGET_LPC1768/TOOLCHAIN_GCC_CR/libmbed.a(gpio_api.o)
                0x00002088                gpio_mode
 .text.gpio_dir
                0x00002090       0x44 /home/andrea/documents/dissertation_source_files/source_LPC1768/sorgenti_definitivi_lpc/lpc_bluetooth_sersor_definitive/mbed/TARGET_LPC1768/TOOLCHAIN_GCC_CR/libmbed.a(gpio_api.o)
                0x00002090                gpio_dir
 .text.pin_function
                0x000020d4       0x50 /home/andrea/documents/dissertation_source_files/source_LPC1768/sorgenti_definitivi_lpc/lpc_bluetooth_sersor_definitive/mbed/TARGET_LPC1768/TOOLCHAIN_GCC_CR/libmbed.a(pinmap.o)
                0x000020d4                pin_function
 .text.pin_mode
                0x00002124       0x78 /home/andrea/documents/dissertation_source_files/source_LPC1768/sorgenti_definitivi_lpc/lpc_bluetooth_sersor_definitive/mbed/TARGET_LPC1768/TOOLCHAIN_GCC_CR/libmbed.a(pinmap.o)
                0x00002124                pin_mode
 .text.us_ticker_init
                0x0000219c       0x68 /home/andrea/documents/dissertation_source_files/source_LPC1768/sorgenti_definitivi_lpc/lpc_bluetooth_sersor_definitive/mbed/TARGET_LPC1768/TOOLCHAIN_GCC_CR/libmbed.a(us_ticker.o)
                0x0000219c                us_ticker_init
 .text.us_ticker_read
                0x00002204       0x1c /home/andrea/documents/dissertation_source_files/source_LPC1768/sorgenti_definitivi_lpc/lpc_bluetooth_sersor_definitive/mbed/TARGET_LPC1768/TOOLCHAIN_GCC_CR/libmbed.a(us_ticker.o)
                0x00002204                us_ticker_read
 .text.us_ticker_set_interrupt
                0x00002220       0x14 /home/andrea/documents/dissertation_source_files/source_LPC1768/sorgenti_definitivi_lpc/lpc_bluetooth_sersor_definitive/mbed/TARGET_LPC1768/TOOLCHAIN_GCC_CR/libmbed.a(us_ticker.o)
                0x00002220                us_ticker_set_interrupt
 .text.us_ticker_disable_interrupt
                0x00002234       0x10 /home/andrea/documents/dissertation_source_files/source_LPC1768/sorgenti_definitivi_lpc/lpc_bluetooth_sersor_definitive/mbed/TARGET_LPC1768/TOOLCHAIN_GCC_CR/libmbed.a(us_ticker.o)
                0x00002234                us_ticker_disable_interrupt
 .text.us_ticker_clear_interrupt
                0x00002244        0xc /home/andrea/documents/dissertation_source_files/source_LPC1768/sorgenti_definitivi_lpc/lpc_bluetooth_sersor_definitive/mbed/TARGET_LPC1768/TOOLCHAIN_GCC_CR/libmbed.a(us_ticker.o)
                0x00002244                us_ticker_clear_interrupt
 .text._ZN4mbed8FileBaseD2Ev
                0x00002250       0x30 /home/andrea/documents/dissertation_source_files/source_LPC1768/sorgenti_definitivi_lpc/lpc_bluetooth_sersor_definitive/mbed/TARGET_LPC1768/TOOLCHAIN_GCC_CR/libmbed.a(FileBase.o)
                0x00002250                mbed::FileBase::~FileBase()
                0x00002250                mbed::FileBase::~FileBase()
 .text._ZN4mbed8FileBaseD0Ev
                0x00002280       0x3c /home/andrea/documents/dissertation_source_files/source_LPC1768/sorgenti_definitivi_lpc/lpc_bluetooth_sersor_definitive/mbed/TARGET_LPC1768/TOOLCHAIN_GCC_CR/libmbed.a(FileBase.o)
                0x00002280                mbed::FileBase::~FileBase()
 .text._ZN4mbed8FileBaseC2EPKcNS_8PathTypeE
                0x000022bc       0x28 /home/andrea/documents/dissertation_source_files/source_LPC1768/sorgenti_definitivi_lpc/lpc_bluetooth_sersor_definitive/mbed/TARGET_LPC1768/TOOLCHAIN_GCC_CR/libmbed.a(FileBase.o)
                0x000022bc                mbed::FileBase::FileBase(char const*, mbed::PathType)
                0x000022bc                mbed::FileBase::FileBase(char const*, mbed::PathType)
 .text._ZN4mbed8FileBase6lookupEPKcj
                0x000022e4       0x3c /home/andrea/documents/dissertation_source_files/source_LPC1768/sorgenti_definitivi_lpc/lpc_bluetooth_sersor_definitive/mbed/TARGET_LPC1768/TOOLCHAIN_GCC_CR/libmbed.a(FileBase.o)
                0x000022e4                mbed::FileBase::lookup(char const*, unsigned int)
 .text._ZN4mbed8FileBase11getPathTypeEv
                0x00002320        0x4 /home/andrea/documents/dissertation_source_files/source_LPC1768/sorgenti_definitivi_lpc/lpc_bluetooth_sersor_definitive/mbed/TARGET_LPC1768/TOOLCHAIN_GCC_CR/libmbed.a(FileBase.o)
                0x00002320                mbed::FileBase::getPathType()
 .text._ZN4mbed8FileLikeD2Ev
                0x00002324       0x24 /home/andrea/documents/dissertation_source_files/source_LPC1768/sorgenti_definitivi_lpc/lpc_bluetooth_sersor_definitive/mbed/TARGET_LPC1768/TOOLCHAIN_GCC_CR/libmbed.a(FileLike.o)
                0x00002324                mbed::FileLike::~FileLike()
                0x00002324                mbed::FileLike::~FileLike()
 .text._ZThn4_N4mbed8FileLikeD1Ev
                0x00002348        0x8 /home/andrea/documents/dissertation_source_files/source_LPC1768/sorgenti_definitivi_lpc/lpc_bluetooth_sersor_definitive/mbed/TARGET_LPC1768/TOOLCHAIN_GCC_CR/libmbed.a(FileLike.o)
                0x00002348                non-virtual thunk to mbed::FileLike::~FileLike()
 .text._ZN4mbed8FileLikeD0Ev
                0x00002350       0x2c /home/andrea/documents/dissertation_source_files/source_LPC1768/sorgenti_definitivi_lpc/lpc_bluetooth_sersor_definitive/mbed/TARGET_LPC1768/TOOLCHAIN_GCC_CR/libmbed.a(FileLike.o)
                0x00002350                mbed::FileLike::~FileLike()
 .text._ZThn4_N4mbed8FileLikeD0Ev
                0x0000237c        0x8 /home/andrea/documents/dissertation_source_files/source_LPC1768/sorgenti_definitivi_lpc/lpc_bluetooth_sersor_definitive/mbed/TARGET_LPC1768/TOOLCHAIN_GCC_CR/libmbed.a(FileLike.o)
                0x0000237c                non-virtual thunk to mbed::FileLike::~FileLike()
 .text._ZN4mbed8FileLikeC2EPKc
                0x00002384       0x28 /home/andrea/documents/dissertation_source_files/source_LPC1768/sorgenti_definitivi_lpc/lpc_bluetooth_sersor_definitive/mbed/TARGET_LPC1768/TOOLCHAIN_GCC_CR/libmbed.a(FileLike.o)
                0x00002384                mbed::FileLike::FileLike(char const*)
                0x00002384                mbed::FileLike::FileLike(char const*)
 .text.us_ticker_irq_handler
                0x000023ac        0xc /home/andrea/documents/dissertation_source_files/source_LPC1768/sorgenti_definitivi_lpc/lpc_bluetooth_sersor_definitive/mbed/TARGET_LPC1768/TOOLCHAIN_GCC_CR/libmbed.a(us_ticker_api.o)
                0x000023ac                us_ticker_irq_handler
 .text.ticker_irq_handler
                0x000023b8       0x48 /home/andrea/documents/dissertation_source_files/source_LPC1768/sorgenti_definitivi_lpc/lpc_bluetooth_sersor_definitive/mbed/TARGET_LPC1768/TOOLCHAIN_GCC_CR/libmbed.a(ticker_api.o)
                0x000023b8                ticker_irq_handler
 .text          0x00002400      0x370 /usr/local/lpcxpresso_7.7.2_379/lpcxpresso/tools/bin/../lib/gcc/arm-none-eabi/4.9.3/armv7-m/libgcc.a(_arm_addsubdf3.o)
                0x00002400                __aeabi_drsub
                0x00002408                __aeabi_dsub
                0x00002408                __subdf3
                0x0000240c                __adddf3
                0x0000240c                __aeabi_dadd
                0x00002684                __aeabi_ui2d
                0x00002684                __floatunsidf
                0x000026a4                __floatsidf
                0x000026a4                __aeabi_i2d
                0x000026c8                __extendsfdf2
                0x000026c8                __aeabi_f2d
                0x00002704                __aeabi_ul2d
                0x00002704                __floatundidf
                0x00002714                __floatdidf
                0x00002714                __aeabi_l2d
 .text          0x00002770      0x424 /usr/local/lpcxpresso_7.7.2_379/lpcxpresso/tools/bin/../lib/gcc/arm-none-eabi/4.9.3/armv7-m/libgcc.a(_arm_muldivdf3.o)
                0x00002770                __aeabi_dmul
                0x00002770                __muldf3
                0x000029c4                __aeabi_ddiv
                0x000029c4                __divdf3
 .text          0x00002b94       0xa0 /usr/local/lpcxpresso_7.7.2_379/lpcxpresso/tools/bin/../lib/gcc/arm-none-eabi/4.9.3/armv7-m/libgcc.a(_arm_truncdfsf2.o)
                0x00002b94                __aeabi_d2f
                0x00002b94                __truncdfsf2
 .text          0x00002c34      0x2a0 /usr/local/lpcxpresso_7.7.2_379/lpcxpresso/tools/bin/../lib/gcc/arm-none-eabi/4.9.3/armv7-m/libgcc.a(_arm_muldivsf3.o)
                0x00002c34                __mulsf3
                0x00002c34                __aeabi_fmul
                0x00002d9c                __divsf3
                0x00002d9c                __aeabi_fdiv
 .text          0x00002ed4       0x4c /usr/local/lpcxpresso_7.7.2_379/lpcxpresso/tools/bin/../lib/gcc/arm-none-eabi/4.9.3/armv7-m/libgcc.a(_arm_fixsfsi.o)
                0x00002ed4                __fixsfsi
                0x00002ed4                __aeabi_f2iz
 .text          0x00002f20       0x2c /usr/local/lpcxpresso_7.7.2_379/lpcxpresso/tools/bin/../lib/gcc/arm-none-eabi/4.9.3/armv7-m/libgcc.a(_aeabi_uldivmod.o)
                0x00002f20                __aeabi_uldivmod
 .text          0x00002f4c       0x60 /usr/local/lpcxpresso_7.7.2_379/lpcxpresso/tools/bin/../lib/gcc/arm-none-eabi/4.9.3/armv7-m/libgcc.a(bpabi.o)
                0x00002f4c                __gnu_ldivmod_helper
                0x00002f7c                __gnu_uldivmod_helper
 .text          0x00002fac        0x4 /usr/local/lpcxpresso_7.7.2_379/lpcxpresso/tools/bin/../lib/gcc/arm-none-eabi/4.9.3/armv7-m/libgcc.a(_dvmd_tls.o)
                0x00002fac                __aeabi_ldiv0
                0x00002fac                __aeabi_idiv0
 .text          0x00002fb0      0x2ac /usr/local/lpcxpresso_7.7.2_379/lpcxpresso/tools/bin/../lib/gcc/arm-none-eabi/4.9.3/armv7-m/libgcc.a(_divdi3.o)
                0x00002fb0                __divdi3
 .text          0x0000325c      0x270 /usr/local/lpcxpresso_7.7.2_379/lpcxpresso/tools/bin/../lib/gcc/arm-none-eabi/4.9.3/armv7-m/libgcc.a(_udivdi3.o)
                0x0000325c                __udivdi3
 .text.abs      0x000034cc        0x8 /usr/local/lpcxpresso_7.7.2_379/lpcxpresso/tools/bin/../lib/gcc/arm-none-eabi/4.9.3/../../../../arm-none-eabi/lib/armv7-m/libc.a(lib_a-abs.o)
                0x000034cc                abs
 .text.__errno  0x000034d4        0xc /usr/local/lpcxpresso_7.7.2_379/lpcxpresso/tools/bin/../lib/gcc/arm-none-eabi/4.9.3/../../../../arm-none-eabi/lib/armv7-m/libc.a(lib_a-errno.o)
                0x000034d4                __errno
 .text._fclose_r
                0x000034e0       0x84 /usr/local/lpcxpresso_7.7.2_379/lpcxpresso/tools/bin/../lib/gcc/arm-none-eabi/4.9.3/../../../../arm-none-eabi/lib/armv7-m/libc.a(lib_a-fclose.o)
                0x000034e0                _fclose_r
 .text.fclose   0x00003564       0x10 /usr/local/lpcxpresso_7.7.2_379/lpcxpresso/tools/bin/../lib/gcc/arm-none-eabi/4.9.3/../../../../arm-none-eabi/lib/armv7-m/libc.a(lib_a-fclose.o)
                0x00003564                fclose
 .text.__sflush_r
                0x00003574      0x148 /usr/local/lpcxpresso_7.7.2_379/lpcxpresso/tools/bin/../lib/gcc/arm-none-eabi/4.9.3/../../../../arm-none-eabi/lib/armv7-m/libc.a(lib_a-fflush.o)
                0x00003574                __sflush_r
 .text._fflush_r
                0x000036bc       0x2c /usr/local/lpcxpresso_7.7.2_379/lpcxpresso/tools/bin/../lib/gcc/arm-none-eabi/4.9.3/../../../../arm-none-eabi/lib/armv7-m/libc.a(lib_a-fflush.o)
                0x000036bc                _fflush_r
 .text.fflush   0x000036e8       0x24 /usr/local/lpcxpresso_7.7.2_379/lpcxpresso/tools/bin/../lib/gcc/arm-none-eabi/4.9.3/../../../../arm-none-eabi/lib/armv7-m/libc.a(lib_a-fflush.o)
                0x000036e8                fflush
 .text.fgetc    0x0000370c       0x3c /usr/local/lpcxpresso_7.7.2_379/lpcxpresso/tools/bin/../lib/gcc/arm-none-eabi/4.9.3/../../../../arm-none-eabi/lib/armv7-m/libc.a(lib_a-fgetc.o)
                0x0000370c                fgetc
 .text._cleanup_r
                0x00003748        0xc /usr/local/lpcxpresso_7.7.2_379/lpcxpresso/tools/bin/../lib/gcc/arm-none-eabi/4.9.3/../../../../arm-none-eabi/lib/armv7-m/libc.a(lib_a-findfp.o)
                0x00003748                _cleanup_r
 .text.__sinit.part.1
                0x00003754       0xf0 /usr/local/lpcxpresso_7.7.2_379/lpcxpresso/tools/bin/../lib/gcc/arm-none-eabi/4.9.3/../../../../arm-none-eabi/lib/armv7-m/libc.a(lib_a-findfp.o)
 .text.__sfmoreglue
                0x00003844       0x30 /usr/local/lpcxpresso_7.7.2_379/lpcxpresso/tools/bin/../lib/gcc/arm-none-eabi/4.9.3/../../../../arm-none-eabi/lib/armv7-m/libc.a(lib_a-findfp.o)
                0x00003844                __sfmoreglue
 .text.__sfp    0x00003874       0x88 /usr/local/lpcxpresso_7.7.2_379/lpcxpresso/tools/bin/../lib/gcc/arm-none-eabi/4.9.3/../../../../arm-none-eabi/lib/armv7-m/libc.a(lib_a-findfp.o)
                0x00003874                __sfp
 .text.__sinit  0x000038fc        0xc /usr/local/lpcxpresso_7.7.2_379/lpcxpresso/tools/bin/../lib/gcc/arm-none-eabi/4.9.3/../../../../arm-none-eabi/lib/armv7-m/libc.a(lib_a-findfp.o)
                0x000038fc                __sinit
 .text.__sfp_lock_acquire
                0x00003908        0x4 /usr/local/lpcxpresso_7.7.2_379/lpcxpresso/tools/bin/../lib/gcc/arm-none-eabi/4.9.3/../../../../arm-none-eabi/lib/armv7-m/libc.a(lib_a-findfp.o)
                0x00003908                __sfp_lock_acquire
 .text.__sfp_lock_release
                0x0000390c        0x4 /usr/local/lpcxpresso_7.7.2_379/lpcxpresso/tools/bin/../lib/gcc/arm-none-eabi/4.9.3/../../../../arm-none-eabi/lib/armv7-m/libc.a(lib_a-findfp.o)
                0x0000390c                __sfp_lock_release
 .text._fopen_r
                0x00003910       0x88 /usr/local/lpcxpresso_7.7.2_379/lpcxpresso/tools/bin/../lib/gcc/arm-none-eabi/4.9.3/../../../../arm-none-eabi/lib/armv7-m/libc.a(lib_a-fopen.o)
                0x00003910                _fopen_r
 .text.fopen    0x00003998       0x10 /usr/local/lpcxpresso_7.7.2_379/lpcxpresso/tools/bin/../lib/gcc/arm-none-eabi/4.9.3/../../../../arm-none-eabi/lib/armv7-m/libc.a(lib_a-fopen.o)
                0x00003998                fopen
 .text.fprintf  0x000039a8       0x28 /usr/local/lpcxpresso_7.7.2_379/lpcxpresso/tools/bin/../lib/gcc/arm-none-eabi/4.9.3/../../../../arm-none-eabi/lib/armv7-m/libc.a(lib_a-fprintf.o)
                0x000039a8                fprintf
 .text.fputc    0x000039d0       0x28 /usr/local/lpcxpresso_7.7.2_379/lpcxpresso/tools/bin/../lib/gcc/arm-none-eabi/4.9.3/../../../../arm-none-eabi/lib/armv7-m/libc.a(lib_a-fputc.o)
                0x000039d0                fputc
 .text._malloc_trim_r
                0x000039f8       0x9c /usr/local/lpcxpresso_7.7.2_379/lpcxpresso/tools/bin/../lib/gcc/arm-none-eabi/4.9.3/../../../../arm-none-eabi/lib/armv7-m/libc.a(lib_a-freer.o)
                0x000039f8                _malloc_trim_r
 .text._free_r  0x00003a94      0x1b0 /usr/local/lpcxpresso_7.7.2_379/lpcxpresso/tools/bin/../lib/gcc/arm-none-eabi/4.9.3/../../../../arm-none-eabi/lib/armv7-m/libc.a(lib_a-freer.o)
                0x00003a94                _free_r
 .text._fseek_r
                0x00003c44        0x4 /usr/local/lpcxpresso_7.7.2_379/lpcxpresso/tools/bin/../lib/gcc/arm-none-eabi/4.9.3/../../../../arm-none-eabi/lib/armv7-m/libc.a(lib_a-fseek.o)
                0x00003c44                _fseek_r
 .text._fseeko_r
                0x00003c48      0x2c0 /usr/local/lpcxpresso_7.7.2_379/lpcxpresso/tools/bin/../lib/gcc/arm-none-eabi/4.9.3/../../../../arm-none-eabi/lib/armv7-m/libc.a(lib_a-fseeko.o)
                0x00003c48                _fseeko_r
 .text._fstat_r
                0x00003f08       0x28 /usr/local/lpcxpresso_7.7.2_379/lpcxpresso/tools/bin/../lib/gcc/arm-none-eabi/4.9.3/../../../../arm-none-eabi/lib/armv7-m/libc.a(lib_a-fstatr.o)
                0x00003f08                _fstat_r
 .text.__sfvwrite_r
                0x00003f30      0x320 /usr/local/lpcxpresso_7.7.2_379/lpcxpresso/tools/bin/../lib/gcc/arm-none-eabi/4.9.3/../../../../arm-none-eabi/lib/armv7-m/libc.a(lib_a-fvwrite.o)
                0x00003f30                __sfvwrite_r
 .text._fwalk   0x00004250       0x48 /usr/local/lpcxpresso_7.7.2_379/lpcxpresso/tools/bin/../lib/gcc/arm-none-eabi/4.9.3/../../../../arm-none-eabi/lib/armv7-m/libc.a(lib_a-fwalk.o)
                0x00004250                _fwalk
 .text._fwalk_reent
                0x00004298       0x50 /usr/local/lpcxpresso_7.7.2_379/lpcxpresso/tools/bin/../lib/gcc/arm-none-eabi/4.9.3/../../../../arm-none-eabi/lib/armv7-m/libc.a(lib_a-fwalk.o)
                0x00004298                _fwalk_reent
 .text.__libc_init_array
                0x000042e8       0x50 /usr/local/lpcxpresso_7.7.2_379/lpcxpresso/tools/bin/../lib/gcc/arm-none-eabi/4.9.3/../../../../arm-none-eabi/lib/armv7-m/libc.a(lib_a-init.o)
                0x000042e8                __libc_init_array
 .text.__smakebuf_r
                0x00004338       0xe0 /usr/local/lpcxpresso_7.7.2_379/lpcxpresso/tools/bin/../lib/gcc/arm-none-eabi/4.9.3/../../../../arm-none-eabi/lib/armv7-m/libc.a(lib_a-makebuf.o)
                0x00004338                __smakebuf_r
 .text.malloc   0x00004418       0x10 /usr/local/lpcxpresso_7.7.2_379/lpcxpresso/tools/bin/../lib/gcc/arm-none-eabi/4.9.3/../../../../arm-none-eabi/lib/armv7-m/libc.a(lib_a-malloc.o)
                0x00004418                malloc
 .text.free     0x00004428       0x10 /usr/local/lpcxpresso_7.7.2_379/lpcxpresso/tools/bin/../lib/gcc/arm-none-eabi/4.9.3/../../../../arm-none-eabi/lib/armv7-m/libc.a(lib_a-malloc.o)
                0x00004428                free
 .text._malloc_r
                0x00004438      0x504 /usr/local/lpcxpresso_7.7.2_379/lpcxpresso/tools/bin/../lib/gcc/arm-none-eabi/4.9.3/../../../../arm-none-eabi/lib/armv7-m/libc.a(lib_a-mallocr.o)
                0x00004438                _malloc_r
 .text.memchr   0x0000493c       0x94 /usr/local/lpcxpresso_7.7.2_379/lpcxpresso/tools/bin/../lib/gcc/arm-none-eabi/4.9.3/../../../../arm-none-eabi/lib/armv7-m/libc.a(lib_a-memchr.o)
                0x0000493c                memchr
 .text          0x000049d0       0xec /usr/local/lpcxpresso_7.7.2_379/lpcxpresso/tools/bin/../lib/gcc/arm-none-eabi/4.9.3/../../../../arm-none-eabi/lib/armv7-m/libc.a(lib_a-memcpy.o)
                0x000049d0                memcpy
 .text.memmove  0x00004abc       0xc8 /usr/local/lpcxpresso_7.7.2_379/lpcxpresso/tools/bin/../lib/gcc/arm-none-eabi/4.9.3/../../../../arm-none-eabi/lib/armv7-m/libc.a(lib_a-memmove.o)
                0x00004abc                memmove
 .text.memset   0x00004b84       0x9c /usr/local/lpcxpresso_7.7.2_379/lpcxpresso/tools/bin/../lib/gcc/arm-none-eabi/4.9.3/../../../../arm-none-eabi/lib/armv7-m/libc.a(lib_a-memset.o)
                0x00004b84                memset
 .text.__malloc_lock
                0x00004c20        0x4 /usr/local/lpcxpresso_7.7.2_379/lpcxpresso/tools/bin/../lib/gcc/arm-none-eabi/4.9.3/../../../../arm-none-eabi/lib/armv7-m/libc.a(lib_a-mlock.o)
                0x00004c20                __malloc_lock
 .text.__malloc_unlock
                0x00004c24        0x4 /usr/local/lpcxpresso_7.7.2_379/lpcxpresso/tools/bin/../lib/gcc/arm-none-eabi/4.9.3/../../../../arm-none-eabi/lib/armv7-m/libc.a(lib_a-mlock.o)
                0x00004c24                __malloc_unlock
 .text._open_r  0x00004c28       0x28 /usr/local/lpcxpresso_7.7.2_379/lpcxpresso/tools/bin/../lib/gcc/arm-none-eabi/4.9.3/../../../../arm-none-eabi/lib/armv7-m/libc.a(lib_a-openr.o)
                0x00004c28                _open_r
 .text._putc_r  0x00004c50       0x58 /usr/local/lpcxpresso_7.7.2_379/lpcxpresso/tools/bin/../lib/gcc/arm-none-eabi/4.9.3/../../../../arm-none-eabi/lib/armv7-m/libc.a(lib_a-putc.o)
                0x00004c50                _putc_r
 .text._realloc_r
                0x00004ca8      0x3e0 /usr/local/lpcxpresso_7.7.2_379/lpcxpresso/tools/bin/../lib/gcc/arm-none-eabi/4.9.3/../../../../arm-none-eabi/lib/armv7-m/libc.a(lib_a-reallocr.o)
                0x00004ca8                _realloc_r
 .text.lflush   0x00005088       0x14 /usr/local/lpcxpresso_7.7.2_379/lpcxpresso/tools/bin/../lib/gcc/arm-none-eabi/4.9.3/../../../../arm-none-eabi/lib/armv7-m/libc.a(lib_a-refill.o)
 .text.__srefill_r
                0x0000509c      0x110 /usr/local/lpcxpresso_7.7.2_379/lpcxpresso/tools/bin/../lib/gcc/arm-none-eabi/4.9.3/../../../../arm-none-eabi/lib/armv7-m/libc.a(lib_a-refill.o)
                0x0000509c                __srefill_r
 .text.__srget_r
                0x000051ac       0x34 /usr/local/lpcxpresso_7.7.2_379/lpcxpresso/tools/bin/../lib/gcc/arm-none-eabi/4.9.3/../../../../arm-none-eabi/lib/armv7-m/libc.a(lib_a-rget.o)
                0x000051ac                __srget_r
 .text._sbrk_r  0x000051e0       0x24 /usr/local/lpcxpresso_7.7.2_379/lpcxpresso/tools/bin/../lib/gcc/arm-none-eabi/4.9.3/../../../../arm-none-eabi/lib/armv7-m/libc.a(lib_a-sbrkr.o)
                0x000051e0                _sbrk_r
 .text.setbuf   0x00005204       0x10 /usr/local/lpcxpresso_7.7.2_379/lpcxpresso/tools/bin/../lib/gcc/arm-none-eabi/4.9.3/../../../../arm-none-eabi/lib/armv7-m/libc.a(lib_a-setbuf.o)
                0x00005204                setbuf
 .text.setvbuf  0x00005214       0xf8 /usr/local/lpcxpresso_7.7.2_379/lpcxpresso/tools/bin/../lib/gcc/arm-none-eabi/4.9.3/../../../../arm-none-eabi/lib/armv7-m/libc.a(lib_a-setvbuf.o)
                0x00005214                setvbuf
 .text.sprintf  0x0000530c       0x4c /usr/local/lpcxpresso_7.7.2_379/lpcxpresso/tools/bin/../lib/gcc/arm-none-eabi/4.9.3/../../../../arm-none-eabi/lib/armv7-m/libc.a(lib_a-sprintf.o)
                0x0000530c                sprintf
 .text.sscanf   0x00005358       0x58 /usr/local/lpcxpresso_7.7.2_379/lpcxpresso/tools/bin/../lib/gcc/arm-none-eabi/4.9.3/../../../../arm-none-eabi/lib/armv7-m/libc.a(lib_a-sscanf.o)
                0x00005358                sscanf
 .text.__sread  0x000053b0       0x24 /usr/local/lpcxpresso_7.7.2_379/lpcxpresso/tools/bin/../lib/gcc/arm-none-eabi/4.9.3/../../../../arm-none-eabi/lib/armv7-m/libc.a(lib_a-stdio.o)
                0x000053b0                __sread
 .text.__seofread
                0x000053d4        0x4 /usr/local/lpcxpresso_7.7.2_379/lpcxpresso/tools/bin/../lib/gcc/arm-none-eabi/4.9.3/../../../../arm-none-eabi/lib/armv7-m/libc.a(lib_a-stdio.o)
                0x000053d4                __seofread
 .text.__swrite
                0x000053d8       0x38 /usr/local/lpcxpresso_7.7.2_379/lpcxpresso/tools/bin/../lib/gcc/arm-none-eabi/4.9.3/../../../../arm-none-eabi/lib/armv7-m/libc.a(lib_a-stdio.o)
                0x000053d8                __swrite
 .text.__sseek  0x00005410       0x20 /usr/local/lpcxpresso_7.7.2_379/lpcxpresso/tools/bin/../lib/gcc/arm-none-eabi/4.9.3/../../../../arm-none-eabi/lib/armv7-m/libc.a(lib_a-stdio.o)
                0x00005410                __sseek
 .text.__sclose
                0x00005430        0x8 /usr/local/lpcxpresso_7.7.2_379/lpcxpresso/tools/bin/../lib/gcc/arm-none-eabi/4.9.3/../../../../arm-none-eabi/lib/armv7-m/libc.a(lib_a-stdio.o)
                0x00005430                __sclose
 .text          0x00005438      0x1bc /usr/local/lpcxpresso_7.7.2_379/lpcxpresso/tools/bin/../lib/gcc/arm-none-eabi/4.9.3/../../../../arm-none-eabi/lib/armv7-m/libc.a(lib_a-strcmp.o)
                0x00005438                strcmp
 .text.strlen   0x000055f4       0x5c /usr/local/lpcxpresso_7.7.2_379/lpcxpresso/tools/bin/../lib/gcc/arm-none-eabi/4.9.3/../../../../arm-none-eabi/lib/armv7-m/libc.a(lib_a-strlen.o)
                0x000055f4                strlen
 .text.strncmp  0x00005650       0x94 /usr/local/lpcxpresso_7.7.2_379/lpcxpresso/tools/bin/../lib/gcc/arm-none-eabi/4.9.3/../../../../arm-none-eabi/lib/armv7-m/libc.a(lib_a-strncmp.o)
                0x00005650                strncmp
 .text._svfprintf_r
                0x000056e4     0x14f4 /usr/local/lpcxpresso_7.7.2_379/lpcxpresso/tools/bin/../lib/gcc/arm-none-eabi/4.9.3/../../../../arm-none-eabi/lib/armv7-m/libc.a(lib_a-svfprintf.o)
                0x000056e4                _svfprintf_r
 .text.__ssvfscanf_r
                0x00006bd8      0xdf4 /usr/local/lpcxpresso_7.7.2_379/lpcxpresso/tools/bin/../lib/gcc/arm-none-eabi/4.9.3/../../../../arm-none-eabi/lib/armv7-m/libc.a(lib_a-svfscanf.o)
                0x00006bd8                __ssvfscanf_r
 .text._vfprintf_r
                0x000079cc     0x1448 /usr/local/lpcxpresso_7.7.2_379/lpcxpresso/tools/bin/../lib/gcc/arm-none-eabi/4.9.3/../../../../arm-none-eabi/lib/armv7-m/libc.a(lib_a-vfprintf.o)
                0x000079cc                _vfprintf_r
 .text.vfprintf
                0x00008e14       0x18 /usr/local/lpcxpresso_7.7.2_379/lpcxpresso/tools/bin/../lib/gcc/arm-none-eabi/4.9.3/../../../../arm-none-eabi/lib/armv7-m/libc.a(lib_a-vfprintf.o)
                0x00008e14                vfprintf
 .text.__sbprintf
                0x00008e2c       0x7c /usr/local/lpcxpresso_7.7.2_379/lpcxpresso/tools/bin/../lib/gcc/arm-none-eabi/4.9.3/../../../../arm-none-eabi/lib/armv7-m/libc.a(lib_a-vfprintf.o)
 .text.__swbuf_r
                0x00008ea8       0xa8 /usr/local/lpcxpresso_7.7.2_379/lpcxpresso/tools/bin/../lib/gcc/arm-none-eabi/4.9.3/../../../../arm-none-eabi/lib/armv7-m/libc.a(lib_a-wbuf.o)
                0x00008ea8                __swbuf_r
 .text._write_r
                0x00008f50       0x28 /usr/local/lpcxpresso_7.7.2_379/lpcxpresso/tools/bin/../lib/gcc/arm-none-eabi/4.9.3/../../../../arm-none-eabi/lib/armv7-m/libc.a(lib_a-writer.o)
                0x00008f50                _write_r
 .text.__swsetup_r
                0x00008f78       0xc4 /usr/local/lpcxpresso_7.7.2_379/lpcxpresso/tools/bin/../lib/gcc/arm-none-eabi/4.9.3/../../../../arm-none-eabi/lib/armv7-m/libc.a(lib_a-wsetup.o)
                0x00008f78                __swsetup_r
 .text._close_r
                0x0000903c       0x24 /usr/local/lpcxpresso_7.7.2_379/lpcxpresso/tools/bin/../lib/gcc/arm-none-eabi/4.9.3/../../../../arm-none-eabi/lib/armv7-m/libc.a(lib_a-closer.o)
                0x0000903c                _close_r
 .text.quorem   0x00009060      0x130 /usr/local/lpcxpresso_7.7.2_379/lpcxpresso/tools/bin/../lib/gcc/arm-none-eabi/4.9.3/../../../../arm-none-eabi/lib/armv7-m/libc.a(lib_a-dtoa.o)
 .text._dtoa_r  0x00009190      0xea8 /usr/local/lpcxpresso_7.7.2_379/lpcxpresso/tools/bin/../lib/gcc/arm-none-eabi/4.9.3/../../../../arm-none-eabi/lib/armv7-m/libc.a(lib_a-dtoa.o)
                0x00009190                _dtoa_r
 .text.__sflags
                0x0000a038       0x74 /usr/local/lpcxpresso_7.7.2_379/lpcxpresso/tools/bin/../lib/gcc/arm-none-eabi/4.9.3/../../../../arm-none-eabi/lib/armv7-m/libc.a(lib_a-flags.o)
                0x0000a038                __sflags
 .text._isatty_r
                0x0000a0ac       0x24 /usr/local/lpcxpresso_7.7.2_379/lpcxpresso/tools/bin/../lib/gcc/arm-none-eabi/4.9.3/../../../../arm-none-eabi/lib/armv7-m/libc.a(lib_a-isattyr.o)
                0x0000a0ac                _isatty_r
 .text.iswspace
                0x0000a0d0       0x1c /usr/local/lpcxpresso_7.7.2_379/lpcxpresso/tools/bin/../lib/gcc/arm-none-eabi/4.9.3/../../../../arm-none-eabi/lib/armv7-m/libc.a(lib_a-iswspace.o)
                0x0000a0d0                iswspace
 .text.__locale_charset
                0x0000a0ec        0x8 /usr/local/lpcxpresso_7.7.2_379/lpcxpresso/tools/bin/../lib/gcc/arm-none-eabi/4.9.3/../../../../arm-none-eabi/lib/armv7-m/libc.a(lib_a-locale.o)
                0x0000a0ec                __locale_charset
 .text.__locale_mb_cur_max
                0x0000a0f4        0xc /usr/local/lpcxpresso_7.7.2_379/lpcxpresso/tools/bin/../lib/gcc/arm-none-eabi/4.9.3/../../../../arm-none-eabi/lib/armv7-m/libc.a(lib_a-locale.o)
                0x0000a0f4                __locale_mb_cur_max
 .text._localeconv_r
                0x0000a100        0x8 /usr/local/lpcxpresso_7.7.2_379/lpcxpresso/tools/bin/../lib/gcc/arm-none-eabi/4.9.3/../../../../arm-none-eabi/lib/armv7-m/libc.a(lib_a-locale.o)
                0x0000a100                _localeconv_r
 .text._lseek_r
                0x0000a108       0x28 /usr/local/lpcxpresso_7.7.2_379/lpcxpresso/tools/bin/../lib/gcc/arm-none-eabi/4.9.3/../../../../arm-none-eabi/lib/armv7-m/libc.a(lib_a-lseekr.o)
                0x0000a108                _lseek_r
 .text._mbrtowc_r
                0x0000a130       0x5c /usr/local/lpcxpresso_7.7.2_379/lpcxpresso/tools/bin/../lib/gcc/arm-none-eabi/4.9.3/../../../../arm-none-eabi/lib/armv7-m/libc.a(lib_a-mbrtowc.o)
                0x0000a130                _mbrtowc_r
 .text.__ascii_mbtowc
                0x0000a18c       0x2c /usr/local/lpcxpresso_7.7.2_379/lpcxpresso/tools/bin/../lib/gcc/arm-none-eabi/4.9.3/../../../../arm-none-eabi/lib/armv7-m/libc.a(lib_a-mbtowc_r.o)
                0x0000a18c                __ascii_mbtowc
 .text._Balloc  0x0000a1b8       0x50 /usr/local/lpcxpresso_7.7.2_379/lpcxpresso/tools/bin/../lib/gcc/arm-none-eabi/4.9.3/../../../../arm-none-eabi/lib/armv7-m/libc.a(lib_a-mprec.o)
                0x0000a1b8                _Balloc
 .text._Bfree   0x0000a208       0x14 /usr/local/lpcxpresso_7.7.2_379/lpcxpresso/tools/bin/../lib/gcc/arm-none-eabi/4.9.3/../../../../arm-none-eabi/lib/armv7-m/libc.a(lib_a-mprec.o)
                0x0000a208                _Bfree
 .text.__multadd
                0x0000a21c       0x84 /usr/local/lpcxpresso_7.7.2_379/lpcxpresso/tools/bin/../lib/gcc/arm-none-eabi/4.9.3/../../../../arm-none-eabi/lib/armv7-m/libc.a(lib_a-mprec.o)
                0x0000a21c                __multadd
 .text.__s2b    0x0000a2a0       0x98 /usr/local/lpcxpresso_7.7.2_379/lpcxpresso/tools/bin/../lib/gcc/arm-none-eabi/4.9.3/../../../../arm-none-eabi/lib/armv7-m/libc.a(lib_a-mprec.o)
                0x0000a2a0                __s2b
 .text.__hi0bits
                0x0000a338       0x40 /usr/local/lpcxpresso_7.7.2_379/lpcxpresso/tools/bin/../lib/gcc/arm-none-eabi/4.9.3/../../../../arm-none-eabi/lib/armv7-m/libc.a(lib_a-mprec.o)
                0x0000a338                __hi0bits
 .text.__lo0bits
                0x0000a378       0x5c /usr/local/lpcxpresso_7.7.2_379/lpcxpresso/tools/bin/../lib/gcc/arm-none-eabi/4.9.3/../../../../arm-none-eabi/lib/armv7-m/libc.a(lib_a-mprec.o)
                0x0000a378                __lo0bits
 .text.__i2b    0x0000a3d4       0x14 /usr/local/lpcxpresso_7.7.2_379/lpcxpresso/tools/bin/../lib/gcc/arm-none-eabi/4.9.3/../../../../arm-none-eabi/lib/armv7-m/libc.a(lib_a-mprec.o)
                0x0000a3d4                __i2b
 .text.__multiply
                0x0000a3e8      0x140 /usr/local/lpcxpresso_7.7.2_379/lpcxpresso/tools/bin/../lib/gcc/arm-none-eabi/4.9.3/../../../../arm-none-eabi/lib/armv7-m/libc.a(lib_a-mprec.o)
                0x0000a3e8                __multiply
 .text.__pow5mult
                0x0000a528       0xa0 /usr/local/lpcxpresso_7.7.2_379/lpcxpresso/tools/bin/../lib/gcc/arm-none-eabi/4.9.3/../../../../arm-none-eabi/lib/armv7-m/libc.a(lib_a-mprec.o)
                0x0000a528                __pow5mult
 .text.__lshift
                0x0000a5c8       0xb0 /usr/local/lpcxpresso_7.7.2_379/lpcxpresso/tools/bin/../lib/gcc/arm-none-eabi/4.9.3/../../../../arm-none-eabi/lib/armv7-m/libc.a(lib_a-mprec.o)
                0x0000a5c8                __lshift
 .text.__mcmp   0x0000a678       0x48 /usr/local/lpcxpresso_7.7.2_379/lpcxpresso/tools/bin/../lib/gcc/arm-none-eabi/4.9.3/../../../../arm-none-eabi/lib/armv7-m/libc.a(lib_a-mprec.o)
                0x0000a678                __mcmp
 .text.__mdiff  0x0000a6c0       0xe4 /usr/local/lpcxpresso_7.7.2_379/lpcxpresso/tools/bin/../lib/gcc/arm-none-eabi/4.9.3/../../../../arm-none-eabi/lib/armv7-m/libc.a(lib_a-mprec.o)
                0x0000a6c0                __mdiff
 .text.__ulp    0x0000a7a4       0x44 /usr/local/lpcxpresso_7.7.2_379/lpcxpresso/tools/bin/../lib/gcc/arm-none-eabi/4.9.3/../../../../arm-none-eabi/lib/armv7-m/libc.a(lib_a-mprec.o)
                0x0000a7a4                __ulp
 .text.__b2d    0x0000a7e8       0xd0 /usr/local/lpcxpresso_7.7.2_379/lpcxpresso/tools/bin/../lib/gcc/arm-none-eabi/4.9.3/../../../../arm-none-eabi/lib/armv7-m/libc.a(lib_a-mprec.o)
                0x0000a7e8                __b2d
 .text.__d2b    0x0000a8b8       0xa8 /usr/local/lpcxpresso_7.7.2_379/lpcxpresso/tools/bin/../lib/gcc/arm-none-eabi/4.9.3/../../../../arm-none-eabi/lib/armv7-m/libc.a(lib_a-mprec.o)
                0x0000a8b8                __d2b
 .text.__ratio  0x0000a960       0x58 /usr/local/lpcxpresso_7.7.2_379/lpcxpresso/tools/bin/../lib/gcc/arm-none-eabi/4.9.3/../../../../arm-none-eabi/lib/armv7-m/libc.a(lib_a-mprec.o)
                0x0000a960                __ratio
 .text.__copybits
                0x0000a9b8       0x48 /usr/local/lpcxpresso_7.7.2_379/lpcxpresso/tools/bin/../lib/gcc/arm-none-eabi/4.9.3/../../../../arm-none-eabi/lib/armv7-m/libc.a(lib_a-mprec.o)
                0x0000a9b8                __copybits
 .text.__any_on
                0x0000aa00       0x5c /usr/local/lpcxpresso_7.7.2_379/lpcxpresso/tools/bin/../lib/gcc/arm-none-eabi/4.9.3/../../../../arm-none-eabi/lib/armv7-m/libc.a(lib_a-mprec.o)
                0x0000aa00                __any_on
 .text._read_r  0x0000aa5c       0x28 /usr/local/lpcxpresso_7.7.2_379/lpcxpresso/tools/bin/../lib/gcc/arm-none-eabi/4.9.3/../../../../arm-none-eabi/lib/armv7-m/libc.a(lib_a-readr.o)
                0x0000aa5c                _read_r
 .text.__fpclassifyd
                0x0000aa84       0x58 /usr/local/lpcxpresso_7.7.2_379/lpcxpresso/tools/bin/../lib/gcc/arm-none-eabi/4.9.3/../../../../arm-none-eabi/lib/armv7-m/libc.a(lib_a-s_fpclassify.o)
                0x0000aa84                __fpclassifyd
 .text.__sccl   0x0000aadc       0x78 /usr/local/lpcxpresso_7.7.2_379/lpcxpresso/tools/bin/../lib/gcc/arm-none-eabi/4.9.3/../../../../arm-none-eabi/lib/armv7-m/libc.a(lib_a-sccl.o)
                0x0000aadc                __sccl
 .text.nanf     0x0000ab54        0x8 /usr/local/lpcxpresso_7.7.2_379/lpcxpresso/tools/bin/../lib/gcc/arm-none-eabi/4.9.3/../../../../arm-none-eabi/lib/armv7-m/libc.a(lib_a-sf_nan.o)
                0x0000ab54                nanf
 .text.sulp     0x0000ab5c       0x44 /usr/local/lpcxpresso_7.7.2_379/lpcxpresso/tools/bin/../lib/gcc/arm-none-eabi/4.9.3/../../../../arm-none-eabi/lib/armv7-m/libc.a(lib_a-strtod.o)
 .text._strtod_r
                0x0000aba0      0xf30 /usr/local/lpcxpresso_7.7.2_379/lpcxpresso/tools/bin/../lib/gcc/arm-none-eabi/4.9.3/../../../../arm-none-eabi/lib/armv7-m/libc.a(lib_a-strtod.o)
                0x0000aba0                _strtod_r
 .text._strtol_r
                0x0000bad0      0x11c /usr/local/lpcxpresso_7.7.2_379/lpcxpresso/tools/bin/../lib/gcc/arm-none-eabi/4.9.3/../../../../arm-none-eabi/lib/armv7-m/libc.a(lib_a-strtol.o)
                0x0000bad0                _strtol_r
 .text._strtoll_r
                0x0000bbec      0x1cc /usr/local/lpcxpresso_7.7.2_379/lpcxpresso/tools/bin/../lib/gcc/arm-none-eabi/4.9.3/../../../../arm-none-eabi/lib/armv7-m/libc.a(lib_a-strtoll_r.o)
                0x0000bbec                _strtoll_r
 .text._strtoul_r
                0x0000bdb8      0x134 /usr/local/lpcxpresso_7.7.2_379/lpcxpresso/tools/bin/../lib/gcc/arm-none-eabi/4.9.3/../../../../arm-none-eabi/lib/armv7-m/libc.a(lib_a-strtoul.o)
                0x0000bdb8                _strtoul_r
 .text._strtoull_r
                0x0000beec      0x1e8 /usr/local/lpcxpresso_7.7.2_379/lpcxpresso/tools/bin/../lib/gcc/arm-none-eabi/4.9.3/../../../../arm-none-eabi/lib/armv7-m/libc.a(lib_a-strtoull_r.o)
                0x0000beec                _strtoull_r
 .text.__ssprint_r
                0x0000c0d4      0x104 /usr/local/lpcxpresso_7.7.2_379/lpcxpresso/tools/bin/../lib/gcc/arm-none-eabi/4.9.3/../../../../arm-none-eabi/lib/armv7-m/libc.a(lib_a-svfiprintf.o)
                0x0000c0d4                __ssprint_r
 .text._sungetc_r
                0x0000c1d8       0x88 /usr/local/lpcxpresso_7.7.2_379/lpcxpresso/tools/bin/../lib/gcc/arm-none-eabi/4.9.3/../../../../arm-none-eabi/lib/armv7-m/libc.a(lib_a-svfiscanf.o)
                0x0000c1d8                _sungetc_r
 .text.__ssrefill_r
                0x0000c260       0x3c /usr/local/lpcxpresso_7.7.2_379/lpcxpresso/tools/bin/../lib/gcc/arm-none-eabi/4.9.3/../../../../arm-none-eabi/lib/armv7-m/libc.a(lib_a-svfiscanf.o)
                0x0000c260                __ssrefill_r
 .text._sfread_r
                0x0000c29c       0x80 /usr/local/lpcxpresso_7.7.2_379/lpcxpresso/tools/bin/../lib/gcc/arm-none-eabi/4.9.3/../../../../arm-none-eabi/lib/armv7-m/libc.a(lib_a-svfiscanf.o)
                0x0000c29c                _sfread_r
 .text.__submore
                0x0000c31c       0x7c /usr/local/lpcxpresso_7.7.2_379/lpcxpresso/tools/bin/../lib/gcc/arm-none-eabi/4.9.3/../../../../arm-none-eabi/lib/armv7-m/libc.a(lib_a-ungetc.o)
                0x0000c31c                __submore
 .text.__sprint_r.part.0
                0x0000c398       0x78 /usr/local/lpcxpresso_7.7.2_379/lpcxpresso/tools/bin/../lib/gcc/arm-none-eabi/4.9.3/../../../../arm-none-eabi/lib/armv7-m/libc.a(lib_a-vfiprintf.o)
 .text.__sprint_r
                0x0000c410       0x18 /usr/local/lpcxpresso_7.7.2_379/lpcxpresso/tools/bin/../lib/gcc/arm-none-eabi/4.9.3/../../../../arm-none-eabi/lib/armv7-m/libc.a(lib_a-vfiprintf.o)
                0x0000c410                __sprint_r
 .text._calloc_r
                0x0000c428       0x60 /usr/local/lpcxpresso_7.7.2_379/lpcxpresso/tools/bin/../lib/gcc/arm-none-eabi/4.9.3/../../../../arm-none-eabi/lib/armv7-m/libc.a(lib_a-callocr.o)
                0x0000c428                _calloc_r
 .text._fputwc_r
                0x0000c488       0xc4 /usr/local/lpcxpresso_7.7.2_379/lpcxpresso/tools/bin/../lib/gcc/arm-none-eabi/4.9.3/../../../../arm-none-eabi/lib/armv7-m/libc.a(lib_a-fputwc.o)
                0x0000c488                _fputwc_r
 .text.rshift   0x0000c54c       0xa0 /usr/local/lpcxpresso_7.7.2_379/lpcxpresso/tools/bin/../lib/gcc/arm-none-eabi/4.9.3/../../../../arm-none-eabi/lib/armv7-m/libc.a(lib_a-gdtoa-gethex.o)
 .text.__gethex
                0x0000c5ec      0x514 /usr/local/lpcxpresso_7.7.2_379/lpcxpresso/tools/bin/../lib/gcc/arm-none-eabi/4.9.3/../../../../arm-none-eabi/lib/armv7-m/libc.a(lib_a-gdtoa-gethex.o)
                0x0000c5ec                __gethex
 .text.__hexnan
                0x0000cb00      0x184 /usr/local/lpcxpresso_7.7.2_379/lpcxpresso/tools/bin/../lib/gcc/arm-none-eabi/4.9.3/../../../../arm-none-eabi/lib/armv7-m/libc.a(lib_a-gdtoa-hexnan.o)
                0x0000cb00                __hexnan
 .text._wcrtomb_r
                0x0000cc84       0x54 /usr/local/lpcxpresso_7.7.2_379/lpcxpresso/tools/bin/../lib/gcc/arm-none-eabi/4.9.3/../../../../arm-none-eabi/lib/armv7-m/libc.a(lib_a-wcrtomb.o)
                0x0000cc84                _wcrtomb_r
 .text.__ascii_wctomb
                0x0000ccd8       0x1c /usr/local/lpcxpresso_7.7.2_379/lpcxpresso/tools/bin/../lib/gcc/arm-none-eabi/4.9.3/../../../../arm-none-eabi/lib/armv7-m/libc.a(lib_a-wctomb_r.o)
                0x0000ccd8                __ascii_wctomb
 .text._sbrk    0x0000ccf4       0x3c /usr/local/lpcxpresso_7.7.2_379/lpcxpresso/tools/bin/../lib/gcc/arm-none-eabi/4.9.3/../../../../arm-none-eabi/lib/armv7-m/libcr_newlib_nohost.a(_cr_sbrk.o)
                0x0000ccf4                _sbrk
 .text.__check_heap_overflow
                0x0000cd30       0x18 /usr/local/lpcxpresso_7.7.2_379/lpcxpresso/tools/bin/../lib/gcc/arm-none-eabi/4.9.3/../../../../arm-none-eabi/lib/armv7-m/libcr_newlib_nohost.a(_cr_check_heap.o)
                0x0000cd30                __check_heap_overflow
 .text          0x0000cd48       0x5c /usr/local/lpcxpresso_7.7.2_379/lpcxpresso/tools/bin/../lib/gcc/arm-none-eabi/4.9.3/armv7-m/crtbegin.o
 .text          0x0000cda4      0x110 /usr/local/lpcxpresso_7.7.2_379/lpcxpresso/tools/bin/../lib/gcc/arm-none-eabi/4.9.3/armv7-m/libgcc.a(_arm_cmpdf2.o)
                0x0000cda4                __gtdf2
                0x0000cda4                __gedf2
                0x0000cdac                __ltdf2
                0x0000cdac                __ledf2
                0x0000cdb4                __cmpdf2
                0x0000cdb4                __eqdf2
                0x0000cdb4                __nedf2
                0x0000ce30                __aeabi_cdrcmple
                0x0000ce40                __aeabi_cdcmple
                0x0000ce40                __aeabi_cdcmpeq
                0x0000ce50                __aeabi_dcmpeq
                0x0000ce64                __aeabi_dcmplt
                0x0000ce78                __aeabi_dcmple
                0x0000ce8c                __aeabi_dcmpge
                0x0000cea0                __aeabi_dcmpgt
 .text          0x0000ceb4       0x50 /usr/local/lpcxpresso_7.7.2_379/lpcxpresso/tools/bin/../lib/gcc/arm-none-eabi/4.9.3/armv7-m/libgcc.a(_arm_fixdfsi.o)
                0x0000ceb4                __fixdfsi
                0x0000ceb4                __aeabi_d2iz
 .text          0x0000cf04       0x40 /usr/local/lpcxpresso_7.7.2_379/lpcxpresso/tools/bin/../lib/gcc/arm-none-eabi/4.9.3/armv7-m/libgcc.a(_arm_fixunsdfsi.o)
                0x0000cf04                __fixunsdfsi
                0x0000cf04                __aeabi_d2uiz
 *(.rodata .rodata.*)
 .rodata        0x0000cf44       0xe0 ./main.o
 *fill*         0x0000d024        0x4 
 .rodata._ZTVN4mbed10SerialBaseE
                0x0000d028       0x10 ./main.o
                0x0000d028                vtable for mbed::SerialBase
 .rodata.__stdin_name
                0x0000d038        0x8 /home/andrea/documents/dissertation_source_files/source_LPC1768/sorgenti_definitivi_lpc/lpc_bluetooth_sersor_definitive/mbed/TARGET_LPC1768/TOOLCHAIN_GCC_CR/retarget.o
                0x0000d038                __stdin_name
 .rodata.__stderr_name
                0x0000d040        0x8 /home/andrea/documents/dissertation_source_files/source_LPC1768/sorgenti_definitivi_lpc/lpc_bluetooth_sersor_definitive/mbed/TARGET_LPC1768/TOOLCHAIN_GCC_CR/retarget.o
                0x0000d040                __stderr_name
 .rodata.__stdout_name
                0x0000d048        0x8 /home/andrea/documents/dissertation_source_files/source_LPC1768/sorgenti_definitivi_lpc/lpc_bluetooth_sersor_definitive/mbed/TARGET_LPC1768/TOOLCHAIN_GCC_CR/retarget.o
                0x0000d048                __stdout_name
 .rodata._ZTVN4mbed10FileHandleE
                0x0000d050       0x30 /home/andrea/documents/dissertation_source_files/source_LPC1768/sorgenti_definitivi_lpc/lpc_bluetooth_sersor_definitive/mbed/TARGET_LPC1768/TOOLCHAIN_GCC_CR/retarget.o
                0x0000d050                vtable for mbed::FileHandle
 .rodata.str1.4
                0x0000d080        0xe /home/andrea/documents/dissertation_source_files/source_LPC1768/sorgenti_definitivi_lpc/lpc_bluetooth_sersor_definitive/mbed/TARGET_LPC1768/TOOLCHAIN_GCC_CR/retarget.o
                                 0x10 (size before relaxing)
 *fill*         0x0000d08e        0x2 
 .rodata.str1.4
                0x0000d090       0x80 /home/andrea/documents/dissertation_source_files/source_LPC1768/sorgenti_definitivi_lpc/lpc_bluetooth_sersor_definitive/mbed/TARGET_LPC1768/TOOLCHAIN_GCC_CR/board.o
 .rodata.str1.4
                0x0000d110       0x82 /home/andrea/documents/dissertation_source_files/source_LPC1768/sorgenti_definitivi_lpc/lpc_bluetooth_sersor_definitive/mbed/TARGET_LPC1768/TOOLCHAIN_GCC_CR/libmbed.a(analogin_api.o)
                                 0x84 (size before relaxing)
 *fill*         0x0000d192        0x2 
 .rodata.PinMap_ADC
                0x0000d194       0x6c /home/andrea/documents/dissertation_source_files/source_LPC1768/sorgenti_definitivi_lpc/lpc_bluetooth_sersor_definitive/mbed/TARGET_LPC1768/TOOLCHAIN_GCC_CR/libmbed.a(analogin_api.o)
 .rodata.PinMap_UART_RTS
                0x0000d200       0x24 /home/andrea/documents/dissertation_source_files/source_LPC1768/sorgenti_definitivi_lpc/lpc_bluetooth_sersor_definitive/mbed/TARGET_LPC1768/TOOLCHAIN_GCC_CR/libmbed.a(serial_api.o)
 .rodata.CSWTCH.24
                0x0000d224       0x10 /home/andrea/documents/dissertation_source_files/source_LPC1768/sorgenti_definitivi_lpc/lpc_bluetooth_sersor_definitive/mbed/TARGET_LPC1768/TOOLCHAIN_GCC_CR/libmbed.a(serial_api.o)
 .rodata.PinMap_UART_RX
                0x0000d234       0x6c /home/andrea/documents/dissertation_source_files/source_LPC1768/sorgenti_definitivi_lpc/lpc_bluetooth_sersor_definitive/mbed/TARGET_LPC1768/TOOLCHAIN_GCC_CR/libmbed.a(serial_api.o)
 .rodata.str1.4
                0x0000d2a0      0x1d0 /home/andrea/documents/dissertation_source_files/source_LPC1768/sorgenti_definitivi_lpc/lpc_bluetooth_sersor_definitive/mbed/TARGET_LPC1768/TOOLCHAIN_GCC_CR/libmbed.a(serial_api.o)
                                0x1e8 (size before relaxing)
 .rodata.PinMap_UART_TX
                0x0000d470       0x6c /home/andrea/documents/dissertation_source_files/source_LPC1768/sorgenti_definitivi_lpc/lpc_bluetooth_sersor_definitive/mbed/TARGET_LPC1768/TOOLCHAIN_GCC_CR/libmbed.a(serial_api.o)
 .rodata.PinMap_UART_CTS
                0x0000d4dc       0x24 /home/andrea/documents/dissertation_source_files/source_LPC1768/sorgenti_definitivi_lpc/lpc_bluetooth_sersor_definitive/mbed/TARGET_LPC1768/TOOLCHAIN_GCC_CR/libmbed.a(serial_api.o)
 .rodata._ZTVN4mbed6SerialE
                0x0000d500       0x60 /home/andrea/documents/dissertation_source_files/source_LPC1768/sorgenti_definitivi_lpc/lpc_bluetooth_sersor_definitive/mbed/TARGET_LPC1768/TOOLCHAIN_GCC_CR/libmbed.a(Serial.o)
                0x0000d500                vtable for mbed::Serial
 .rodata._ZTVN4mbed6StreamE
                0x0000d560       0x48 /home/andrea/documents/dissertation_source_files/source_LPC1768/sorgenti_definitivi_lpc/lpc_bluetooth_sersor_definitive/mbed/TARGET_LPC1768/TOOLCHAIN_GCC_CR/libmbed.a(Stream.o)
                0x0000d560                vtable for mbed::Stream
 .rodata.str1.4
                0x0000d5a8        0x3 /home/andrea/documents/dissertation_source_files/source_LPC1768/sorgenti_definitivi_lpc/lpc_bluetooth_sersor_definitive/mbed/TARGET_LPC1768/TOOLCHAIN_GCC_CR/libmbed.a(Stream.o)
                                  0x8 (size before relaxing)
 *fill*         0x0000d5ab        0x1 
 .rodata.str1.4
                0x0000d5ac       0x31 /home/andrea/documents/dissertation_source_files/source_LPC1768/sorgenti_definitivi_lpc/lpc_bluetooth_sersor_definitive/mbed/TARGET_LPC1768/TOOLCHAIN_GCC_CR/libmbed.a(assert.o)
                                 0x34 (size before relaxing)
 .rodata.str1.4
                0x00000000       0x80 /home/andrea/documents/dissertation_source_files/source_LPC1768/sorgenti_definitivi_lpc/lpc_bluetooth_sersor_definitive/mbed/TARGET_LPC1768/TOOLCHAIN_GCC_CR/libmbed.a(gpio.o)
 *fill*         0x0000d5dd        0x3 
 .rodata.str1.4
                0x0000d5e0       0x66 /home/andrea/documents/dissertation_source_files/source_LPC1768/sorgenti_definitivi_lpc/lpc_bluetooth_sersor_definitive/mbed/TARGET_LPC1768/TOOLCHAIN_GCC_CR/libmbed.a(pinmap_common.o)
                                 0x68 (size before relaxing)
 *fill*         0x0000d646        0x2 
 .rodata.str1.4
                0x0000d648       0x7a /home/andrea/documents/dissertation_source_files/source_LPC1768/sorgenti_definitivi_lpc/lpc_bluetooth_sersor_definitive/mbed/TARGET_LPC1768/TOOLCHAIN_GCC_CR/libmbed.a(gpio_api.o)
                                 0x94 (size before relaxing)
 *fill*         0x0000d6c2        0x2 
 .rodata.str1.4
                0x0000d6c4       0x64 /home/andrea/documents/dissertation_source_files/source_LPC1768/sorgenti_definitivi_lpc/lpc_bluetooth_sersor_definitive/mbed/TARGET_LPC1768/TOOLCHAIN_GCC_CR/libmbed.a(pinmap.o)
                                 0x78 (size before relaxing)
 .rodata._ZTVN4mbed8FileBaseE
                0x0000d728       0x10 /home/andrea/documents/dissertation_source_files/source_LPC1768/sorgenti_definitivi_lpc/lpc_bluetooth_sersor_definitive/mbed/TARGET_LPC1768/TOOLCHAIN_GCC_CR/libmbed.a(FileBase.o)
                0x0000d728                vtable for mbed::FileBase
 .rodata._ZTVN4mbed8FileLikeE
                0x0000d738       0x40 /home/andrea/documents/dissertation_source_files/source_LPC1768/sorgenti_definitivi_lpc/lpc_bluetooth_sersor_definitive/mbed/TARGET_LPC1768/TOOLCHAIN_GCC_CR/libmbed.a(FileLike.o)
                0x0000d738                vtable for mbed::FileLike
 .rodata.us_interface
                0x0000d778       0x14 /home/andrea/documents/dissertation_source_files/source_LPC1768/sorgenti_definitivi_lpc/lpc_bluetooth_sersor_definitive/mbed/TARGET_LPC1768/TOOLCHAIN_GCC_CR/libmbed.a(us_ticker_api.o)
 .rodata.us_data
                0x0000d78c        0x8 /home/andrea/documents/dissertation_source_files/source_LPC1768/sorgenti_definitivi_lpc/lpc_bluetooth_sersor_definitive/mbed/TARGET_LPC1768/TOOLCHAIN_GCC_CR/libmbed.a(us_ticker_api.o)
 .rodata.str1.4
                0x0000d794        0x2 /usr/local/lpcxpresso_7.7.2_379/lpcxpresso/tools/bin/../lib/gcc/arm-none-eabi/4.9.3/../../../../arm-none-eabi/lib/armv7-m/libc.a(lib_a-impure.o)
                                  0x4 (size before relaxing)
 *fill*         0x0000d796        0x2 
 .rodata._global_impure_ptr
                0x0000d798        0x4 /usr/local/lpcxpresso_7.7.2_379/lpcxpresso/tools/bin/../lib/gcc/arm-none-eabi/4.9.3/../../../../arm-none-eabi/lib/armv7-m/libc.a(lib_a-impure.o)
                0x0000d798                _global_impure_ptr
 .rodata.blanks.6794
                0x0000d79c       0x10 /usr/local/lpcxpresso_7.7.2_379/lpcxpresso/tools/bin/../lib/gcc/arm-none-eabi/4.9.3/../../../../arm-none-eabi/lib/armv7-m/libc.a(lib_a-svfprintf.o)
 .rodata.str1.4
                0x0000d7ac       0x42 /usr/local/lpcxpresso_7.7.2_379/lpcxpresso/tools/bin/../lib/gcc/arm-none-eabi/4.9.3/../../../../arm-none-eabi/lib/armv7-m/libc.a(lib_a-svfprintf.o)
                                 0x44 (size before relaxing)
 *fill*         0x0000d7ee        0x2 
 .rodata.zeroes.6795
                0x0000d7f0       0x10 /usr/local/lpcxpresso_7.7.2_379/lpcxpresso/tools/bin/../lib/gcc/arm-none-eabi/4.9.3/../../../../arm-none-eabi/lib/armv7-m/libc.a(lib_a-svfprintf.o)
 .rodata.str1.4
                0x0000d800        0x5 /usr/local/lpcxpresso_7.7.2_379/lpcxpresso/tools/bin/../lib/gcc/arm-none-eabi/4.9.3/../../../../arm-none-eabi/lib/armv7-m/libc.a(lib_a-svfscanf.o)
                                  0x8 (size before relaxing)
 *fill*         0x0000d805        0x3 
 .rodata.basefix.6746
                0x0000d808       0x24 /usr/local/lpcxpresso_7.7.2_379/lpcxpresso/tools/bin/../lib/gcc/arm-none-eabi/4.9.3/../../../../arm-none-eabi/lib/armv7-m/libc.a(lib_a-svfscanf.o)
 .rodata.zeroes.6810
                0x0000d82c       0x10 /usr/local/lpcxpresso_7.7.2_379/lpcxpresso/tools/bin/../lib/gcc/arm-none-eabi/4.9.3/../../../../arm-none-eabi/lib/armv7-m/libc.a(lib_a-vfprintf.o)
 .rodata.str1.4
                0x00000000       0x44 /usr/local/lpcxpresso_7.7.2_379/lpcxpresso/tools/bin/../lib/gcc/arm-none-eabi/4.9.3/../../../../arm-none-eabi/lib/armv7-m/libc.a(lib_a-vfprintf.o)
 .rodata.blanks.6809
                0x0000d83c       0x10 /usr/local/lpcxpresso_7.7.2_379/lpcxpresso/tools/bin/../lib/gcc/arm-none-eabi/4.9.3/../../../../arm-none-eabi/lib/armv7-m/libc.a(lib_a-vfprintf.o)
 .rodata._ctype_
                0x0000d84c      0x104 /usr/local/lpcxpresso_7.7.2_379/lpcxpresso/tools/bin/../lib/gcc/arm-none-eabi/4.9.3/../../../../arm-none-eabi/lib/armv7-m/libc.a(lib_a-ctype_.o)
                0x0000d84c                _ctype_
 .rodata.str1.4
                0x0000d950       0x10 /usr/local/lpcxpresso_7.7.2_379/lpcxpresso/tools/bin/../lib/gcc/arm-none-eabi/4.9.3/../../../../arm-none-eabi/lib/armv7-m/libc.a(lib_a-dtoa.o)
                                 0x14 (size before relaxing)
 .rodata.str1.4
                0x0000d960        0xa /usr/local/lpcxpresso_7.7.2_379/lpcxpresso/tools/bin/../lib/gcc/arm-none-eabi/4.9.3/../../../../arm-none-eabi/lib/armv7-m/libc.a(lib_a-locale.o)
                                 0x14 (size before relaxing)
 .rodata.str1.4
                0x00000000        0x4 /usr/local/lpcxpresso_7.7.2_379/lpcxpresso/tools/bin/../lib/gcc/arm-none-eabi/4.9.3/../../../../arm-none-eabi/lib/armv7-m/libc.a(lib_a-mbrtowc.o)
 *fill*         0x0000d96a        0x6 
 .rodata.__mprec_tens
                0x0000d970       0xc8 /usr/local/lpcxpresso_7.7.2_379/lpcxpresso/tools/bin/../lib/gcc/arm-none-eabi/4.9.3/../../../../arm-none-eabi/lib/armv7-m/libc.a(lib_a-mprec.o)
                0x0000d970                __mprec_tens
 .rodata.__mprec_bigtens
                0x0000da38       0x28 /usr/local/lpcxpresso_7.7.2_379/lpcxpresso/tools/bin/../lib/gcc/arm-none-eabi/4.9.3/../../../../arm-none-eabi/lib/armv7-m/libc.a(lib_a-mprec.o)
                0x0000da38                __mprec_bigtens
 .rodata.p05.5265
                0x0000da60        0xc /usr/local/lpcxpresso_7.7.2_379/lpcxpresso/tools/bin/../lib/gcc/arm-none-eabi/4.9.3/../../../../arm-none-eabi/lib/armv7-m/libc.a(lib_a-mprec.o)
 .rodata.fpi.5234
                0x0000da6c       0x14 /usr/local/lpcxpresso_7.7.2_379/lpcxpresso/tools/bin/../lib/gcc/arm-none-eabi/4.9.3/../../../../arm-none-eabi/lib/armv7-m/libc.a(lib_a-strtod.o)
 .rodata.fpinan.5270
                0x0000da80       0x14 /usr/local/lpcxpresso_7.7.2_379/lpcxpresso/tools/bin/../lib/gcc/arm-none-eabi/4.9.3/../../../../arm-none-eabi/lib/armv7-m/libc.a(lib_a-strtod.o)
 .rodata.str1.4
                0x0000da94       0x10 /usr/local/lpcxpresso_7.7.2_379/lpcxpresso/tools/bin/../lib/gcc/arm-none-eabi/4.9.3/../../../../arm-none-eabi/lib/armv7-m/libc.a(lib_a-strtod.o)
 *fill*         0x0000daa4        0x4 
 .rodata.tinytens
                0x0000daa8       0x28 /usr/local/lpcxpresso_7.7.2_379/lpcxpresso/tools/bin/../lib/gcc/arm-none-eabi/4.9.3/../../../../arm-none-eabi/lib/armv7-m/libc.a(lib_a-strtod.o)
 .rodata.__hexdig
                0x0000dad0      0x100 /usr/local/lpcxpresso_7.7.2_379/lpcxpresso/tools/bin/../lib/gcc/arm-none-eabi/4.9.3/../../../../arm-none-eabi/lib/armv7-m/libc.a(lib_a-gdtoa-gethex.o)
                0x0000dad0                __hexdig
                0x0000dbd0                . = ALIGN (0x4)
                0x0000dbd0                . = ALIGN (0x4)
 *(.init)
 .init          0x0000dbd0        0x4 /usr/local/lpcxpresso_7.7.2_379/lpcxpresso/tools/bin/../lib/gcc/arm-none-eabi/4.9.3/armv7-m/crti.o
                0x0000dbd0                _init
 .init          0x0000dbd4        0x8 /usr/local/lpcxpresso_7.7.2_379/lpcxpresso/tools/bin/../lib/gcc/arm-none-eabi/4.9.3/armv7-m/crtn.o
                0x0000dbdc                . = ALIGN (0x4)
                0x0000dbdc                __preinit_array_start = .
 *(.preinit_array)
                0x0000dbdc                __preinit_array_end = .
                0x0000dbdc                . = ALIGN (0x4)
                0x0000dbdc                __init_array_start = .
 *(SORT(.init_array.*))
 *(.init_array)
 .init_array    0x0000dbdc        0x4 ./main.o
 .init_array    0x0000dbe0        0x4 /usr/local/lpcxpresso_7.7.2_379/lpcxpresso/tools/bin/../lib/gcc/arm-none-eabi/4.9.3/armv7-m/crtbegin.o
                0x0000dbe4                __init_array_end = .
 *(.fini)
 .fini          0x0000dbe4        0x4 /usr/local/lpcxpresso_7.7.2_379/lpcxpresso/tools/bin/../lib/gcc/arm-none-eabi/4.9.3/armv7-m/crti.o
                0x0000dbe4                _fini
 .fini          0x0000dbe8        0x8 /usr/local/lpcxpresso_7.7.2_379/lpcxpresso/tools/bin/../lib/gcc/arm-none-eabi/4.9.3/armv7-m/crtn.o
                0x0000dbf0                . = ALIGN (0x4)
 *crtbegin.o(.ctors)
 *(EXCLUDE_FILE(*crtend.o) .ctors)
 *(SORT(.ctors.*))
 *crtend.o(.ctors)
                0x0000dbf0                . = ALIGN (0x4)
 *crtbegin.o(.dtors)
 *(EXCLUDE_FILE(*crtend.o) .dtors)
 *(SORT(.dtors.*))
 *crtend.o(.dtors)

.glue_7         0x0000dbf0        0x0
 .glue_7        0x00000000        0x0 linker stubs

.glue_7t        0x0000dbf0        0x0
 .glue_7t       0x00000000        0x0 linker stubs

.vfp11_veneer   0x0000dbf0        0x0
 .vfp11_veneer  0x00000000        0x0 linker stubs

.v4_bx          0x0000dbf0        0x0
 .v4_bx         0x00000000        0x0 linker stubs

.iplt           0x0000dbf0        0x0
 .iplt          0x00000000        0x0 ./main.o

.ARM.extab
 *(.ARM.extab* .gnu.linkonce.armextab.*)
                0x0000dbf0                __exidx_start = .

.ARM.exidx      0x0000dbf0        0x8
 *(.ARM.exidx* .gnu.linkonce.armexidx.*)
 .ARM.exidx     0x0000dbf0        0x8 /usr/local/lpcxpresso_7.7.2_379/lpcxpresso/tools/bin/../lib/gcc/arm-none-eabi/4.9.3/armv7-m/libgcc.a(_divdi3.o)
 .ARM.exidx     0x0000dbf8        0x0 /usr/local/lpcxpresso_7.7.2_379/lpcxpresso/tools/bin/../lib/gcc/arm-none-eabi/4.9.3/armv7-m/libgcc.a(_udivdi3.o)
                                  0x8 (size before relaxing)
                0x0000dbf8                __exidx_end = .
                0x0000dbf8                _etext = .

.rel.dyn        0x0000dbf8        0x0
 .rel.iplt      0x00000000        0x0 ./main.o

.eh_frame       0x0000dbf8        0x0
 .eh_frame      0x0000dbf8        0x0 /usr/local/lpcxpresso_7.7.2_379/lpcxpresso/tools/bin/../lib/gcc/arm-none-eabi/4.9.3/armv7-m/crtbegin.o

.data_RAM2      0x2007c000        0x0 load address 0x0000dbf8
 FILL mask 0xff
 *(.data.$RAM2*)
 *(.data.$RamAHB32*)
                0x2007c000                . = ALIGN (0x4)

.uninit_RESERVED
 *(.bss.$RESERVED*)

.data           0x100000c8      0x8b0 load address 0x0000dbf8
 FILL mask 0xff
                0x100000c8                _data = .
 *(vtable)
 *(.data*)
 .data.SystemCoreClock
                0x100000c8        0x4 /home/andrea/documents/dissertation_source_files/source_LPC1768/sorgenti_definitivi_lpc/lpc_bluetooth_sersor_definitive/mbed/TARGET_LPC1768/TOOLCHAIN_GCC_CR/system_LPC17xx.o
                0x100000c8                SystemCoreClock
 *fill*         0x100000cc        0x4 
 .data.impure_data