Archive member included because of file (symbol)

/home/andrea/documents/dissertation_source_files/source_LPC1768/example_sensor_bluetooth/mbed/TARGET_LPC1768/TOOLCHAIN_GCC_CR/libmbed.a(analogin_api.o)
                              ./sensor_bluetooth_andreaf.o (analogin_init)
/home/andrea/documents/dissertation_source_files/source_LPC1768/example_sensor_bluetooth/mbed/TARGET_LPC1768/TOOLCHAIN_GCC_CR/libmbed.a(serial_api.o)
                              /home/andrea/documents/dissertation_source_files/source_LPC1768/example_sensor_bluetooth/mbed/TARGET_LPC1768/TOOLCHAIN_GCC_CR/retarget.o (serial_getc)
/home/andrea/documents/dissertation_source_files/source_LPC1768/example_sensor_bluetooth/mbed/TARGET_LPC1768/TOOLCHAIN_GCC_CR/libmbed.a(FileSystemLike.o)
                              /home/andrea/documents/dissertation_source_files/source_LPC1768/example_sensor_bluetooth/mbed/TARGET_LPC1768/TOOLCHAIN_GCC_CR/retarget.o (mbed::FileSystemLike::opendir())
/home/andrea/documents/dissertation_source_files/source_LPC1768/example_sensor_bluetooth/mbed/TARGET_LPC1768/TOOLCHAIN_GCC_CR/libmbed.a(FilePath.o)
                              /home/andrea/documents/dissertation_source_files/source_LPC1768/example_sensor_bluetooth/mbed/TARGET_LPC1768/TOOLCHAIN_GCC_CR/retarget.o (mbed::FilePath::FilePath(char const*))
/home/andrea/documents/dissertation_source_files/source_LPC1768/example_sensor_bluetooth/mbed/TARGET_LPC1768/TOOLCHAIN_GCC_CR/libmbed.a(Serial.o)
                              ./sensor_bluetooth_andreaf.o (mbed::Serial::Serial(PinName, PinName, char const*))
/home/andrea/documents/dissertation_source_files/source_LPC1768/example_sensor_bluetooth/mbed/TARGET_LPC1768/TOOLCHAIN_GCC_CR/libmbed.a(SerialBase.o)
                              /home/andrea/documents/dissertation_source_files/source_LPC1768/example_sensor_bluetooth/mbed/TARGET_LPC1768/TOOLCHAIN_GCC_CR/libmbed.a(Serial.o) (mbed::SerialBase::SerialBase(PinName, PinName))
/home/andrea/documents/dissertation_source_files/source_LPC1768/example_sensor_bluetooth/mbed/TARGET_LPC1768/TOOLCHAIN_GCC_CR/libmbed.a(Stream.o)
                              /home/andrea/documents/dissertation_source_files/source_LPC1768/example_sensor_bluetooth/mbed/TARGET_LPC1768/TOOLCHAIN_GCC_CR/libmbed.a(Serial.o) (mbed::Stream::close())
/home/andrea/documents/dissertation_source_files/source_LPC1768/example_sensor_bluetooth/mbed/TARGET_LPC1768/TOOLCHAIN_GCC_CR/libmbed.a(assert.o)
                              /home/andrea/documents/dissertation_source_files/source_LPC1768/example_sensor_bluetooth/mbed/TARGET_LPC1768/TOOLCHAIN_GCC_CR/board.o (mbed_assert_internal)
/home/andrea/documents/dissertation_source_files/source_LPC1768/example_sensor_bluetooth/mbed/TARGET_LPC1768/TOOLCHAIN_GCC_CR/libmbed.a(error.o)
                              /home/andrea/documents/dissertation_source_files/source_LPC1768/example_sensor_bluetooth/mbed/TARGET_LPC1768/TOOLCHAIN_GCC_CR/retarget.o (error)
/home/andrea/documents/dissertation_source_files/source_LPC1768/example_sensor_bluetooth/mbed/TARGET_LPC1768/TOOLCHAIN_GCC_CR/libmbed.a(gpio.o)
                              /home/andrea/documents/dissertation_source_files/source_LPC1768/example_sensor_bluetooth/mbed/TARGET_LPC1768/TOOLCHAIN_GCC_CR/libmbed.a(serial_api.o) (gpio_init_in)
/home/andrea/documents/dissertation_source_files/source_LPC1768/example_sensor_bluetooth/mbed/TARGET_LPC1768/TOOLCHAIN_GCC_CR/libmbed.a(mbed_interface.o)
                              /home/andrea/documents/dissertation_source_files/source_LPC1768/example_sensor_bluetooth/mbed/TARGET_LPC1768/TOOLCHAIN_GCC_CR/retarget.o (mbed_interface_connected)
/home/andrea/documents/dissertation_source_files/source_LPC1768/example_sensor_bluetooth/mbed/TARGET_LPC1768/TOOLCHAIN_GCC_CR/libmbed.a(pinmap_common.o)
                              /home/andrea/documents/dissertation_source_files/source_LPC1768/example_sensor_bluetooth/mbed/TARGET_LPC1768/TOOLCHAIN_GCC_CR/libmbed.a(analogin_api.o) (pinmap_pinout)
/home/andrea/documents/dissertation_source_files/source_LPC1768/example_sensor_bluetooth/mbed/TARGET_LPC1768/TOOLCHAIN_GCC_CR/libmbed.a(semihost_api.o)
                              /home/andrea/documents/dissertation_source_files/source_LPC1768/example_sensor_bluetooth/mbed/TARGET_LPC1768/TOOLCHAIN_GCC_CR/retarget.o (semihost_exit)
/home/andrea/documents/dissertation_source_files/source_LPC1768/example_sensor_bluetooth/mbed/TARGET_LPC1768/TOOLCHAIN_GCC_CR/libmbed.a(wait_api.o)
                              /home/andrea/documents/dissertation_source_files/source_LPC1768/example_sensor_bluetooth/mbed/TARGET_LPC1768/TOOLCHAIN_GCC_CR/libmbed.a(SerialBase.o) (wait_us)
/home/andrea/documents/dissertation_source_files/source_LPC1768/example_sensor_bluetooth/mbed/TARGET_LPC1768/TOOLCHAIN_GCC_CR/libmbed.a(gpio_api.o)
                              /home/andrea/documents/dissertation_source_files/source_LPC1768/example_sensor_bluetooth/mbed/TARGET_LPC1768/TOOLCHAIN_GCC_CR/libmbed.a(gpio.o) (gpio_init)
[...]
Memory Configuration

Name             Origin             Length             Attributes
MFlash512        0x00000000         0x00080000         xr
RamLoc32         0x100000c8         0x00007f38         xrw
RamAHB32         0x2007c000         0x00008000         xrw
*default*        0x00000000         0xffffffff

Linker script and memory map

LOAD ./sensor_bluetooth_andreaf.o
LOAD /home/andrea/documents/dissertation_source_files/source_LPC1768/example_sensor_bluetooth/mbed/TARGET_LPC1768/TOOLCHAIN_GCC_CR/retarget.o
LOAD /home/andrea/documents/dissertation_source_files/source_LPC1768/example_sensor_bluetooth/mbed/TARGET_LPC1768/TOOLCHAIN_GCC_CR/system_LPC17xx.o
LOAD /home/andrea/documents/dissertation_source_files/source_LPC1768/example_sensor_bluetooth/mbed/TARGET_LPC1768/TOOLCHAIN_GCC_CR/board.o
LOAD /home/andrea/documents/dissertation_source_files/source_LPC1768/example_sensor_bluetooth/mbed/TARGET_LPC1768/TOOLCHAIN_GCC_CR/cmsis_nvic.o
LOAD /home/andrea/documents/dissertation_source_files/source_LPC1768/example_sensor_bluetooth/mbed/TARGET_LPC1768/TOOLCHAIN_GCC_CR/startup_LPC17xx.o
LOAD /home/andrea/documents/dissertation_source_files/source_LPC1768/example_sensor_bluetooth/mbed/TARGET_LPC1768/TOOLCHAIN_GCC_CR/libmbed.a
START GROUP
LOAD /usr/local/lpcxpresso_7.7.2_379/lpcxpresso/tools/bin/../lib/gcc/arm-none-eabi/4.9.3/armv7-m/libgcc.a
LOAD /usr/local/lpcxpresso_7.7.2_379/lpcxpresso/tools/bin/../lib/gcc/arm-none-eabi/4.9.3/../../../../arm-none-eabi/lib/armv7-m/libc.a
LOAD /usr/local/lpcxpresso_7.7.2_379/lpcxpresso/tools/bin/../lib/gcc/arm-none-eabi/4.9.3/../../../../arm-none-eabi/lib/armv7-m/libstdc++.a
LOAD /usr/local/lpcxpresso_7.7.2_379/lpcxpresso/tools/bin/../lib/gcc/arm-none-eabi/4.9.3/../../../../arm-none-eabi/lib/armv7-m/libm.a
LOAD /usr/local/lpcxpresso_7.7.2_379/lpcxpresso/tools/bin/../lib/gcc/arm-none-eabi/4.9.3/../../../../arm-none-eabi/lib/armv7-m/libcr_newlib_nohost.a
LOAD /usr/local/lpcxpresso_7.7.2_379/lpcxpresso/tools/bin/../lib/gcc/arm-none-eabi/4.9.3/armv7-m/crti.o
LOAD /usr/local/lpcxpresso_7.7.2_379/lpcxpresso/tools/bin/../lib/gcc/arm-none-eabi/4.9.3/armv7-m/crtn.o
LOAD /usr/local/lpcxpresso_7.7.2_379/lpcxpresso/tools/bin/../lib/gcc/arm-none-eabi/4.9.3/armv7-m/crtbegin.o
LOAD /usr/local/lpcxpresso_7.7.2_379/lpcxpresso/tools/bin/../lib/gcc/arm-none-eabi/4.9.3/armv7-m/crtend.o
END GROUP
                0x00080000                __top_MFlash512 = 0x80000
                0x10008000                __top_RamLoc32 = 0x10008000
                0x20084000                __top_RamAHB32 = 0x20084000

.text           0x00000000     0xd768
 FILL mask 0xff
 *(.isr_vector)
 .isr_vector    0x00000000       0xcc /home/andrea/documents/dissertation_source_files/source_LPC1768/example_sensor_bluetooth/mbed/TARGET_LPC1768/TOOLCHAIN_GCC_CR/startup_LPC17xx.o
                0x00000000                g_pfnVectors
                0x000000cc                . = ALIGN (0x4)
                0x000000cc                __section_table_start = .
                0x000000cc                __data_section_table = .
                0x000000cc        0x4 LONG 0xd770 LOADADDR (.data)
                0x000000d0        0x4 LONG 0x100000c8 ADDR (.data)
                0x000000d4        0x4 LONG 0x8b0 SIZEOF (.data)
                0x000000d8        0x4 LONG 0xd770 LOADADDR (.data_RAM2)
                0x000000dc        0x4 LONG 0x2007c000 ADDR (.data_RAM2)
                0x000000e0        0x4 LONG 0x0 SIZEOF (.data_RAM2)
                0x000000e4                __data_section_table_end = .
                0x000000e4                __bss_section_table = .
                0x000000e4        0x4 LONG 0x10000978 ADDR (.bss)
                0x000000e8        0x4 LONG 0x310 SIZEOF (.bss)
                0x000000ec        0x4 LONG 0x2007c000 ADDR (.bss_RAM2)
                0x000000f0        0x4 LONG 0x0 SIZEOF (.bss_RAM2)
                0x000000f4                __bss_section_table_end = .
                0x000000f4                __section_table_end = .
 *(.after_vectors*)
 .after_vectors
                0x000000f4       0xd0 /home/andrea/documents/dissertation_source_files/source_LPC1768/example_sensor_bluetooth/mbed/TARGET_LPC1768/TOOLCHAIN_GCC_CR/startup_LPC17xx.o
                0x000000f4                NMI_Handler
                0x000000f8                HardFault_Handler
                0x000000fc                MemManage_Handler
                0x00000100                BusFault_Handler
                0x00000104                UsageFault_Handler
                0x00000108                SVC_Handler
                0x0000010c                DebugMon_Handler
                0x00000110                PendSV_Handler
                0x00000114                SysTick_Handler
                0x00000118                TIMER2_IRQHandler
                0x00000118                RIT_IRQHandler
                0x00000118                I2C0_IRQHandler
                0x00000118                USBActivity_IRQHandler
                0x00000118                PWM1_IRQHandler
                0x00000118                I2C1_IRQHandler
                0x00000118                EINT2_IRQHandler
                0x00000118                UART1_IRQHandler
                0x00000118                EINT3_IRQHandler
                0x00000118                CANActivity_IRQHandler
                0x00000118                TIMER3_IRQHandler
                0x00000118                UART0_IRQHandler
                0x00000118                IntDefaultHandler
                0x00000118                PLL0_IRQHandler
                0x00000118                CAN_IRQHandler
                0x00000118                PLL1_IRQHandler
                0x00000118                SSP0_IRQHandler
                0x00000118                I2S_IRQHandler
                0x00000118                I2C2_IRQHandler
                0x00000118                RTC_IRQHandler
                0x00000118                TIMER0_IRQHandler
                0x00000118                SPI_IRQHandler
                0x00000118                EINT1_IRQHandler
                0x00000118                TIMER1_IRQHandler
                0x00000118                UART2_IRQHandler
                0x00000118                ADC_IRQHandler
                0x00000118                SSP1_IRQHandler
                0x00000118                USB_IRQHandler
                0x00000118                BOD_IRQHandler
                0x00000118                WDT_IRQHandler
                0x00000118                QEI_IRQHandler
                0x00000118                EINT0_IRQHandler
                0x00000118                DMA_IRQHandler
                0x00000118                UART3_IRQHandler
                0x00000118                MCPWM_IRQHandler
                0x00000118                ENET_IRQHandler
                0x0000011c                ResetISR
                0x0000019c                data_init
                0x000001b4                bss_init
 *(.text*)
 .text._ZN4mbed8AnalogInC2E7PinName
                0x000001c4       0x20 ./sensor_bluetooth_andreaf.o
                0x000001c4                mbed::AnalogIn::AnalogIn(PinName)
                0x000001c4                mbed::AnalogIn::AnalogIn(PinName)
 .text._ZN4mbed8AnalogIn8read_u16Ev
                0x000001e4       0x1c ./sensor_bluetooth_andreaf.o
                0x000001e4                mbed::AnalogIn::read_u16()
 .text._ZN4mbed10SerialBaseD2Ev
                0x00000200       0x28 ./sensor_bluetooth_andreaf.o
                0x00000200                mbed::SerialBase::~SerialBase()
                0x00000200                mbed::SerialBase::~SerialBase()
 .text._ZN4mbed10SerialBaseD0Ev
                0x00000228       0x20 ./sensor_bluetooth_andreaf.o
                0x00000228                mbed::SerialBase::~SerialBase()
 .text._Z8callbackv
                0x00000248       0x44 ./sensor_bluetooth_andreaf.o
                0x00000248                callback()
 *fill*         0x0000028c        0x4 
 .text.main     0x00000290      0x200 ./sensor_bluetooth_andreaf.o
                0x00000290                main
 .text._ZN4mbed6SerialD2Ev
                0x00000490       0x50 ./sensor_bluetooth_andreaf.o
                0x00000490                mbed::Serial::~Serial()
                0x00000490                mbed::Serial::~Serial()
 .text._ZN4mbed6SerialD1Ev
                0x000004e0       0x10 ./sensor_bluetooth_andreaf.o
                0x000004e0                non-virtual thunk to mbed::Serial::~Serial()
                0x000004e8                non-virtual thunk to mbed::Serial::~Serial()
 .text._ZN4mbed6SerialD0Ev
                0x000004f0       0x30 ./sensor_bluetooth_andreaf.o
                0x000004f0                mbed::Serial::~Serial()
                0x00000510                non-virtual thunk to mbed::Serial::~Serial()
                0x00000518                non-virtual thunk to mbed::Serial::~Serial()
 .text._Z41__static_initialization_and_destruction_0ii
                0x00000520       0x7c ./sensor_bluetooth_andreaf.o
 .text._GLOBAL__sub_I_sensor
                0x0000059c       0x10 ./sensor_bluetooth_andreaf.o
 .text._ZN4mbed10FileHandle4flenEv
                0x000005ac       0x34 /home/andrea/documents/dissertation_source_files/source_LPC1768/example_sensor_bluetooth/mbed/TARGET_LPC1768/TOOLCHAIN_GCC_CR/retarget.o
                0x000005ac                mbed::FileHandle::flen()
 .text._ZN4mbed10FileHandleD2Ev
                0x000005e0       0x2c /home/andrea/documents/dissertation_source_files/source_LPC1768/example_sensor_bluetooth/mbed/TARGET_LPC1768/TOOLCHAIN_GCC_CR/retarget.o
                0x000005e0                mbed::FileHandle::~FileHandle()
                0x000005e0                mbed::FileHandle::~FileHandle()
 .text._ZN4mbed10FileHandleD0Ev
                0x0000060c       0x34 /home/andrea/documents/dissertation_source_files/source_LPC1768/example_sensor_bluetooth/mbed/TARGET_LPC1768/TOOLCHAIN_GCC_CR/retarget.o
                0x0000060c                mbed::FileHandle::~FileHandle()
 .text._ZL11init_serialv.part.0
                0x00000640       0x18 /home/andrea/documents/dissertation_source_files/source_LPC1768/example_sensor_bluetooth/mbed/TARGET_LPC1768/TOOLCHAIN_GCC_CR/retarget.o
 .text._open    0x00000658       0xf8 /home/andrea/documents/dissertation_source_files/source_LPC1768/example_sensor_bluetooth/mbed/TARGET_LPC1768/TOOLCHAIN_GCC_CR/retarget.o
                0x00000658                _open
 .text._close   0x00000750       0x2c /home/andrea/documents/dissertation_source_files/source_LPC1768/example_sensor_bluetooth/mbed/TARGET_LPC1768/TOOLCHAIN_GCC_CR/retarget.o
                0x00000750                _close
 .text._write   0x0000077c       0x50 /home/andrea/documents/dissertation_source_files/source_LPC1768/example_sensor_bluetooth/mbed/TARGET_LPC1768/TOOLCHAIN_GCC_CR/retarget.o
                0x0000077c                _write
 .text._read    0x000007cc       0x4c /home/andrea/documents/dissertation_source_files/source_LPC1768/example_sensor_bluetooth/mbed/TARGET_LPC1768/TOOLCHAIN_GCC_CR/retarget.o
                0x000007cc                _read
 .text._isatty  0x00000818       0x28 /home/andrea/documents/dissertation_source_files/source_LPC1768/example_sensor_bluetooth/mbed/TARGET_LPC1768/TOOLCHAIN_GCC_CR/retarget.o
                0x00000818                _isatty
 .text._lseek   0x00000840       0x28 /home/andrea/documents/dissertation_source_files/source_LPC1768/example_sensor_bluetooth/mbed/TARGET_LPC1768/TOOLCHAIN_GCC_CR/retarget.o
                0x00000840                _lseek
 .text._fstat   0x00000868       0x20 /home/andrea/documents/dissertation_source_files/source_LPC1768/example_sensor_bluetooth/mbed/TARGET_LPC1768/TOOLCHAIN_GCC_CR/retarget.o
                0x00000868                _fstat
 .text.exit     0x00000888       0x30 /home/andrea/documents/dissertation_source_files/source_LPC1768/example_sensor_bluetooth/mbed/TARGET_LPC1768/TOOLCHAIN_GCC_CR/retarget.o
                0x00000888                exit
 .text.__cxa_pure_virtual
                0x000008b8        0x8 /home/andrea/documents/dissertation_source_files/source_LPC1768/example_sensor_bluetooth/mbed/TARGET_LPC1768/TOOLCHAIN_GCC_CR/retarget.o
                0x000008b8                __cxa_pure_virtual
 .text._ZN4mbed26mbed_set_unbuffered_streamEP7__sFILE
                0x000008c0        0x8 /home/andrea/documents/dissertation_source_files/source_LPC1768/example_sensor_bluetooth/mbed/TARGET_LPC1768/TOOLCHAIN_GCC_CR/retarget.o
                0x000008c0                mbed::mbed_set_unbuffered_stream(__sFILE*)
 .text._ZN4mbed9mbed_getcEP7__sFILE
                0x000008c8        0x4 /home/andrea/documents/dissertation_source_files/source_LPC1768/example_sensor_bluetooth/mbed/TARGET_LPC1768/TOOLCHAIN_GCC_CR/retarget.o
                0x000008c8                mbed::mbed_getc(__sFILE*)
 .text.SystemInit
                0x000008cc       0xb8 /home/andrea/documents/dissertation_source_files/source_LPC1768/example_sensor_bluetooth/mbed/TARGET_LPC1768/TOOLCHAIN_GCC_CR/system_LPC17xx.o
                0x000008cc                SystemInit
 .text.mbed_die
                0x00000984      0x10c /home/andrea/documents/dissertation_source_files/source_LPC1768/example_sensor_bluetooth/mbed/TARGET_LPC1768/TOOLCHAIN_GCC_CR/board.o
                0x00000984                mbed_die
 .text.NVIC_SetVector
                0x00000a90       0x3c /home/andrea/documents/dissertation_source_files/source_LPC1768/example_sensor_bluetooth/mbed/TARGET_LPC1768/TOOLCHAIN_GCC_CR/cmsis_nvic.o
                0x00000a90                NVIC_SetVector
 .text.__aeabi_atexit
                0x00000acc        0x4 /home/andrea/documents/dissertation_source_files/source_LPC1768/example_sensor_bluetooth/mbed/TARGET_LPC1768/TOOLCHAIN_GCC_CR/startup_LPC17xx.o
                0x00000acc                __aeabi_atexit
 .text._ZdlPv   0x00000ad0        0x4 /home/andrea/documents/dissertation_source_files/source_LPC1768/example_sensor_bluetooth/mbed/TARGET_LPC1768/TOOLCHAIN_GCC_CR/startup_LPC17xx.o
                0x00000ad0                operator delete(void*)
 .text.analogin_init
                0x00000ad4       0x98 /home/andrea/documents/dissertation_source_files/source_LPC1768/example_sensor_bluetooth/mbed/TARGET_LPC1768/TOOLCHAIN_GCC_CR/libmbed.a(analogin_api.o)
                0x00000ad4                analogin_init
 .text.analogin_read_u16
                0x00000b6c       0xb4 /home/andrea/documents/dissertation_source_files/source_LPC1768/example_sensor_bluetooth/mbed/TARGET_LPC1768/TOOLCHAIN_GCC_CR/libmbed.a(analogin_api.o)
                0x00000b6c                analogin_read_u16
 .text.uart2_irq
                0x00000c20       0x64 /home/andrea/documents/dissertation_source_files/source_LPC1768/example_sensor_bluetooth/mbed/TARGET_LPC1768/TOOLCHAIN_GCC_CR/libmbed.a(serial_api.o)
                0x00000c20                uart2_irq
 .text.serial_irq_set_internal
                0x00000c84       0xcc /home/andrea/documents/dissertation_source_files/source_LPC1768/example_sensor_bluetooth/mbed/TARGET_LPC1768/TOOLCHAIN_GCC_CR/libmbed.a(serial_api.o)
 .text.uart0_irq
                0x00000d50       0x64 /home/andrea/documents/dissertation_source_files/source_LPC1768/example_sensor_bluetooth/mbed/TARGET_LPC1768/TOOLCHAIN_GCC_CR/libmbed.a(serial_api.o)
                0x00000d50                uart0_irq
 .text.uart3_irq
                0x00000db4       0x6c /home/andrea/documents/dissertation_source_files/source_LPC1768/example_sensor_bluetooth/mbed/TARGET_LPC1768/TOOLCHAIN_GCC_CR/libmbed.a(serial_api.o)
                0x00000db4                uart3_irq
 .text.uart1_irq
                0x00000e20       0x64 /home/andrea/documents/dissertation_source_files/source_LPC1768/example_sensor_bluetooth/mbed/TARGET_LPC1768/TOOLCHAIN_GCC_CR/libmbed.a(serial_api.o)
                0x00000e20                uart1_irq
 .text.serial_baud
                0x00000e84      0x244 /home/andrea/documents/dissertation_source_files/source_LPC1768/example_sensor_bluetooth/mbed/TARGET_LPC1768/TOOLCHAIN_GCC_CR/libmbed.a(serial_api.o)
                0x00000e84                serial_baud
 .text.serial_format
                0x000010c8       0x78 /home/andrea/documents/dissertation_source_files/source_LPC1768/example_sensor_bluetooth/mbed/TARGET_LPC1768/TOOLCHAIN_GCC_CR/libmbed.a(serial_api.o)
                0x000010c8                serial_format
 .text.serial_irq_handler
                0x00001140       0x20 /home/andrea/documents/dissertation_source_files/source_LPC1768/example_sensor_bluetooth/mbed/TARGET_LPC1768/TOOLCHAIN_GCC_CR/libmbed.a(serial_api.o)
                0x00001140                serial_irq_handler
 .text.serial_irq_set
                0x00001160       0x20 /home/andrea/documents/dissertation_source_files/source_LPC1768/example_sensor_bluetooth/mbed/TARGET_LPC1768/TOOLCHAIN_GCC_CR/libmbed.a(serial_api.o)
                0x00001160                serial_irq_set
 .text.serial_getc
                0x00001180       0x38 /home/andrea/documents/dissertation_source_files/source_LPC1768/example_sensor_bluetooth/mbed/TARGET_LPC1768/TOOLCHAIN_GCC_CR/libmbed.a(serial_api.o)
                0x00001180                serial_getc
 .text.serial_readable
                0x000011b8        0xc /home/andrea/documents/dissertation_source_files/source_LPC1768/example_sensor_bluetooth/mbed/TARGET_LPC1768/TOOLCHAIN_GCC_CR/libmbed.a(serial_api.o)
                0x000011b8                serial_readable
 .text.serial_writable
                0x000011c4       0x74 /home/andrea/documents/dissertation_source_files/source_LPC1768/example_sensor_bluetooth/mbed/TARGET_LPC1768/TOOLCHAIN_GCC_CR/libmbed.a(serial_api.o)
                0x000011c4                serial_writable
 .text.serial_putc
                0x00001238       0x34 /home/andrea/documents/dissertation_source_files/source_LPC1768/example_sensor_bluetooth/mbed/TARGET_LPC1768/TOOLCHAIN_GCC_CR/libmbed.a(serial_api.o)
                0x00001238                serial_putc
 .text.serial_set_flow_control
                0x0000126c      0x12c /home/andrea/documents/dissertation_source_files/source_LPC1768/example_sensor_bluetooth/mbed/TARGET_LPC1768/TOOLCHAIN_GCC_CR/libmbed.a(serial_api.o)
                0x0000126c                serial_set_flow_control
 .text.serial_init
                0x00001398      0x1bc /home/andrea/documents/dissertation_source_files/source_LPC1768/example_sensor_bluetooth/mbed/TARGET_LPC1768/TOOLCHAIN_GCC_CR/libmbed.a(serial_api.o)
                0x00001398                serial_init
 .text._ZN4mbed8FilePathC2EPKc
                0x00001554       0x58 /home/andrea/documents/dissertation_source_files/source_LPC1768/example_sensor_bluetooth/mbed/TARGET_LPC1768/TOOLCHAIN_GCC_CR/libmbed.a(FilePath.o)
                0x00001554                mbed::FilePath::FilePath(char const*)
                0x00001554                mbed::FilePath::FilePath(char const*)
 .text._ZN4mbed8FilePath8fileNameEv
                0x000015ac        0x4 /home/andrea/documents/dissertation_source_files/source_LPC1768/example_sensor_bluetooth/mbed/TARGET_LPC1768/TOOLCHAIN_GCC_CR/libmbed.a(FilePath.o)
                0x000015ac                mbed::FilePath::fileName()
 .text._ZN4mbed8FilePath10fileSystemEv
                0x000015b0       0x18 /home/andrea/documents/dissertation_source_files/source_LPC1768/example_sensor_bluetooth/mbed/TARGET_LPC1768/TOOLCHAIN_GCC_CR/libmbed.a(FilePath.o)
                0x000015b0                mbed::FilePath::fileSystem()
 .text._ZN4mbed8FilePath6isFileEv
                0x000015c8       0x14 /home/andrea/documents/dissertation_source_files/source_LPC1768/example_sensor_bluetooth/mbed/TARGET_LPC1768/TOOLCHAIN_GCC_CR/libmbed.a(FilePath.o)
                0x000015c8                mbed::FilePath::isFile()
 .text._ZN4mbed8FilePath4fileEv
                0x000015dc       0x1c /home/andrea/documents/dissertation_source_files/source_LPC1768/example_sensor_bluetooth/mbed/TARGET_LPC1768/TOOLCHAIN_GCC_CR/libmbed.a(FilePath.o)
                0x000015dc                mbed::FilePath::file()
 .text._ZN4mbed8FilePath6existsEv
                0x000015f8        0xc /home/andrea/documents/dissertation_source_files/source_LPC1768/example_sensor_bluetooth/mbed/TARGET_LPC1768/TOOLCHAIN_GCC_CR/libmbed.a(FilePath.o)
                0x000015f8                mbed::FilePath::exists()
 .text._ZN4mbed6Serial5_getcEv
                0x00001604        0x4 /home/andrea/documents/dissertation_source_files/source_LPC1768/example_sensor_bluetooth/mbed/TARGET_LPC1768/TOOLCHAIN_GCC_CR/libmbed.a(Serial.o)
                0x00001604                mbed::Serial::_getc()
 .text._ZThn64_N4mbed6Serial5_getcEv
                0x00001608        0x8 /home/andrea/documents/dissertation_source_files/source_LPC1768/example_sensor_bluetooth/mbed/TARGET_LPC1768/TOOLCHAIN_GCC_CR/libmbed.a(Serial.o)
                0x00001608                non-virtual thunk to mbed::Serial::_getc()
 .text._ZN4mbed6Serial5_putcEi
                0x00001610        0x4 /home/andrea/documents/dissertation_source_files/source_LPC1768/example_sensor_bluetooth/mbed/TARGET_LPC1768/TOOLCHAIN_GCC_CR/libmbed.a(Serial.o)
                0x00001610                mbed::Serial::_putc(int)
 .text._ZThn64_N4mbed6Serial5_putcEi
                0x00001614        0x8 /home/andrea/documents/dissertation_source_files/source_LPC1768/example_sensor_bluetooth/mbed/TARGET_LPC1768/TOOLCHAIN_GCC_CR/libmbed.a(Serial.o)
                0x00001614                non-virtual thunk to mbed::Serial::_putc(int)
 .text._ZN4mbed6SerialC2E7PinNameS1_PKc
                0x0000161c       0x30 /home/andrea/documents/dissertation_source_files/source_LPC1768/example_sensor_bluetooth/mbed/TARGET_LPC1768/TOOLCHAIN_GCC_CR/libmbed.a(Serial.o)
                0x0000161c                mbed::Serial::Serial(PinName, PinName, char const*)
                0x0000161c                mbed::Serial::Serial(PinName, PinName, char const*)
 .text._ZN4mbed10SerialBase12_irq_handlerEm9SerialIrq
                0x0000164c       0x28 /home/andrea/documents/dissertation_source_files/source_LPC1768/example_sensor_bluetooth/mbed/TARGET_LPC1768/TOOLCHAIN_GCC_CR/libmbed.a(SerialBase.o)
                0x0000164c                mbed::SerialBase::_irq_handler(unsigned long, SerialIrq)
 .text._ZN4mbed10SerialBaseC2E7PinNameS1_
                0x00001674       0x3c /home/andrea/documents/dissertation_source_files/source_LPC1768/example_sensor_bluetooth/mbed/TARGET_LPC1768/TOOLCHAIN_GCC_CR/libmbed.a(SerialBase.o)
                0x00001674                mbed::SerialBase::SerialBase(PinName, PinName)
                0x00001674                mbed::SerialBase::SerialBase(PinName, PinName)
 .text._ZN4mbed10SerialBase4baudEi
                0x000016b0       0x10 /home/andrea/documents/dissertation_source_files/source_LPC1768/example_sensor_bluetooth/mbed/TARGET_LPC1768/TOOLCHAIN_GCC_CR/libmbed.a(SerialBase.o)
                0x000016b0                mbed::SerialBase::baud(int)
 .text._ZN4mbed10SerialBase8readableEv
                0x000016c0        0x8 /home/andrea/documents/dissertation_source_files/source_LPC1768/example_sensor_bluetooth/mbed/TARGET_LPC1768/TOOLCHAIN_GCC_CR/libmbed.a(SerialBase.o)
                0x000016c0                mbed::SerialBase::readable()
 .text._ZN4mbed10SerialBase6attachEPFvvENS0_7IrqTypeE
                0x000016c8       0x30 /home/andrea/documents/dissertation_source_files/source_LPC1768/example_sensor_bluetooth/mbed/TARGET_LPC1768/TOOLCHAIN_GCC_CR/libmbed.a(SerialBase.o)
                0x000016c8                mbed::SerialBase::attach(void (*)(), mbed::SerialBase::IrqType)
 .text._ZN4mbed10SerialBase10_base_getcEv
                0x000016f8        0x8 /home/andrea/documents/dissertation_source_files/source_LPC1768/example_sensor_bluetooth/mbed/TARGET_LPC1768/TOOLCHAIN_GCC_CR/libmbed.a(SerialBase.o)
                0x000016f8                mbed::SerialBase::_base_getc()
 .text._ZN4mbed10SerialBase10_base_putcEi
                0x00001700       0x10 /home/andrea/documents/dissertation_source_files/source_LPC1768/example_sensor_bluetooth/mbed/TARGET_LPC1768/TOOLCHAIN_GCC_CR/libmbed.a(SerialBase.o)
                0x00001700                mbed::SerialBase::_base_putc(int)
 .text._ZN4mbed6Stream5closeEv
                0x00001710        0x4 /home/andrea/documents/dissertation_source_files/source_LPC1768/example_sensor_bluetooth/mbed/TARGET_LPC1768/TOOLCHAIN_GCC_CR/libmbed.a(Stream.o)
                0x00001710                mbed::Stream::close()
 .text._ZN4mbed6Stream5writeEPKvj
                0x00001714       0x30 /home/andrea/documents/dissertation_source_files/source_LPC1768/example_sensor_bluetooth/mbed/TARGET_LPC1768/TOOLCHAIN_GCC_CR/libmbed.a(Stream.o)
                0x00001714                mbed::Stream::write(void const*, unsigned int)
 .text._ZN4mbed6Stream4readEPvj
                0x00001744       0x30 /home/andrea/documents/dissertation_source_files/source_LPC1768/example_sensor_bluetooth/mbed/TARGET_LPC1768/TOOLCHAIN_GCC_CR/libmbed.a(Stream.o)
                0x00001744                mbed::Stream::read(void*, unsigned int)
 .text._ZN4mbed6Stream5lseekEli
                0x00001774        0x4 /home/andrea/documents/dissertation_source_files/source_LPC1768/example_sensor_bluetooth/mbed/TARGET_LPC1768/TOOLCHAIN_GCC_CR/libmbed.a(Stream.o)
                0x00001774                mbed::Stream::lseek(long, int)
 .text._ZN4mbed6Stream6isattyEv
                0x00001778        0x4 /home/andrea/documents/dissertation_source_files/source_LPC1768/example_sensor_bluetooth/mbed/TARGET_LPC1768/TOOLCHAIN_GCC_CR/libmbed.a(Stream.o)
                0x00001778                mbed::Stream::isatty()
 .text._ZN4mbed6Stream5fsyncEv
                0x0000177c        0x4 /home/andrea/documents/dissertation_source_files/source_LPC1768/example_sensor_bluetooth/mbed/TARGET_LPC1768/TOOLCHAIN_GCC_CR/libmbed.a(Stream.o)
                0x0000177c                mbed::Stream::fsync()
 .text._ZN4mbed6Stream4flenEv
                0x00001780        0x4 /home/andrea/documents/dissertation_source_files/source_LPC1768/example_sensor_bluetooth/mbed/TARGET_LPC1768/TOOLCHAIN_GCC_CR/libmbed.a(Stream.o)
                0x00001780                mbed::Stream::flen()
 .text._ZN4mbed6StreamD2Ev
                0x00001784       0x24 /home/andrea/documents/dissertation_source_files/source_LPC1768/example_sensor_bluetooth/mbed/TARGET_LPC1768/TOOLCHAIN_GCC_CR/libmbed.a(Stream.o)
                0x00001784                mbed::Stream::~Stream()
                0x00001784                mbed::Stream::~Stream()
 .text._ZThn4_N4mbed6StreamD1Ev
                0x000017a8        0x8 /home/andrea/documents/dissertation_source_files/source_LPC1768/example_sensor_bluetooth/mbed/TARGET_LPC1768/TOOLCHAIN_GCC_CR/libmbed.a(Stream.o)
                0x000017a8                non-virtual thunk to mbed::Stream::~Stream()
 .text._ZN4mbed6StreamD0Ev
                0x000017b0       0x14 /home/andrea/documents/dissertation_source_files/source_LPC1768/example_sensor_bluetooth/mbed/TARGET_LPC1768/TOOLCHAIN_GCC_CR/libmbed.a(Stream.o)
                0x000017b0                mbed::Stream::~Stream()
 .text._ZThn4_N4mbed6StreamD0Ev
                0x000017c4        0x8 /home/andrea/documents/dissertation_source_files/source_LPC1768/example_sensor_bluetooth/mbed/TARGET_LPC1768/TOOLCHAIN_GCC_CR/libmbed.a(Stream.o)
                0x000017c4                non-virtual thunk to mbed::Stream::~Stream()
 .text._ZN4mbed6StreamC2EPKc
                0x000017cc       0x44 /home/andrea/documents/dissertation_source_files/source_LPC1768/example_sensor_bluetooth/mbed/TARGET_LPC1768/TOOLCHAIN_GCC_CR/libmbed.a(Stream.o)
                0x000017cc                mbed::Stream::Stream(char const*)
                0x000017cc                mbed::Stream::Stream(char const*)
 .text._ZN4mbed6Stream4putcEi
                0x00001810       0x18 /home/andrea/documents/dissertation_source_files/source_LPC1768/example_sensor_bluetooth/mbed/TARGET_LPC1768/TOOLCHAIN_GCC_CR/libmbed.a(Stream.o)
                0x00001810                mbed::Stream::putc(int)
 .text._ZN4mbed6Stream4getcEv
                0x00001828       0x14 /home/andrea/documents/dissertation_source_files/source_LPC1768/example_sensor_bluetooth/mbed/TARGET_LPC1768/TOOLCHAIN_GCC_CR/libmbed.a(Stream.o)
                0x00001828                mbed::Stream::getc()
 .text.mbed_assert_internal
                0x0000183c       0x2c /home/andrea/documents/dissertation_source_files/source_LPC1768/example_sensor_bluetooth/mbed/TARGET_LPC1768/TOOLCHAIN_GCC_CR/libmbed.a(assert.o)
                0x0000183c                mbed_assert_internal
 .text.error    0x00001868       0x24 /home/andrea/documents/dissertation_source_files/source_LPC1768/example_sensor_bluetooth/mbed/TARGET_LPC1768/TOOLCHAIN_GCC_CR/libmbed.a(error.o)
                0x00001868                error
 .text.gpio_init_in
                0x0000188c       0x24 /home/andrea/documents/dissertation_source_files/source_LPC1768/example_sensor_bluetooth/mbed/TARGET_LPC1768/TOOLCHAIN_GCC_CR/libmbed.a(gpio.o)
                0x0000188c                gpio_init_in
 .text.gpio_init_out
                0x000018b0       0x44 /home/andrea/documents/dissertation_source_files/source_LPC1768/example_sensor_bluetooth/mbed/TARGET_LPC1768/TOOLCHAIN_GCC_CR/libmbed.a(gpio.o)
                0x000018b0                gpio_init_out
 .text.gpio_init_out_ex
                0x000018f4       0x54 /home/andrea/documents/dissertation_source_files/source_LPC1768/example_sensor_bluetooth/mbed/TARGET_LPC1768/TOOLCHAIN_GCC_CR/libmbed.a(gpio.o)
                0x000018f4                gpio_init_out_ex
 .text.mbed_interface_connected
                0x00001948        0x4 /home/andrea/documents/dissertation_source_files/source_LPC1768/example_sensor_bluetooth/mbed/TARGET_LPC1768/TOOLCHAIN_GCC_CR/libmbed.a(mbed_interface.o)
                0x00001948                mbed_interface_connected
 .text.pinmap_pinout
                0x0000194c       0x40 /home/andrea/documents/dissertation_source_files/source_LPC1768/example_sensor_bluetooth/mbed/TARGET_LPC1768/TOOLCHAIN_GCC_CR/libmbed.a(pinmap_common.o)
                0x0000194c                pinmap_pinout
 .text.pinmap_merge
                0x0000198c       0x24 /home/andrea/documents/dissertation_source_files/source_LPC1768/example_sensor_bluetooth/mbed/TARGET_LPC1768/TOOLCHAIN_GCC_CR/libmbed.a(pinmap_common.o)
                0x0000198c                pinmap_merge
 .text.pinmap_find_peripheral
                0x000019b0       0x1c /home/andrea/documents/dissertation_source_files/source_LPC1768/example_sensor_bluetooth/mbed/TARGET_LPC1768/TOOLCHAIN_GCC_CR/libmbed.a(pinmap_common.o)
                0x000019b0                pinmap_find_peripheral
 .text.pinmap_peripheral
                0x000019cc       0x34 /home/andrea/documents/dissertation_source_files/source_LPC1768/example_sensor_bluetooth/mbed/TARGET_LPC1768/TOOLCHAIN_GCC_CR/libmbed.a(pinmap_common.o)
                0x000019cc                pinmap_peripheral
 .text.semihost_exit
                0x00001a00       0x18 /home/andrea/documents/dissertation_source_files/source_LPC1768/example_sensor_bluetooth/mbed/TARGET_LPC1768/TOOLCHAIN_GCC_CR/libmbed.a(semihost_api.o)
                0x00001a00                semihost_exit
 .text.semihost_connected
                0x00001a18       0x10 /home/andrea/documents/dissertation_source_files/source_LPC1768/example_sensor_bluetooth/mbed/TARGET_LPC1768/TOOLCHAIN_GCC_CR/libmbed.a(semihost_api.o)
                0x00001a18                semihost_connected
 .text.wait_us  0x00001a28       0x18 /home/andrea/documents/dissertation_source_files/source_LPC1768/example_sensor_bluetooth/mbed/TARGET_LPC1768/TOOLCHAIN_GCC_CR/libmbed.a(wait_api.o)
                0x00001a28                wait_us
 .text.wait     0x00001a40       0x18 /home/andrea/documents/dissertation_source_files/source_LPC1768/example_sensor_bluetooth/mbed/TARGET_LPC1768/TOOLCHAIN_GCC_CR/libmbed.a(wait_api.o)
                0x00001a40                wait
 .text.wait_ms  0x00001a58        0xc /home/andrea/documents/dissertation_source_files/source_LPC1768/example_sensor_bluetooth/mbed/TARGET_LPC1768/TOOLCHAIN_GCC_CR/libmbed.a(wait_api.o)
                0x00001a58                wait_ms
 .text.gpio_set
                0x00001a64       0x30 /home/andrea/documents/dissertation_source_files/source_LPC1768/example_sensor_bluetooth/mbed/TARGET_LPC1768/TOOLCHAIN_GCC_CR/libmbed.a(gpio_api.o)
                0x00001a64                gpio_set
 .text.gpio_init
                0x00001a94       0x30 /home/andrea/documents/dissertation_source_files/source_LPC1768/example_sensor_bluetooth/mbed/TARGET_LPC1768/TOOLCHAIN_GCC_CR/libmbed.a(gpio_api.o)
                0x00001a94                gpio_init
 .text.gpio_mode
                0x00001ac4        0x8 /home/andrea/documents/dissertation_source_files/source_LPC1768/example_sensor_bluetooth/mbed/TARGET_LPC1768/TOOLCHAIN_GCC_CR/libmbed.a(gpio_api.o)
                0x00001ac4                gpio_mode
 .text.gpio_dir
                0x00001acc       0x44 /home/andrea/documents/dissertation_source_files/source_LPC1768/example_sensor_bluetooth/mbed/TARGET_LPC1768/TOOLCHAIN_GCC_CR/libmbed.a(gpio_api.o)
                0x00001acc                gpio_dir
 .text.pin_function
                0x00001b10       0x50 /home/andrea/documents/dissertation_source_files/source_LPC1768/example_sensor_bluetooth/mbed/TARGET_LPC1768/TOOLCHAIN_GCC_CR/libmbed.a(pinmap.o)
                0x00001b10                pin_function
 .text.pin_mode
                0x00001b60       0x78 /home/andrea/documents/dissertation_source_files/source_LPC1768/example_sensor_bluetooth/mbed/TARGET_LPC1768/TOOLCHAIN_GCC_CR/libmbed.a(pinmap.o)
                0x00001b60                pin_mode
 .text.us_ticker_init
                0x00001bd8       0x68 /home/andrea/documents/dissertation_source_files/source_LPC1768/example_sensor_bluetooth/mbed/TARGET_LPC1768/TOOLCHAIN_GCC_CR/libmbed.a(us_ticker.o)
                0x00001bd8                us_ticker_init
 .text.us_ticker_read
                0x00001c40       0x1c /home/andrea/documents/dissertation_source_files/source_LPC1768/example_sensor_bluetooth/mbed/TARGET_LPC1768/TOOLCHAIN_GCC_CR/libmbed.a(us_ticker.o)
                0x00001c40                us_ticker_read
 .text.us_ticker_set_interrupt
                0x00001c5c       0x14 /home/andrea/documents/dissertation_source_files/source_LPC1768/example_sensor_bluetooth/mbed/TARGET_LPC1768/TOOLCHAIN_GCC_CR/libmbed.a(us_ticker.o)
                0x00001c5c                us_ticker_set_interrupt
 .text.us_ticker_disable_interrupt
                0x00001c70       0x10 /home/andrea/documents/dissertation_source_files/source_LPC1768/example_sensor_bluetooth/mbed/TARGET_LPC1768/TOOLCHAIN_GCC_CR/libmbed.a(us_ticker.o)
                0x00001c70                us_ticker_disable_interrupt
 .text.us_ticker_clear_interrupt
                0x00001c80        0xc /home/andrea/documents/dissertation_source_files/source_LPC1768/example_sensor_bluetooth/mbed/TARGET_LPC1768/TOOLCHAIN_GCC_CR/libmbed.a(us_ticker.o)
                0x00001c80                us_ticker_clear_interrupt
 .text._ZN4mbed8FileBaseD2Ev
                0x00001c8c       0x30 /home/andrea/documents/dissertation_source_files/source_LPC1768/example_sensor_bluetooth/mbed/TARGET_LPC1768/TOOLCHAIN_GCC_CR/libmbed.a(FileBase.o)
                0x00001c8c                mbed::FileBase::~FileBase()
                0x00001c8c                mbed::FileBase::~FileBase()
 .text._ZN4mbed8FileBaseD0Ev
                0x00001cbc       0x3c /home/andrea/documents/dissertation_source_files/source_LPC1768/example_sensor_bluetooth/mbed/TARGET_LPC1768/TOOLCHAIN_GCC_CR/libmbed.a(FileBase.o)
                0x00001cbc                mbed::FileBase::~FileBase()
 .text._ZN4mbed8FileBaseC2EPKcNS_8PathTypeE
                0x00001cf8       0x28 /home/andrea/documents/dissertation_source_files/source_LPC1768/example_sensor_bluetooth/mbed/TARGET_LPC1768/TOOLCHAIN_GCC_CR/libmbed.a(FileBase.o)
                0x00001cf8                mbed::FileBase::FileBase(char const*, mbed::PathType)
                0x00001cf8                mbed::FileBase::FileBase(char const*, mbed::PathType)
 .text._ZN4mbed8FileBase6lookupEPKcj
                0x00001d20       0x3c /home/andrea/documents/dissertation_source_files/source_LPC1768/example_sensor_bluetooth/mbed/TARGET_LPC1768/TOOLCHAIN_GCC_CR/libmbed.a(FileBase.o)
                0x00001d20                mbed::FileBase::lookup(char const*, unsigned int)
 .text._ZN4mbed8FileBase11getPathTypeEv
                0x00001d5c        0x4 /home/andrea/documents/dissertation_source_files/source_LPC1768/example_sensor_bluetooth/mbed/TARGET_LPC1768/TOOLCHAIN_GCC_CR/libmbed.a(FileBase.o)
                0x00001d5c                mbed::FileBase::getPathType()
 .text._ZN4mbed8FileLikeD2Ev
                0x00001d60       0x24 /home/andrea/documents/dissertation_source_files/source_LPC1768/example_sensor_bluetooth/mbed/TARGET_LPC1768/TOOLCHAIN_GCC_CR/libmbed.a(FileLike.o)
                0x00001d60                mbed::FileLike::~FileLike()
                0x00001d60                mbed::FileLike::~FileLike()
 .text._ZThn4_N4mbed8FileLikeD1Ev
                0x00001d84        0x8 /home/andrea/documents/dissertation_source_files/source_LPC1768/example_sensor_bluetooth/mbed/TARGET_LPC1768/TOOLCHAIN_GCC_CR/libmbed.a(FileLike.o)
                0x00001d84                non-virtual thunk to mbed::FileLike::~FileLike()
 .text._ZN4mbed8FileLikeD0Ev
                0x00001d8c       0x2c /home/andrea/documents/dissertation_source_files/source_LPC1768/example_sensor_bluetooth/mbed/TARGET_LPC1768/TOOLCHAIN_GCC_CR/libmbed.a(FileLike.o)
                0x00001d8c                mbed::FileLike::~FileLike()
 .text._ZThn4_N4mbed8FileLikeD0Ev
                0x00001db8        0x8 /home/andrea/documents/dissertation_source_files/source_LPC1768/example_sensor_bluetooth/mbed/TARGET_LPC1768/TOOLCHAIN_GCC_CR/libmbed.a(FileLike.o)
                0x00001db8                non-virtual thunk to mbed::FileLike::~FileLike()
 .text._ZN4mbed8FileLikeC2EPKc
                0x00001dc0       0x28 /home/andrea/documents/dissertation_source_files/source_LPC1768/example_sensor_bluetooth/mbed/TARGET_LPC1768/TOOLCHAIN_GCC_CR/libmbed.a(FileLike.o)
                0x00001dc0                mbed::FileLike::FileLike(char const*)
                0x00001dc0                mbed::FileLike::FileLike(char const*)
 .text.us_ticker_irq_handler
                0x00001de8        0xc /home/andrea/documents/dissertation_source_files/source_LPC1768/example_sensor_bluetooth/mbed/TARGET_LPC1768/TOOLCHAIN_GCC_CR/libmbed.a(us_ticker_api.o)
                0x00001de8                us_ticker_irq_handler
 .text.ticker_irq_handler
                0x00001df4       0x48 /home/andrea/documents/dissertation_source_files/source_LPC1768/example_sensor_bluetooth/mbed/TARGET_LPC1768/TOOLCHAIN_GCC_CR/libmbed.a(ticker_api.o)
                0x00001df4                ticker_irq_handler
 .text          0x00001e3c      0x370 /usr/local/lpcxpresso_7.7.2_379/lpcxpresso/tools/bin/../lib/gcc/arm-none-eabi/4.9.3/armv7-m/libgcc.a(_arm_addsubdf3.o)
                0x00001e3c                __aeabi_drsub
                0x00001e44                __aeabi_dsub
                0x00001e44                __subdf3
                0x00001e48                __adddf3
                0x00001e48                __aeabi_dadd
                0x000020c0                __aeabi_ui2d
                0x000020c0                __floatunsidf
                0x000020e0                __floatsidf
                0x000020e0                __aeabi_i2d
                0x00002104                __extendsfdf2
                0x00002104                __aeabi_f2d
                0x00002140                __aeabi_ul2d
                0x00002140                __floatundidf
                0x00002150                __floatdidf
                0x00002150                __aeabi_l2d
 .text          0x000021ac      0x424 /usr/local/lpcxpresso_7.7.2_379/lpcxpresso/tools/bin/../lib/gcc/arm-none-eabi/4.9.3/armv7-m/libgcc.a(_arm_muldivdf3.o)
                0x000021ac                __aeabi_dmul
                0x000021ac                __muldf3
                0x00002400                __aeabi_ddiv
                0x00002400                __divdf3
 .text          0x000025d0       0xa0 /usr/local/lpcxpresso_7.7.2_379/lpcxpresso/tools/bin/../lib/gcc/arm-none-eabi/4.9.3/armv7-m/libgcc.a(_arm_truncdfsf2.o)
                0x000025d0                __aeabi_d2f
                0x000025d0                __truncdfsf2
 .text          0x00002670      0x21c /usr/local/lpcxpresso_7.7.2_379/lpcxpresso/tools/bin/../lib/gcc/arm-none-eabi/4.9.3/armv7-m/libgcc.a(_arm_addsubsf3.o)
                0x00002670                __aeabi_frsub
                0x00002678                __subsf3
                0x00002678                __aeabi_fsub
                0x0000267c                __aeabi_fadd
                0x0000267c                __addsf3
                0x000027dc                __aeabi_ui2f
                0x000027dc                __floatunsisf
                0x000027e4                __aeabi_i2f
                0x000027e4                __floatsisf
                0x00002800                __floatundisf
                0x00002800                __aeabi_ul2f
                0x00002810                __floatdisf
                0x00002810                __aeabi_l2f
 .text          0x0000288c      0x2a0 /usr/local/lpcxpresso_7.7.2_379/lpcxpresso/tools/bin/../lib/gcc/arm-none-eabi/4.9.3/armv7-m/libgcc.a(_arm_muldivsf3.o)
                0x0000288c                __mulsf3
                0x0000288c                __aeabi_fmul
                0x000029f4                __divsf3
                0x000029f4                __aeabi_fdiv
 .text          0x00002b2c       0x4c /usr/local/lpcxpresso_7.7.2_379/lpcxpresso/tools/bin/../lib/gcc/arm-none-eabi/4.9.3/armv7-m/libgcc.a(_arm_fixsfsi.o)
                0x00002b2c                __fixsfsi
                0x00002b2c                __aeabi_f2iz
 .text          0x00002b78       0x2c /usr/local/lpcxpresso_7.7.2_379/lpcxpresso/tools/bin/../lib/gcc/arm-none-eabi/4.9.3/armv7-m/libgcc.a(_aeabi_uldivmod.o)
                0x00002b78                __aeabi_uldivmod
 .text          0x00002ba4       0x60 /usr/local/lpcxpresso_7.7.2_379/lpcxpresso/tools/bin/../lib/gcc/arm-none-eabi/4.9.3/armv7-m/libgcc.a(bpabi.o)
                0x00002ba4                __gnu_ldivmod_helper
                0x00002bd4                __gnu_uldivmod_helper
 .text          0x00002c04        0x4 /usr/local/lpcxpresso_7.7.2_379/lpcxpresso/tools/bin/../lib/gcc/arm-none-eabi/4.9.3/armv7-m/libgcc.a(_dvmd_tls.o)
                0x00002c04                __aeabi_ldiv0
                0x00002c04                __aeabi_idiv0
 .text          0x00002c08      0x2ac /usr/local/lpcxpresso_7.7.2_379/lpcxpresso/tools/bin/../lib/gcc/arm-none-eabi/4.9.3/armv7-m/libgcc.a(_divdi3.o)
                0x00002c08                __divdi3
 .text          0x00002eb4      0x270 /usr/local/lpcxpresso_7.7.2_379/lpcxpresso/tools/bin/../lib/gcc/arm-none-eabi/4.9.3/armv7-m/libgcc.a(_udivdi3.o)
                0x00002eb4                __udivdi3
 .text.abs      0x00003124        0x8 /usr/local/lpcxpresso_7.7.2_379/lpcxpresso/tools/bin/../lib/gcc/arm-none-eabi/4.9.3/../../../../arm-none-eabi/lib/armv7-m/libc.a(lib_a-abs.o)
                0x00003124                abs
 .text.__errno  0x0000312c        0xc /usr/local/lpcxpresso_7.7.2_379/lpcxpresso/tools/bin/../lib/gcc/arm-none-eabi/4.9.3/../../../../arm-none-eabi/lib/armv7-m/libc.a(lib_a-errno.o)
                0x0000312c                __errno
 .text._fclose_r
                0x00003138       0x84 /usr/local/lpcxpresso_7.7.2_379/lpcxpresso/tools/bin/../lib/gcc/arm-none-eabi/4.9.3/../../../../arm-none-eabi/lib/armv7-m/libc.a(lib_a-fclose.o)
                0x00003138                _fclose_r
 .text.fclose   0x000031bc       0x10 /usr/local/lpcxpresso_7.7.2_379/lpcxpresso/tools/bin/../lib/gcc/arm-none-eabi/4.9.3/../../../../arm-none-eabi/lib/armv7-m/libc.a(lib_a-fclose.o)
                0x000031bc                fclose
 .text.__sflush_r
                0x000031cc      0x148 /usr/local/lpcxpresso_7.7.2_379/lpcxpresso/tools/bin/../lib/gcc/arm-none-eabi/4.9.3/../../../../arm-none-eabi/lib/armv7-m/libc.a(lib_a-fflush.o)
                0x000031cc                __sflush_r
 .text._fflush_r
                0x00003314       0x2c /usr/local/lpcxpresso_7.7.2_379/lpcxpresso/tools/bin/../lib/gcc/arm-none-eabi/4.9.3/../../../../arm-none-eabi/lib/armv7-m/libc.a(lib_a-fflush.o)
                0x00003314                _fflush_r
 .text.fflush   0x00003340       0x24 /usr/local/lpcxpresso_7.7.2_379/lpcxpresso/tools/bin/../lib/gcc/arm-none-eabi/4.9.3/../../../../arm-none-eabi/lib/armv7-m/libc.a(lib_a-fflush.o)
                0x00003340                fflush
 .text.fgetc    0x00003364       0x3c /usr/local/lpcxpresso_7.7.2_379/lpcxpresso/tools/bin/../lib/gcc/arm-none-eabi/4.9.3/../../../../arm-none-eabi/lib/armv7-m/libc.a(lib_a-fgetc.o)
                0x00003364                fgetc
 .text._cleanup_r
                0x000033a0        0xc /usr/local/lpcxpresso_7.7.2_379/lpcxpresso/tools/bin/../lib/gcc/arm-none-eabi/4.9.3/../../../../arm-none-eabi/lib/armv7-m/libc.a(lib_a-findfp.o)
                0x000033a0                _cleanup_r
 .text.__sinit.part.1
                0x000033ac       0xf0 /usr/local/lpcxpresso_7.7.2_379/lpcxpresso/tools/bin/../lib/gcc/arm-none-eabi/4.9.3/../../../../arm-none-eabi/lib/armv7-m/libc.a(lib_a-findfp.o)
 .text.__sfmoreglue
                0x0000349c       0x30 /usr/local/lpcxpresso_7.7.2_379/lpcxpresso/tools/bin/../lib/gcc/arm-none-eabi/4.9.3/../../../../arm-none-eabi/lib/armv7-m/libc.a(lib_a-findfp.o)
                0x0000349c                __sfmoreglue
 .text.__sfp    0x000034cc       0x88 /usr/local/lpcxpresso_7.7.2_379/lpcxpresso/tools/bin/../lib/gcc/arm-none-eabi/4.9.3/../../../../arm-none-eabi/lib/armv7-m/libc.a(lib_a-findfp.o)
                0x000034cc                __sfp
 .text.__sinit  0x00003554        0xc /usr/local/lpcxpresso_7.7.2_379/lpcxpresso/tools/bin/../lib/gcc/arm-none-eabi/4.9.3/../../../../arm-none-eabi/lib/armv7-m/libc.a(lib_a-findfp.o)
                0x00003554                __sinit
 .text.__sfp_lock_acquire
                0x00003560        0x4 /usr/local/lpcxpresso_7.7.2_379/lpcxpresso/tools/bin/../lib/gcc/arm-none-eabi/4.9.3/../../../../arm-none-eabi/lib/armv7-m/libc.a(lib_a-findfp.o)
                0x00003560                __sfp_lock_acquire
 .text.__sfp_lock_release
                0x00003564        0x4 /usr/local/lpcxpresso_7.7.2_379/lpcxpresso/tools/bin/../lib/gcc/arm-none-eabi/4.9.3/../../../../arm-none-eabi/lib/armv7-m/libc.a(lib_a-findfp.o)
                0x00003564                __sfp_lock_release
 .text._fopen_r
                0x00003568       0x88 /usr/local/lpcxpresso_7.7.2_379/lpcxpresso/tools/bin/../lib/gcc/arm-none-eabi/4.9.3/../../../../arm-none-eabi/lib/armv7-m/libc.a(lib_a-fopen.o)
                0x00003568                _fopen_r
 .text.fopen    0x000035f0       0x10 /usr/local/lpcxpresso_7.7.2_379/lpcxpresso/tools/bin/../lib/gcc/arm-none-eabi/4.9.3/../../../../arm-none-eabi/lib/armv7-m/libc.a(lib_a-fopen.o)
                0x000035f0                fopen
 .text.fprintf  0x00003600       0x28 /usr/local/lpcxpresso_7.7.2_379/lpcxpresso/tools/bin/../lib/gcc/arm-none-eabi/4.9.3/../../../../arm-none-eabi/lib/armv7-m/libc.a(lib_a-fprintf.o)
                0x00003600                fprintf
 .text.fputc    0x00003628       0x28 /usr/local/lpcxpresso_7.7.2_379/lpcxpresso/tools/bin/../lib/gcc/arm-none-eabi/4.9.3/../../../../arm-none-eabi/lib/armv7-m/libc.a(lib_a-fputc.o)
                0x00003628                fputc
 .text._malloc_trim_r
                0x00003650       0x9c /usr/local/lpcxpresso_7.7.2_379/lpcxpresso/tools/bin/../lib/gcc/arm-none-eabi/4.9.3/../../../../arm-none-eabi/lib/armv7-m/libc.a(lib_a-freer.o)
                0x00003650                _malloc_trim_r
 .text._free_r  0x000036ec      0x1b0 /usr/local/lpcxpresso_7.7.2_379/lpcxpresso/tools/bin/../lib/gcc/arm-none-eabi/4.9.3/../../../../arm-none-eabi/lib/armv7-m/libc.a(lib_a-freer.o)
                0x000036ec                _free_r
 .text._fseek_r
                0x0000389c        0x4 /usr/local/lpcxpresso_7.7.2_379/lpcxpresso/tools/bin/../lib/gcc/arm-none-eabi/4.9.3/../../../../arm-none-eabi/lib/armv7-m/libc.a(lib_a-fseek.o)
                0x0000389c                _fseek_r
 .text._fseeko_r
                0x000038a0      0x2c0 /usr/local/lpcxpresso_7.7.2_379/lpcxpresso/tools/bin/../lib/gcc/arm-none-eabi/4.9.3/../../../../arm-none-eabi/lib/armv7-m/libc.a(lib_a-fseeko.o)
                0x000038a0                _fseeko_r
 .text._fstat_r
                0x00003b60       0x28 /usr/local/lpcxpresso_7.7.2_379/lpcxpresso/tools/bin/../lib/gcc/arm-none-eabi/4.9.3/../../../../arm-none-eabi/lib/armv7-m/libc.a(lib_a-fstatr.o)
                0x00003b60                _fstat_r
 .text.__sfvwrite_r
                0x00003b88      0x320 /usr/local/lpcxpresso_7.7.2_379/lpcxpresso/tools/bin/../lib/gcc/arm-none-eabi/4.9.3/../../../../arm-none-eabi/lib/armv7-m/libc.a(lib_a-fvwrite.o)
                0x00003b88                __sfvwrite_r
 .text._fwalk   0x00003ea8       0x48 /usr/local/lpcxpresso_7.7.2_379/lpcxpresso/tools/bin/../lib/gcc/arm-none-eabi/4.9.3/../../../../arm-none-eabi/lib/armv7-m/libc.a(lib_a-fwalk.o)
                0x00003ea8                _fwalk
 .text._fwalk_reent
                0x00003ef0       0x50 /usr/local/lpcxpresso_7.7.2_379/lpcxpresso/tools/bin/../lib/gcc/arm-none-eabi/4.9.3/../../../../arm-none-eabi/lib/armv7-m/libc.a(lib_a-fwalk.o)
                0x00003ef0                _fwalk_reent
 .text.__libc_init_array
                0x00003f40       0x50 /usr/local/lpcxpresso_7.7.2_379/lpcxpresso/tools/bin/../lib/gcc/arm-none-eabi/4.9.3/../../../../arm-none-eabi/lib/armv7-m/libc.a(lib_a-init.o)
                0x00003f40                __libc_init_array
 .text.__smakebuf_r
                0x00003f90       0xe0 /usr/local/lpcxpresso_7.7.2_379/lpcxpresso/tools/bin/../lib/gcc/arm-none-eabi/4.9.3/../../../../arm-none-eabi/lib/armv7-m/libc.a(lib_a-makebuf.o)
                0x00003f90                __smakebuf_r
 .text.malloc   0x00004070       0x10 /usr/local/lpcxpresso_7.7.2_379/lpcxpresso/tools/bin/../lib/gcc/arm-none-eabi/4.9.3/../../../../arm-none-eabi/lib/armv7-m/libc.a(lib_a-malloc.o)
                0x00004070                malloc
 .text.free     0x00004080       0x10 /usr/local/lpcxpresso_7.7.2_379/lpcxpresso/tools/bin/../lib/gcc/arm-none-eabi/4.9.3/../../../../arm-none-eabi/lib/armv7-m/libc.a(lib_a-malloc.o)
                0x00004080                free
 .text._malloc_r
                0x00004090      0x504 /usr/local/lpcxpresso_7.7.2_379/lpcxpresso/tools/bin/../lib/gcc/arm-none-eabi/4.9.3/../../../../arm-none-eabi/lib/armv7-m/libc.a(lib_a-mallocr.o)
                0x00004090                _malloc_r
 .text.memchr   0x00004594       0x94 /usr/local/lpcxpresso_7.7.2_379/lpcxpresso/tools/bin/../lib/gcc/arm-none-eabi/4.9.3/../../../../arm-none-eabi/lib/armv7-m/libc.a(lib_a-memchr.o)
                0x00004594                memchr
 .text          0x00004628       0xec /usr/local/lpcxpresso_7.7.2_379/lpcxpresso/tools/bin/../lib/gcc/arm-none-eabi/4.9.3/../../../../arm-none-eabi/lib/armv7-m/libc.a(lib_a-memcpy.o)
                0x00004628                memcpy
 .text.memmove  0x00004714       0xc8 /usr/local/lpcxpresso_7.7.2_379/lpcxpresso/tools/bin/../lib/gcc/arm-none-eabi/4.9.3/../../../../arm-none-eabi/lib/armv7-m/libc.a(lib_a-memmove.o)
                0x00004714                memmove
 .text.memset   0x000047dc       0x9c /usr/local/lpcxpresso_7.7.2_379/lpcxpresso/tools/bin/../lib/gcc/arm-none-eabi/4.9.3/../../../../arm-none-eabi/lib/armv7-m/libc.a(lib_a-memset.o)
                0x000047dc                memset
 .text.__malloc_lock
                0x00004878        0x4 /usr/local/lpcxpresso_7.7.2_379/lpcxpresso/tools/bin/../lib/gcc/arm-none-eabi/4.9.3/../../../../arm-none-eabi/lib/armv7-m/libc.a(lib_a-mlock.o)
                0x00004878                __malloc_lock
 .text.__malloc_unlock
                0x0000487c        0x4 /usr/local/lpcxpresso_7.7.2_379/lpcxpresso/tools/bin/../lib/gcc/arm-none-eabi/4.9.3/../../../../arm-none-eabi/lib/armv7-m/libc.a(lib_a-mlock.o)
                0x0000487c                __malloc_unlock
 .text._open_r  0x00004880       0x28 /usr/local/lpcxpresso_7.7.2_379/lpcxpresso/tools/bin/../lib/gcc/arm-none-eabi/4.9.3/../../../../arm-none-eabi/lib/armv7-m/libc.a(lib_a-openr.o)
                0x00004880                _open_r
 .text._putc_r  0x000048a8       0x58 /usr/local/lpcxpresso_7.7.2_379/lpcxpresso/tools/bin/../lib/gcc/arm-none-eabi/4.9.3/../../../../arm-none-eabi/lib/armv7-m/libc.a(lib_a-putc.o)
                0x000048a8                _putc_r
 .text._realloc_r
                0x00004900      0x3e0 /usr/local/lpcxpresso_7.7.2_379/lpcxpresso/tools/bin/../lib/gcc/arm-none-eabi/4.9.3/../../../../arm-none-eabi/lib/armv7-m/libc.a(lib_a-reallocr.o)
                0x00004900                _realloc_r
 .text.lflush   0x00004ce0       0x14 /usr/local/lpcxpresso_7.7.2_379/lpcxpresso/tools/bin/../lib/gcc/arm-none-eabi/4.9.3/../../../../arm-none-eabi/lib/armv7-m/libc.a(lib_a-refill.o)
 .text.__srefill_r
                0x00004cf4      0x110 /usr/local/lpcxpresso_7.7.2_379/lpcxpresso/tools/bin/../lib/gcc/arm-none-eabi/4.9.3/../../../../arm-none-eabi/lib/armv7-m/libc.a(lib_a-refill.o)
                0x00004cf4                __srefill_r
 .text.__srget_r
                0x00004e04       0x34 /usr/local/lpcxpresso_7.7.2_379/lpcxpresso/tools/bin/../lib/gcc/arm-none-eabi/4.9.3/../../../../arm-none-eabi/lib/armv7-m/libc.a(lib_a-rget.o)
                0x00004e04                __srget_r
 .text._sbrk_r  0x00004e38       0x24 /usr/local/lpcxpresso_7.7.2_379/lpcxpresso/tools/bin/../lib/gcc/arm-none-eabi/4.9.3/../../../../arm-none-eabi/lib/armv7-m/libc.a(lib_a-sbrkr.o)
                0x00004e38                _sbrk_r
 .text.setbuf   0x00004e5c       0x10 /usr/local/lpcxpresso_7.7.2_379/lpcxpresso/tools/bin/../lib/gcc/arm-none-eabi/4.9.3/../../../../arm-none-eabi/lib/armv7-m/libc.a(lib_a-setbuf.o)
                0x00004e5c                setbuf
 .text.setvbuf  0x00004e6c       0xf8 /usr/local/lpcxpresso_7.7.2_379/lpcxpresso/tools/bin/../lib/gcc/arm-none-eabi/4.9.3/../../../../arm-none-eabi/lib/armv7-m/libc.a(lib_a-setvbuf.o)
                0x00004e6c                setvbuf
 .text.sprintf  0x00004f64       0x4c /usr/local/lpcxpresso_7.7.2_379/lpcxpresso/tools/bin/../lib/gcc/arm-none-eabi/4.9.3/../../../../arm-none-eabi/lib/armv7-m/libc.a(lib_a-sprintf.o)
                0x00004f64                sprintf
 .text.sscanf   0x00004fb0       0x58 /usr/local/lpcxpresso_7.7.2_379/lpcxpresso/tools/bin/../lib/gcc/arm-none-eabi/4.9.3/../../../../arm-none-eabi/lib/armv7-m/libc.a(lib_a-sscanf.o)
                0x00004fb0                sscanf
 .text.__sread  0x00005008       0x24 /usr/local/lpcxpresso_7.7.2_379/lpcxpresso/tools/bin/../lib/gcc/arm-none-eabi/4.9.3/../../../../arm-none-eabi/lib/armv7-m/libc.a(lib_a-stdio.o)
                0x00005008                __sread
 .text.__seofread
                0x0000502c        0x4 /usr/local/lpcxpresso_7.7.2_379/lpcxpresso/tools/bin/../lib/gcc/arm-none-eabi/4.9.3/../../../../arm-none-eabi/lib/armv7-m/libc.a(lib_a-stdio.o)
                0x0000502c                __seofread
 .text.__swrite
                0x00005030       0x38 /usr/local/lpcxpresso_7.7.2_379/lpcxpresso/tools/bin/../lib/gcc/arm-none-eabi/4.9.3/../../../../arm-none-eabi/lib/armv7-m/libc.a(lib_a-stdio.o)
                0x00005030                __swrite
 .text.__sseek  0x00005068       0x20 /usr/local/lpcxpresso_7.7.2_379/lpcxpresso/tools/bin/../lib/gcc/arm-none-eabi/4.9.3/../../../../arm-none-eabi/lib/armv7-m/libc.a(lib_a-stdio.o)
                0x00005068                __sseek
 .text.__sclose
                0x00005088        0x8 /usr/local/lpcxpresso_7.7.2_379/lpcxpresso/tools/bin/../lib/gcc/arm-none-eabi/4.9.3/../../../../arm-none-eabi/lib/armv7-m/libc.a(lib_a-stdio.o)
                0x00005088                __sclose
 .text          0x00005090      0x1bc /usr/local/lpcxpresso_7.7.2_379/lpcxpresso/tools/bin/../lib/gcc/arm-none-eabi/4.9.3/../../../../arm-none-eabi/lib/armv7-m/libc.a(lib_a-strcmp.o)
                0x00005090                strcmp
 .text.strlen   0x0000524c       0x5c /usr/local/lpcxpresso_7.7.2_379/lpcxpresso/tools/bin/../lib/gcc/arm-none-eabi/4.9.3/../../../../arm-none-eabi/lib/armv7-m/libc.a(lib_a-strlen.o)
                0x0000524c                strlen
 .text.strncmp  0x000052a8       0x94 /usr/local/lpcxpresso_7.7.2_379/lpcxpresso/tools/bin/../lib/gcc/arm-none-eabi/4.9.3/../../../../arm-none-eabi/lib/armv7-m/libc.a(lib_a-strncmp.o)
                0x000052a8                strncmp
 .text._svfprintf_r
                0x0000533c     0x14f4 /usr/local/lpcxpresso_7.7.2_379/lpcxpresso/tools/bin/../lib/gcc/arm-none-eabi/4.9.3/../../../../arm-none-eabi/lib/armv7-m/libc.a(lib_a-svfprintf.o)
                0x0000533c                _svfprintf_r
 .text.__ssvfscanf_r
                0x00006830      0xdf4 /usr/local/lpcxpresso_7.7.2_379/lpcxpresso/tools/bin/../lib/gcc/arm-none-eabi/4.9.3/../../../../arm-none-eabi/lib/armv7-m/libc.a(lib_a-svfscanf.o)
                0x00006830                __ssvfscanf_r
 .text._vfprintf_r
                0x00007624     0x1448 /usr/local/lpcxpresso_7.7.2_379/lpcxpresso/tools/bin/../lib/gcc/arm-none-eabi/4.9.3/../../../../arm-none-eabi/lib/armv7-m/libc.a(lib_a-vfprintf.o)
                0x00007624                _vfprintf_r
 .text.vfprintf
                0x00008a6c       0x18 /usr/local/lpcxpresso_7.7.2_379/lpcxpresso/tools/bin/../lib/gcc/arm-none-eabi/4.9.3/../../../../arm-none-eabi/lib/armv7-m/libc.a(lib_a-vfprintf.o)
                0x00008a6c                vfprintf
 .text.__sbprintf
                0x00008a84       0x7c /usr/local/lpcxpresso_7.7.2_379/lpcxpresso/tools/bin/../lib/gcc/arm-none-eabi/4.9.3/../../../../arm-none-eabi/lib/armv7-m/libc.a(lib_a-vfprintf.o)
 .text.__swbuf_r
                0x00008b00       0xa8 /usr/local/lpcxpresso_7.7.2_379/lpcxpresso/tools/bin/../lib/gcc/arm-none-eabi/4.9.3/../../../../arm-none-eabi/lib/armv7-m/libc.a(lib_a-wbuf.o)
                0x00008b00                __swbuf_r
 .text._write_r
                0x00008ba8       0x28 /usr/local/lpcxpresso_7.7.2_379/lpcxpresso/tools/bin/../lib/gcc/arm-none-eabi/4.9.3/../../../../arm-none-eabi/lib/armv7-m/libc.a(lib_a-writer.o)
                0x00008ba8                _write_r
 .text.__swsetup_r
                0x00008bd0       0xc4 /usr/local/lpcxpresso_7.7.2_379/lpcxpresso/tools/bin/../lib/gcc/arm-none-eabi/4.9.3/../../../../arm-none-eabi/lib/armv7-m/libc.a(lib_a-wsetup.o)
                0x00008bd0                __swsetup_r
 .text._close_r
                0x00008c94       0x24 /usr/local/lpcxpresso_7.7.2_379/lpcxpresso/tools/bin/../lib/gcc/arm-none-eabi/4.9.3/../../../../arm-none-eabi/lib/armv7-m/libc.a(lib_a-closer.o)
                0x00008c94                _close_r
 .text.quorem   0x00008cb8      0x130 /usr/local/lpcxpresso_7.7.2_379/lpcxpresso/tools/bin/../lib/gcc/arm-none-eabi/4.9.3/../../../../arm-none-eabi/lib/armv7-m/libc.a(lib_a-dtoa.o)
 .text._dtoa_r  0x00008de8      0xea8 /usr/local/lpcxpresso_7.7.2_379/lpcxpresso/tools/bin/../lib/gcc/arm-none-eabi/4.9.3/../../../../arm-none-eabi/lib/armv7-m/libc.a(lib_a-dtoa.o)
                0x00008de8                _dtoa_r
 .text.__sflags
                0x00009c90       0x74 /usr/local/lpcxpresso_7.7.2_379/lpcxpresso/tools/bin/../lib/gcc/arm-none-eabi/4.9.3/../../../../arm-none-eabi/lib/armv7-m/libc.a(lib_a-flags.o)
                0x00009c90                __sflags
 .text._isatty_r
                0x00009d04       0x24 /usr/local/lpcxpresso_7.7.2_379/lpcxpresso/tools/bin/../lib/gcc/arm-none-eabi/4.9.3/../../../../arm-none-eabi/lib/armv7-m/libc.a(lib_a-isattyr.o)
                0x00009d04                _isatty_r
 .text.iswspace
                0x00009d28       0x1c /usr/local/lpcxpresso_7.7.2_379/lpcxpresso/tools/bin/../lib/gcc/arm-none-eabi/4.9.3/../../../../arm-none-eabi/lib/armv7-m/libc.a(lib_a-iswspace.o)
                0x00009d28                iswspace
 .text.__locale_charset
                0x00009d44        0x8 /usr/local/lpcxpresso_7.7.2_379/lpcxpresso/tools/bin/../lib/gcc/arm-none-eabi/4.9.3/../../../../arm-none-eabi/lib/armv7-m/libc.a(lib_a-locale.o)
                0x00009d44                __locale_charset
 .text.__locale_mb_cur_max
                0x00009d4c        0xc /usr/local/lpcxpresso_7.7.2_379/lpcxpresso/tools/bin/../lib/gcc/arm-none-eabi/4.9.3/../../../../arm-none-eabi/lib/armv7-m/libc.a(lib_a-locale.o)
                0x00009d4c                __locale_mb_cur_max
 .text._localeconv_r
                0x00009d58        0x8 /usr/local/lpcxpresso_7.7.2_379/lpcxpresso/tools/bin/../lib/gcc/arm-none-eabi/4.9.3/../../../../arm-none-eabi/lib/armv7-m/libc.a(lib_a-locale.o)
                0x00009d58                _localeconv_r
 .text._lseek_r
                0x00009d60       0x28 /usr/local/lpcxpresso_7.7.2_379/lpcxpresso/tools/bin/../lib/gcc/arm-none-eabi/4.9.3/../../../../arm-none-eabi/lib/armv7-m/libc.a(lib_a-lseekr.o)
                0x00009d60                _lseek_r
 .text._mbrtowc_r
                0x00009d88       0x5c /usr/local/lpcxpresso_7.7.2_379/lpcxpresso/tools/bin/../lib/gcc/arm-none-eabi/4.9.3/../../../../arm-none-eabi/lib/armv7-m/libc.a(lib_a-mbrtowc.o)
                0x00009d88                _mbrtowc_r
 .text.__ascii_mbtowc
                0x00009de4       0x2c /usr/local/lpcxpresso_7.7.2_379/lpcxpresso/tools/bin/../lib/gcc/arm-none-eabi/4.9.3/../../../../arm-none-eabi/lib/armv7-m/libc.a(lib_a-mbtowc_r.o)
                0x00009de4                __ascii_mbtowc
 .text._Balloc  0x00009e10       0x50 /usr/local/lpcxpresso_7.7.2_379/lpcxpresso/tools/bin/../lib/gcc/arm-none-eabi/4.9.3/../../../../arm-none-eabi/lib/armv7-m/libc.a(lib_a-mprec.o)
                0x00009e10                _Balloc
 .text._Bfree   0x00009e60       0x14 /usr/local/lpcxpresso_7.7.2_379/lpcxpresso/tools/bin/../lib/gcc/arm-none-eabi/4.9.3/../../../../arm-none-eabi/lib/armv7-m/libc.a(lib_a-mprec.o)
                0x00009e60                _Bfree
 .text.__multadd
                0x00009e74       0x84 /usr/local/lpcxpresso_7.7.2_379/lpcxpresso/tools/bin/../lib/gcc/arm-none-eabi/4.9.3/../../../../arm-none-eabi/lib/armv7-m/libc.a(lib_a-mprec.o)
                0x00009e74                __multadd
 .text.__s2b    0x00009ef8       0x98 /usr/local/lpcxpresso_7.7.2_379/lpcxpresso/tools/bin/../lib/gcc/arm-none-eabi/4.9.3/../../../../arm-none-eabi/lib/armv7-m/libc.a(lib_a-mprec.o)
                0x00009ef8                __s2b
 .text.__hi0bits
                0x00009f90       0x40 /usr/local/lpcxpresso_7.7.2_379/lpcxpresso/tools/bin/../lib/gcc/arm-none-eabi/4.9.3/../../../../arm-none-eabi/lib/armv7-m/libc.a(lib_a-mprec.o)
                0x00009f90                __hi0bits
 .text.__lo0bits
                0x00009fd0       0x5c /usr/local/lpcxpresso_7.7.2_379/lpcxpresso/tools/bin/../lib/gcc/arm-none-eabi/4.9.3/../../../../arm-none-eabi/lib/armv7-m/libc.a(lib_a-mprec.o)
                0x00009fd0                __lo0bits
 .text.__i2b    0x0000a02c       0x14 /usr/local/lpcxpresso_7.7.2_379/lpcxpresso/tools/bin/../lib/gcc/arm-none-eabi/4.9.3/../../../../arm-none-eabi/lib/armv7-m/libc.a(lib_a-mprec.o)
                0x0000a02c                __i2b
 .text.__multiply
                0x0000a040      0x140 /usr/local/lpcxpresso_7.7.2_379/lpcxpresso/tools/bin/../lib/gcc/arm-none-eabi/4.9.3/../../../../arm-none-eabi/lib/armv7-m/libc.a(lib_a-mprec.o)
                0x0000a040                __multiply
 .text.__pow5mult
                0x0000a180       0xa0 /usr/local/lpcxpresso_7.7.2_379/lpcxpresso/tools/bin/../lib/gcc/arm-none-eabi/4.9.3/../../../../arm-none-eabi/lib/armv7-m/libc.a(lib_a-mprec.o)
                0x0000a180                __pow5mult
 .text.__lshift
                0x0000a220       0xb0 /usr/local/lpcxpresso_7.7.2_379/lpcxpresso/tools/bin/../lib/gcc/arm-none-eabi/4.9.3/../../../../arm-none-eabi/lib/armv7-m/libc.a(lib_a-mprec.o)
                0x0000a220                __lshift
 .text.__mcmp   0x0000a2d0       0x48 /usr/local/lpcxpresso_7.7.2_379/lpcxpresso/tools/bin/../lib/gcc/arm-none-eabi/4.9.3/../../../../arm-none-eabi/lib/armv7-m/libc.a(lib_a-mprec.o)
                0x0000a2d0                __mcmp
 .text.__mdiff  0x0000a318       0xe4 /usr/local/lpcxpresso_7.7.2_379/lpcxpresso/tools/bin/../lib/gcc/arm-none-eabi/4.9.3/../../../../arm-none-eabi/lib/armv7-m/libc.a(lib_a-mprec.o)
                0x0000a318                __mdiff
 .text.__ulp    0x0000a3fc       0x44 /usr/local/lpcxpresso_7.7.2_379/lpcxpresso/tools/bin/../lib/gcc/arm-none-eabi/4.9.3/../../../../arm-none-eabi/lib/armv7-m/libc.a(lib_a-mprec.o)
                0x0000a3fc                __ulp
 .text.__b2d    0x0000a440       0xd0 /usr/local/lpcxpresso_7.7.2_379/lpcxpresso/tools/bin/../lib/gcc/arm-none-eabi/4.9.3/../../../../arm-none-eabi/lib/armv7-m/libc.a(lib_a-mprec.o)
                0x0000a440                __b2d
 .text.__d2b    0x0000a510       0xa8 /usr/local/lpcxpresso_7.7.2_379/lpcxpresso/tools/bin/../lib/gcc/arm-none-eabi/4.9.3/../../../../arm-none-eabi/lib/armv7-m/libc.a(lib_a-mprec.o)
                0x0000a510                __d2b
 .text.__ratio  0x0000a5b8       0x58 /usr/local/lpcxpresso_7.7.2_379/lpcxpresso/tools/bin/../lib/gcc/arm-none-eabi/4.9.3/../../../../arm-none-eabi/lib/armv7-m/libc.a(lib_a-mprec.o)
                0x0000a5b8                __ratio
 .text.__copybits
                0x0000a610       0x48 /usr/local/lpcxpresso_7.7.2_379/lpcxpresso/tools/bin/../lib/gcc/arm-none-eabi/4.9.3/../../../../arm-none-eabi/lib/armv7-m/libc.a(lib_a-mprec.o)
                0x0000a610                __copybits
 .text.__any_on
                0x0000a658       0x5c /usr/local/lpcxpresso_7.7.2_379/lpcxpresso/tools/bin/../lib/gcc/arm-none-eabi/4.9.3/../../../../arm-none-eabi/lib/armv7-m/libc.a(lib_a-mprec.o)
                0x0000a658                __any_on
 .text._read_r  0x0000a6b4       0x28 /usr/local/lpcxpresso_7.7.2_379/lpcxpresso/tools/bin/../lib/gcc/arm-none-eabi/4.9.3/../../../../arm-none-eabi/lib/armv7-m/libc.a(lib_a-readr.o)
                0x0000a6b4                _read_r
 .text.__fpclassifyd
                0x0000a6dc       0x58 /usr/local/lpcxpresso_7.7.2_379/lpcxpresso/tools/bin/../lib/gcc/arm-none-eabi/4.9.3/../../../../arm-none-eabi/lib/armv7-m/libc.a(lib_a-s_fpclassify.o)
                0x0000a6dc                __fpclassifyd
 .text.__sccl   0x0000a734       0x78 /usr/local/lpcxpresso_7.7.2_379/lpcxpresso/tools/bin/../lib/gcc/arm-none-eabi/4.9.3/../../../../arm-none-eabi/lib/armv7-m/libc.a(lib_a-sccl.o)
                0x0000a734                __sccl
 .text.nanf     0x0000a7ac        0x8 /usr/local/lpcxpresso_7.7.2_379/lpcxpresso/tools/bin/../lib/gcc/arm-none-eabi/4.9.3/../../../../arm-none-eabi/lib/armv7-m/libc.a(lib_a-sf_nan.o)
                0x0000a7ac                nanf
 .text.sulp     0x0000a7b4       0x44 /usr/local/lpcxpresso_7.7.2_379/lpcxpresso/tools/bin/../lib/gcc/arm-none-eabi/4.9.3/../../../../arm-none-eabi/lib/armv7-m/libc.a(lib_a-strtod.o)
 .text._strtod_r
                0x0000a7f8      0xf30 /usr/local/lpcxpresso_7.7.2_379/lpcxpresso/tools/bin/../lib/gcc/arm-none-eabi/4.9.3/../../../../arm-none-eabi/lib/armv7-m/libc.a(lib_a-strtod.o)
                0x0000a7f8                _strtod_r
 .text._strtol_r
                0x0000b728      0x11c /usr/local/lpcxpresso_7.7.2_379/lpcxpresso/tools/bin/../lib/gcc/arm-none-eabi/4.9.3/../../../../arm-none-eabi/lib/armv7-m/libc.a(lib_a-strtol.o)
                0x0000b728                _strtol_r
 .text._strtoll_r
                0x0000b844      0x1cc /usr/local/lpcxpresso_7.7.2_379/lpcxpresso/tools/bin/../lib/gcc/arm-none-eabi/4.9.3/../../../../arm-none-eabi/lib/armv7-m/libc.a(lib_a-strtoll_r.o)
                0x0000b844                _strtoll_r
 .text._strtoul_r
                0x0000ba10      0x134 /usr/local/lpcxpresso_7.7.2_379/lpcxpresso/tools/bin/../lib/gcc/arm-none-eabi/4.9.3/../../../../arm-none-eabi/lib/armv7-m/libc.a(lib_a-strtoul.o)
                0x0000ba10                _strtoul_r
 .text._strtoull_r
                0x0000bb44      0x1e8 /usr/local/lpcxpresso_7.7.2_379/lpcxpresso/tools/bin/../lib/gcc/arm-none-eabi/4.9.3/../../../../arm-none-eabi/lib/armv7-m/libc.a(lib_a-strtoull_r.o)
                0x0000bb44                _strtoull_r
 .text.__ssprint_r
                0x0000bd2c      0x104 /usr/local/lpcxpresso_7.7.2_379/lpcxpresso/tools/bin/../lib/gcc/arm-none-eabi/4.9.3/../../../../arm-none-eabi/lib/armv7-m/libc.a(lib_a-svfiprintf.o)
                0x0000bd2c                __ssprint_r
 .text._sungetc_r
                0x0000be30       0x88 /usr/local/lpcxpresso_7.7.2_379/lpcxpresso/tools/bin/../lib/gcc/arm-none-eabi/4.9.3/../../../../arm-none-eabi/lib/armv7-m/libc.a(lib_a-svfiscanf.o)
                0x0000be30                _sungetc_r
 .text.__ssrefill_r
                0x0000beb8       0x3c /usr/local/lpcxpresso_7.7.2_379/lpcxpresso/tools/bin/../lib/gcc/arm-none-eabi/4.9.3/../../../../arm-none-eabi/lib/armv7-m/libc.a(lib_a-svfiscanf.o)
                0x0000beb8                __ssrefill_r
 .text._sfread_r
                0x0000bef4       0x80 /usr/local/lpcxpresso_7.7.2_379/lpcxpresso/tools/bin/../lib/gcc/arm-none-eabi/4.9.3/../../../../arm-none-eabi/lib/armv7-m/libc.a(lib_a-svfiscanf.o)
                0x0000bef4                _sfread_r
 .text.__submore
                0x0000bf74       0x7c /usr/local/lpcxpresso_7.7.2_379/lpcxpresso/tools/bin/../lib/gcc/arm-none-eabi/4.9.3/../../../../arm-none-eabi/lib/armv7-m/libc.a(lib_a-ungetc.o)
                0x0000bf74                __submore
 .text.__sprint_r.part.0
                0x0000bff0       0x78 /usr/local/lpcxpresso_7.7.2_379/lpcxpresso/tools/bin/../lib/gcc/arm-none-eabi/4.9.3/../../../../arm-none-eabi/lib/armv7-m/libc.a(lib_a-vfiprintf.o)
 .text.__sprint_r
                0x0000c068       0x18 /usr/local/lpcxpresso_7.7.2_379/lpcxpresso/tools/bin/../lib/gcc/arm-none-eabi/4.9.3/../../../../arm-none-eabi/lib/armv7-m/libc.a(lib_a-vfiprintf.o)
                0x0000c068                __sprint_r
 .text._calloc_r
                0x0000c080       0x60 /usr/local/lpcxpresso_7.7.2_379/lpcxpresso/tools/bin/../lib/gcc/arm-none-eabi/4.9.3/../../../../arm-none-eabi/lib/armv7-m/libc.a(lib_a-callocr.o)
                0x0000c080                _calloc_r
 .text._fputwc_r
                0x0000c0e0       0xc4 /usr/local/lpcxpresso_7.7.2_379/lpcxpresso/tools/bin/../lib/gcc/arm-none-eabi/4.9.3/../../../../arm-none-eabi/lib/armv7-m/libc.a(lib_a-fputwc.o)
                0x0000c0e0                _fputwc_r
 .text.rshift   0x0000c1a4       0xa0 /usr/local/lpcxpresso_7.7.2_379/lpcxpresso/tools/bin/../lib/gcc/arm-none-eabi/4.9.3/../../../../arm-none-eabi/lib/armv7-m/libc.a(lib_a-gdtoa-gethex.o)
 .text.__gethex
                0x0000c244      0x514 /usr/local/lpcxpresso_7.7.2_379/lpcxpresso/tools/bin/../lib/gcc/arm-none-eabi/4.9.3/../../../../arm-none-eabi/lib/armv7-m/libc.a(lib_a-gdtoa-gethex.o)
                0x0000c244                __gethex
 .text.__hexnan
                0x0000c758      0x184 /usr/local/lpcxpresso_7.7.2_379/lpcxpresso/tools/bin/../lib/gcc/arm-none-eabi/4.9.3/../../../../arm-none-eabi/lib/armv7-m/libc.a(lib_a-gdtoa-hexnan.o)
                0x0000c758                __hexnan
 .text._wcrtomb_r
                0x0000c8dc       0x54 /usr/local/lpcxpresso_7.7.2_379/lpcxpresso/tools/bin/../lib/gcc/arm-none-eabi/4.9.3/../../../../arm-none-eabi/lib/armv7-m/libc.a(lib_a-wcrtomb.o)
                0x0000c8dc                _wcrtomb_r
 .text.__ascii_wctomb
                0x0000c930       0x1c /usr/local/lpcxpresso_7.7.2_379/lpcxpresso/tools/bin/../lib/gcc/arm-none-eabi/4.9.3/../../../../arm-none-eabi/lib/armv7-m/libc.a(lib_a-wctomb_r.o)
                0x0000c930                __ascii_wctomb
 .text._sbrk    0x0000c94c       0x3c /usr/local/lpcxpresso_7.7.2_379/lpcxpresso/tools/bin/../lib/gcc/arm-none-eabi/4.9.3/../../../../arm-none-eabi/lib/armv7-m/libcr_newlib_nohost.a(_cr_sbrk.o)
                0x0000c94c                _sbrk
 .text.__check_heap_overflow
                0x0000c988       0x18 /usr/local/lpcxpresso_7.7.2_379/lpcxpresso/tools/bin/../lib/gcc/arm-none-eabi/4.9.3/../../../../arm-none-eabi/lib/armv7-m/libcr_newlib_nohost.a(_cr_check_heap.o)
                0x0000c988                __check_heap_overflow
 .text          0x0000c9a0       0x5c /usr/local/lpcxpresso_7.7.2_379/lpcxpresso/tools/bin/../lib/gcc/arm-none-eabi/4.9.3/armv7-m/crtbegin.o
 .text          0x0000c9fc      0x110 /usr/local/lpcxpresso_7.7.2_379/lpcxpresso/tools/bin/../lib/gcc/arm-none-eabi/4.9.3/armv7-m/libgcc.a(_arm_cmpdf2.o)
                0x0000c9fc                __gtdf2
                0x0000c9fc                __gedf2
                0x0000ca04                __ltdf2
                0x0000ca04                __ledf2
                0x0000ca0c                __cmpdf2
                0x0000ca0c                __eqdf2
                0x0000ca0c                __nedf2
                0x0000ca88                __aeabi_cdrcmple
                0x0000ca98                __aeabi_cdcmple
                0x0000ca98                __aeabi_cdcmpeq
                0x0000caa8                __aeabi_dcmpeq
                0x0000cabc                __aeabi_dcmplt
                0x0000cad0                __aeabi_dcmple
                0x0000cae4                __aeabi_dcmpge
                0x0000caf8                __aeabi_dcmpgt
 .text          0x0000cb0c       0x50 /usr/local/lpcxpresso_7.7.2_379/lpcxpresso/tools/bin/../lib/gcc/arm-none-eabi/4.9.3/armv7-m/libgcc.a(_arm_fixdfsi.o)
                0x0000cb0c                __fixdfsi
                0x0000cb0c                __aeabi_d2iz
 .text          0x0000cb5c       0x40 /usr/local/lpcxpresso_7.7.2_379/lpcxpresso/tools/bin/../lib/gcc/arm-none-eabi/4.9.3/armv7-m/libgcc.a(_arm_fixunsdfsi.o)
                0x0000cb5c                __fixunsdfsi
                0x0000cb5c                __aeabi_d2uiz
 *(.rodata .rodata.*)
 .rodata        0x0000cb9c        0x4 ./sensor_bluetooth_andreaf.o
 .rodata._ZTVN4mbed10SerialBaseE
                0x0000cba0       0x10 ./sensor_bluetooth_andreaf.o
                0x0000cba0                vtable for mbed::SerialBase
 .rodata.__stdin_name
                0x0000cbb0        0x8 /home/andrea/documents/dissertation_source_files/source_LPC1768/example_sensor_bluetooth/mbed/TARGET_LPC1768/TOOLCHAIN_GCC_CR/retarget.o
                0x0000cbb0                __stdin_name
 .rodata.__stderr_name
                0x0000cbb8        0x8 /home/andrea/documents/dissertation_source_files/source_LPC1768/example_sensor_bluetooth/mbed/TARGET_LPC1768/TOOLCHAIN_GCC_CR/retarget.o
                0x0000cbb8                __stderr_name
 .rodata.__stdout_name
                0x0000cbc0        0x8 /home/andrea/documents/dissertation_source_files/source_LPC1768/example_sensor_bluetooth/mbed/TARGET_LPC1768/TOOLCHAIN_GCC_CR/retarget.o
                0x0000cbc0                __stdout_name
 .rodata._ZTVN4mbed10FileHandleE
                0x0000cbc8       0x30 /home/andrea/documents/dissertation_source_files/source_LPC1768/example_sensor_bluetooth/mbed/TARGET_LPC1768/TOOLCHAIN_GCC_CR/retarget.o
                0x0000cbc8                vtable for mbed::FileHandle
 .rodata.str1.4
                0x0000cbf8        0xe /home/andrea/documents/dissertation_source_files/source_LPC1768/example_sensor_bluetooth/mbed/TARGET_LPC1768/TOOLCHAIN_GCC_CR/retarget.o
                                 0x10 (size before relaxing)
 *fill*         0x0000cc06        0x2 
 .rodata.str1.4
                0x0000cc08       0x80 /home/andrea/documents/dissertation_source_files/source_LPC1768/example_sensor_bluetooth/mbed/TARGET_LPC1768/TOOLCHAIN_GCC_CR/board.o
 .rodata.str1.4
                0x0000cc88       0x82 /home/andrea/documents/dissertation_source_files/source_LPC1768/example_sensor_bluetooth/mbed/TARGET_LPC1768/TOOLCHAIN_GCC_CR/libmbed.a(analogin_api.o)
                                 0x84 (size before relaxing)
 *fill*         0x0000cd0a        0x2 
 .rodata.PinMap_ADC
                0x0000cd0c       0x6c /home/andrea/documents/dissertation_source_files/source_LPC1768/example_sensor_bluetooth/mbed/TARGET_LPC1768/TOOLCHAIN_GCC_CR/libmbed.a(analogin_api.o)
 .rodata.PinMap_UART_RTS
                0x0000cd78       0x24 /home/andrea/documents/dissertation_source_files/source_LPC1768/example_sensor_bluetooth/mbed/TARGET_LPC1768/TOOLCHAIN_GCC_CR/libmbed.a(serial_api.o)
 .rodata.CSWTCH.24
                0x0000cd9c       0x10 /home/andrea/documents/dissertation_source_files/source_LPC1768/example_sensor_bluetooth/mbed/TARGET_LPC1768/TOOLCHAIN_GCC_CR/libmbed.a(serial_api.o)
 .rodata.PinMap_UART_RX
                0x0000cdac       0x6c /home/andrea/documents/dissertation_source_files/source_LPC1768/example_sensor_bluetooth/mbed/TARGET_LPC1768/TOOLCHAIN_GCC_CR/libmbed.a(serial_api.o)
 .rodata.str1.4
                0x0000ce18      0x1d0 /home/andrea/documents/dissertation_source_files/source_LPC1768/example_sensor_bluetooth/mbed/TARGET_LPC1768/TOOLCHAIN_GCC_CR/libmbed.a(serial_api.o)
                                0x1e8 (size before relaxing)
 .rodata.PinMap_UART_TX
                0x0000cfe8       0x6c /home/andrea/documents/dissertation_source_files/source_LPC1768/example_sensor_bluetooth/mbed/TARGET_LPC1768/TOOLCHAIN_GCC_CR/libmbed.a(serial_api.o)
 .rodata.PinMap_UART_CTS
                0x0000d054       0x24 /home/andrea/documents/dissertation_source_files/source_LPC1768/example_sensor_bluetooth/mbed/TARGET_LPC1768/TOOLCHAIN_GCC_CR/libmbed.a(serial_api.o)
 .rodata._ZTVN4mbed6SerialE
                0x0000d078       0x60 /home/andrea/documents/dissertation_source_files/source_LPC1768/example_sensor_bluetooth/mbed/TARGET_LPC1768/TOOLCHAIN_GCC_CR/libmbed.a(Serial.o)
                0x0000d078                vtable for mbed::Serial
 .rodata._ZTVN4mbed6StreamE
                0x0000d0d8       0x48 /home/andrea/documents/dissertation_source_files/source_LPC1768/example_sensor_bluetooth/mbed/TARGET_LPC1768/TOOLCHAIN_GCC_CR/libmbed.a(Stream.o)
                0x0000d0d8                vtable for mbed::Stream
 .rodata.str1.4
                0x0000d120        0x3 /home/andrea/documents/dissertation_source_files/source_LPC1768/example_sensor_bluetooth/mbed/TARGET_LPC1768/TOOLCHAIN_GCC_CR/libmbed.a(Stream.o)
                                  0x8 (size before relaxing)
 *fill*         0x0000d123        0x1 
 .rodata.str1.4
                0x0000d124       0x31 /home/andrea/documents/dissertation_source_files/source_LPC1768/example_sensor_bluetooth/mbed/TARGET_LPC1768/TOOLCHAIN_GCC_CR/libmbed.a(assert.o)
                                 0x34 (size before relaxing)
 .rodata.str1.4
                0x00000000       0x80 /home/andrea/documents/dissertation_source_files/source_LPC1768/example_sensor_bluetooth/mbed/TARGET_LPC1768/TOOLCHAIN_GCC_CR/libmbed.a(gpio.o)
 *fill*         0x0000d155        0x3 
 .rodata.str1.4
                0x0000d158       0x66 /home/andrea/documents/dissertation_source_files/source_LPC1768/example_sensor_bluetooth/mbed/TARGET_LPC1768/TOOLCHAIN_GCC_CR/libmbed.a(pinmap_common.o)
                                 0x68 (size before relaxing)
 *fill*         0x0000d1be        0x2 
 .rodata.str1.4
                0x0000d1c0       0x7a /home/andrea/documents/dissertation_source_files/source_LPC1768/example_sensor_bluetooth/mbed/TARGET_LPC1768/TOOLCHAIN_GCC_CR/libmbed.a(gpio_api.o)
                                 0x94 (size before relaxing)
 *fill*         0x0000d23a        0x2 
 .rodata.str1.4
                0x0000d23c       0x64 /home/andrea/documents/dissertation_source_files/source_LPC1768/example_sensor_bluetooth/mbed/TARGET_LPC1768/TOOLCHAIN_GCC_CR/libmbed.a(pinmap.o)
                                 0x78 (size before relaxing)
 .rodata._ZTVN4mbed8FileBaseE
                0x0000d2a0       0x10 /home/andrea/documents/dissertation_source_files/source_LPC1768/example_sensor_bluetooth/mbed/TARGET_LPC1768/TOOLCHAIN_GCC_CR/libmbed.a(FileBase.o)
                0x0000d2a0                vtable for mbed::FileBase
 .rodata._ZTVN4mbed8FileLikeE
                0x0000d2b0       0x40 /home/andrea/documents/dissertation_source_files/source_LPC1768/example_sensor_bluetooth/mbed/TARGET_LPC1768/TOOLCHAIN_GCC_CR/libmbed.a(FileLike.o)
                0x0000d2b0                vtable for mbed::FileLike
 .rodata.us_interface
                0x0000d2f0       0x14 /home/andrea/documents/dissertation_source_files/source_LPC1768/example_sensor_bluetooth/mbed/TARGET_LPC1768/TOOLCHAIN_GCC_CR/libmbed.a(us_ticker_api.o)
 .rodata.us_data
                0x0000d304        0x8 /home/andrea/documents/dissertation_source_files/source_LPC1768/example_sensor_bluetooth/mbed/TARGET_LPC1768/TOOLCHAIN_GCC_CR/libmbed.a(us_ticker_api.o)
 .rodata.str1.4
                0x0000d30c        0x2 /usr/local/lpcxpresso_7.7.2_379/lpcxpresso/tools/bin/../lib/gcc/arm-none-eabi/4.9.3/../../../../arm-none-eabi/lib/armv7-m/libc.a(lib_a-impure.o)
                                  0x4 (size before relaxing)
 *fill*         0x0000d30e        0x2 
 .rodata._global_impure_ptr
                0x0000d310        0x4 /usr/local/lpcxpresso_7.7.2_379/lpcxpresso/tools/bin/../lib/gcc/arm-none-eabi/4.9.3/../../../../arm-none-eabi/lib/armv7-m/libc.a(lib_a-impure.o)
                0x0000d310                _global_impure_ptr
 .rodata.blanks.6794
                0x0000d314       0x10 /usr/local/lpcxpresso_7.7.2_379/lpcxpresso/tools/bin/../lib/gcc/arm-none-eabi/4.9.3/../../../../arm-none-eabi/lib/armv7-m/libc.a(lib_a-svfprintf.o)
 .rodata.str1.4
                0x0000d324       0x42 /usr/local/lpcxpresso_7.7.2_379/lpcxpresso/tools/bin/../lib/gcc/arm-none-eabi/4.9.3/../../../../arm-none-eabi/lib/armv7-m/libc.a(lib_a-svfprintf.o)
                                 0x44 (size before relaxing)
 *fill*         0x0000d366        0x2 
 .rodata.zeroes.6795
                0x0000d368       0x10 /usr/local/lpcxpresso_7.7.2_379/lpcxpresso/tools/bin/../lib/gcc/arm-none-eabi/4.9.3/../../../../arm-none-eabi/lib/armv7-m/libc.a(lib_a-svfprintf.o)
 .rodata.str1.4
                0x0000d378        0x5 /usr/local/lpcxpresso_7.7.2_379/lpcxpresso/tools/bin/../lib/gcc/arm-none-eabi/4.9.3/../../../../arm-none-eabi/lib/armv7-m/libc.a(lib_a-svfscanf.o)
                                  0x8 (size before relaxing)
 *fill*         0x0000d37d        0x3 
 .rodata.basefix.6746
                0x0000d380       0x24 /usr/local/lpcxpresso_7.7.2_379/lpcxpresso/tools/bin/../lib/gcc/arm-none-eabi/4.9.3/../../../../arm-none-eabi/lib/armv7-m/libc.a(lib_a-svfscanf.o)
 .rodata.zeroes.6810
                0x0000d3a4       0x10 /usr/local/lpcxpresso_7.7.2_379/lpcxpresso/tools/bin/../lib/gcc/arm-none-eabi/4.9.3/../../../../arm-none-eabi/lib/armv7-m/libc.a(lib_a-vfprintf.o)
 .rodata.str1.4
                0x00000000       0x44 /usr/local/lpcxpresso_7.7.2_379/lpcxpresso/tools/bin/../lib/gcc/arm-none-eabi/4.9.3/../../../../arm-none-eabi/lib/armv7-m/libc.a(lib_a-vfprintf.o)
 .rodata.blanks.6809
                0x0000d3b4       0x10 /usr/local/lpcxpresso_7.7.2_379/lpcxpresso/tools/bin/../lib/gcc/arm-none-eabi/4.9.3/../../../../arm-none-eabi/lib/armv7-m/libc.a(lib_a-vfprintf.o)
 .rodata._ctype_
                0x0000d3c4      0x104 /usr/local/lpcxpresso_7.7.2_379/lpcxpresso/tools/bin/../lib/gcc/arm-none-eabi/4.9.3/../../../../arm-none-eabi/lib/armv7-m/libc.a(lib_a-ctype_.o)
                0x0000d3c4                _ctype_
 .rodata.str1.4
                0x0000d4c8       0x10 /usr/local/lpcxpresso_7.7.2_379/lpcxpresso/tools/bin/../lib/gcc/arm-none-eabi/4.9.3/../../../../arm-none-eabi/lib/armv7-m/libc.a(lib_a-dtoa.o)
                                 0x14 (size before relaxing)
 .rodata.str1.4
                0x0000d4d8        0xa /usr/local/lpcxpresso_7.7.2_379/lpcxpresso/tools/bin/../lib/gcc/arm-none-eabi/4.9.3/../../../../arm-none-eabi/lib/armv7-m/libc.a(lib_a-locale.o)
                                 0x14 (size before relaxing)
 .rodata.str1.4
                0x00000000        0x4 /usr/local/lpcxpresso_7.7.2_379/lpcxpresso/tools/bin/../lib/gcc/arm-none-eabi/4.9.3/../../../../arm-none-eabi/lib/armv7-m/libc.a(lib_a-mbrtowc.o)
 *fill*         0x0000d4e2        0x6 
 .rodata.__mprec_tens
                0x0000d4e8       0xc8 /usr/local/lpcxpresso_7.7.2_379/lpcxpresso/tools/bin/../lib/gcc/arm-none-eabi/4.9.3/../../../../arm-none-eabi/lib/armv7-m/libc.a(lib_a-mprec.o)
                0x0000d4e8                __mprec_tens
 .rodata.__mprec_bigtens
                0x0000d5b0       0x28 /usr/local/lpcxpresso_7.7.2_379/lpcxpresso/tools/bin/../lib/gcc/arm-none-eabi/4.9.3/../../../../arm-none-eabi/lib/armv7-m/libc.a(lib_a-mprec.o)
                0x0000d5b0                __mprec_bigtens
 .rodata.p05.5265
                0x0000d5d8        0xc /usr/local/lpcxpresso_7.7.2_379/lpcxpresso/tools/bin/../lib/gcc/arm-none-eabi/4.9.3/../../../../arm-none-eabi/lib/armv7-m/libc.a(lib_a-mprec.o)
 .rodata.fpi.5234
                0x0000d5e4       0x14 /usr/local/lpcxpresso_7.7.2_379/lpcxpresso/tools/bin/../lib/gcc/arm-none-eabi/4.9.3/../../../../arm-none-eabi/lib/armv7-m/libc.a(lib_a-strtod.o)
 .rodata.fpinan.5270
                0x0000d5f8       0x14 /usr/local/lpcxpresso_7.7.2_379/lpcxpresso/tools/bin/../lib/gcc/arm-none-eabi/4.9.3/../../../../arm-none-eabi/lib/armv7-m/libc.a(lib_a-strtod.o)
 .rodata.str1.4
                0x0000d60c       0x10 /usr/local/lpcxpresso_7.7.2_379/lpcxpresso/tools/bin/../lib/gcc/arm-none-eabi/4.9.3/../../../../arm-none-eabi/lib/armv7-m/libc.a(lib_a-strtod.o)
 *fill*         0x0000d61c        0x4 
 .rodata.tinytens
                0x0000d620       0x28 /usr/local/lpcxpresso_7.7.2_379/lpcxpresso/tools/bin/../lib/gcc/arm-none-eabi/4.9.3/../../../../arm-none-eabi/lib/armv7-m/libc.a(lib_a-strtod.o)
 .rodata.__hexdig
                0x0000d648      0x100 /usr/local/lpcxpresso_7.7.2_379/lpcxpresso/tools/bin/../lib/gcc/arm-none-eabi/4.9.3/../../../../arm-none-eabi/lib/armv7-m/libc.a(lib_a-gdtoa-gethex.o)
                0x0000d648                __hexdig
                0x0000d748                . = ALIGN (0x4)
                0x0000d748                . = ALIGN (0x4)
 *(.init)
 .init          0x0000d748        0x4 /usr/local/lpcxpresso_7.7.2_379/lpcxpresso/tools/bin/../lib/gcc/arm-none-eabi/4.9.3/armv7-m/crti.o
                0x0000d748                _init
 .init          0x0000d74c        0x8 /usr/local/lpcxpresso_7.7.2_379/lpcxpresso/tools/bin/../lib/gcc/arm-none-eabi/4.9.3/armv7-m/crtn.o
                0x0000d754                . = ALIGN (0x4)
                0x0000d754                __preinit_array_start = .
 *(.preinit_array)
                0x0000d754                __preinit_array_end = .
                0x0000d754                . = ALIGN (0x4)
                0x0000d754                __init_array_start = .
 *(SORT(.init_array.*))
 *(.init_array)
 .init_array    0x0000d754        0x4 ./sensor_bluetooth_andreaf.o
 .init_array    0x0000d758        0x4 /usr/local/lpcxpresso_7.7.2_379/lpcxpresso/tools/bin/../lib/gcc/arm-none-eabi/4.9.3/armv7-m/crtbegin.o
                0x0000d75c                __init_array_end = .
 *(.fini)
 .fini          0x0000d75c        0x4 /usr/local/lpcxpresso_7.7.2_379/lpcxpresso/tools/bin/../lib/gcc/arm-none-eabi/4.9.3/armv7-m/crti.o
                0x0000d75c                _fini
 .fini          0x0000d760        0x8 /usr/local/lpcxpresso_7.7.2_379/lpcxpresso/tools/bin/../lib/gcc/arm-none-eabi/4.9.3/armv7-m/crtn.o
                0x0000d768                . = ALIGN (0x4)
 *crtbegin.o(.ctors)
 *(EXCLUDE_FILE(*crtend.o) .ctors)
 *(SORT(.ctors.*))
 *crtend.o(.ctors)
                0x0000d768                . = ALIGN (0x4)
 *crtbegin.o(.dtors)
 *(EXCLUDE_FILE(*crtend.o) .dtors)
 *(SORT(.dtors.*))
 *crtend.o(.dtors)

.glue_7         0x0000d768        0x0
 .glue_7        0x00000000        0x0 linker stubs

.glue_7t        0x0000d768        0x0
 .glue_7t       0x00000000        0x0 linker stubs

.vfp11_veneer   0x0000d768        0x0
 .vfp11_veneer  0x00000000        0x0 linker stubs

.v4_bx          0x0000d768        0x0
 .v4_bx         0x00000000        0x0 linker stubs

.iplt           0x0000d768        0x0
 .iplt          0x00000000        0x0 ./sensor_bluetooth_andreaf.o

.ARM.extab
 *(.ARM.extab* .gnu.linkonce.armextab.*)
                0x0000d768                __exidx_start = .

.ARM.exidx      0x0000d768        0x8
 *(.ARM.exidx* .gnu.linkonce.armexidx.*)
 .ARM.exidx     0x0000d768        0x8 /usr/local/lpcxpresso_7.7.2_379/lpcxpresso/tools/bin/../lib/gcc/arm-none-eabi/4.9.3/armv7-m/libgcc.a(_divdi3.o)
 .ARM.exidx     0x0000d770        0x0 /usr/local/lpcxpresso_7.7.2_379/lpcxpresso/tools/bin/../lib/gcc/arm-none-eabi/4.9.3/armv7-m/libgcc.a(_udivdi3.o)
                                  0x8 (size before relaxing)
                0x0000d770                __exidx_end = .
                0x0000d770                _etext = .

.rel.dyn        0x0000d770        0x0
 .rel.iplt      0x00000000        0x0 ./sensor_bluetooth_andreaf.o

.eh_frame       0x0000d770        0x0
 .eh_frame      0x0000d770        0x0 /usr/local/lpcxpresso_7.7.2_379/lpcxpresso/tools/bin/../lib/gcc/arm-none-eabi/4.9.3/armv7-m/crtbegin.o

.data_RAM2      0x2007c000        0x0 load address 0x0000d770
 FILL mask 0xff
 *(.data.$RAM2*)
 *(.data.$RamAHB32*)
                0x2007c000                . = ALIGN (0x4)

.uninit_RESERVED
 *(.bss.$RESERVED*)

.data           0x100000c8      0x8b0 load address 0x0000d770
 FILL mask 0xff
                0x100000c8                _data = .
 *(vtable)
 *(.data*)
 .data.SystemCoreClock
                0x100000c8        0x4 /home/andrea/documents/dissertation_source_files/source_LPC1768/example_sensor_bluetooth/mbed/TARGET_LPC1768/TOOLCHAIN_GCC_CR/system_LPC17xx.o
                0x100000c8                SystemCoreClock
 *fill*         0x100000cc        0x4 
 .data.impure_data
                0x100000d0      0x428 /usr/local/lpcxpresso_7.7.2_379/lpcxpresso/tools/bin/../lib/gcc/arm-none-eabi/4.9.3/../../../../arm-none-eabi/lib/armv7-m/libc.a(lib_a-impure.o)
 .data._impure_ptr
                0x100004f8        0x4 /usr/local/lpcxpresso_7.7.2_379/lpcxpresso/tools/bin/../lib/gcc/arm-none-eabi/4.9.3/../../../../arm-none-eabi/lib/armv7-m/libc.a(lib_a-impure.o)
                0x100004f8                _impure_ptr
 .data.__malloc_av_
                0x100004fc      0x408 /usr/local/lpcxpresso_7.7.2_379/lpcxpresso/tools/bin/../lib/gcc/arm-none-eabi/4.9.3/../../../../arm-none-eabi/lib/armv7-m/libc.a(lib_a-mallocr.o)
                0x100004fc                __malloc_av_
 .data.__malloc_trim_threshold
                0x10000904        0x4 /usr/local/lpcxpresso_7.7.2_379/lpcxpresso/tools/bin/../lib/gcc/arm-none-eabi/4.9.3/../../../../arm-none-eabi/lib/armv7-m/libc.a(lib_a-mallocr.o)
                0x10000904                __malloc_trim_threshold
 .data.__malloc_sbrk_base
                0x10000908        0x4 /usr/local/lpcxpresso_7.7.2_379/lpcxpresso/tools/bin/../lib/gcc/arm-none-eabi/4.9.3/../../../../arm-none-eabi/lib/armv7-m/libc.a(lib_a-mallocr.o)
                0x10000908                __malloc_sbrk_base
 .data.__ctype_ptr__
                0x1000090c        0x4 /usr/local/lpcxpresso_7.7.2_379/lpcxpresso/tools/bin/../lib/gcc/arm-none-eabi/4.9.3/../../../../arm-none-eabi/lib/armv7-m/libc.a(lib_a-ctype_.o)
                0x1000090c                __ctype_ptr__
 .data.lconv    0x10000910       0x38 /usr/local/lpcxpresso_7.7.2_379/lpcxpresso/tools/bin/../lib/gcc/arm-none-eabi/4.9.3/../../../../arm-none-eabi/lib/armv7-m/libc.a(lib_a-locale.o)
 .data.lc_ctype_charset
                0x10000948       0x20 /usr/local/lpcxpresso_7.7.2_379/lpcxpresso/tools/bin/../lib/gcc/arm-none-eabi/4.9.3/../../../../arm-none-eabi/lib/armv7-m/libc.a(lib_a-locale.o)
 .data.__mb_cur_max
                0x10000968        0x4 /usr/local/lpcxpresso_7.7.2_379/lpcxpresso/tools/bin/../lib/gcc/arm-none-eabi/4.9.3/../../../../arm-none-eabi/lib/armv7-m/libc.a(lib_a-locale.o)
                0x10000968                __mb_cur_max
 .data.__mbtowc
                0x1000096c        0x4 /usr/local/lpcxpresso_7.7.2_379/lpcxpresso/tools/bin/../lib/gcc/arm-none-eabi/4.9.3/../../../../arm-none-eabi/lib/armv7-m/libc.a(lib_a-mbtowc_r.o)
                0x1000096c                __mbtowc
 .data.__wctomb
                0x10000970        0x4 /usr/local/lpcxpresso_7.7.2_379/lpcxpresso/tools/bin/../lib/gcc/arm-none-eabi/4.9.3/../../../../arm-none-eabi/lib/armv7-m/libc.a(lib_a-wctomb_r.o)
                0x10000970                __wctomb
 .data          0x10000974        0x4 /usr/local/lpcxpresso_7.7.2_379/lpcxpresso/tools/bin/../lib/gcc/arm-none-eabi/4.9.3/armv7-m/crtbegin.o
                0x10000974                __dso_handle
                0x10000978                . = ALIGN (0x4)
                0x10000978                _edata = .

.igot.plt       0x10000978        0x0 load address 0x0000e020
 .igot.plt      0x00000000        0x0 ./sensor_bluetooth_andreaf.o

.jcr            0x10000978        0x0 load address 0x0000e020
 .jcr           0x10000978        0x0 /usr/local/lpcxpresso_7.7.2_379/lpcxpresso/tools/bin/../lib/gcc/arm-none-eabi/4.9.3/armv7-m/crtbegin.o

.bss_RAM2       0x2007c000        0x0
 *(.bss.$RAM2*)
 *(.bss.$RamAHB32*)
                0x2007c000                . = ALIGN (0x4)

.bss            0x10000978      0x310
                0x10000978                _bss = .
 *(.bss*)
 .bss.sensor    0x10000978        0x4 ./sensor_bluetooth_andreaf.o
                0x10000978                sensor
 .bss.rn42      0x1000097c       0x58 ./sensor_bluetooth_andreaf.o
                0x1000097c                rn42
 .bss.pc        0x100009d4       0x58 ./sensor_bluetooth_andreaf.o
                0x100009d4                pc
 .bss.begin     0x10000a2c        0x1 ./sensor_bluetooth_andreaf.o
                0x10000a2c                begin
 *fill*         0x10000a2d        0x3 
 .bss._ZL11filehandles
                0x10000a30      0x100 /home/andrea/documents/dissertation_source_files/source_LPC1768/example_sensor_bluetooth/mbed/TARGET_LPC1768/TOOLCHAIN_GCC_CR/retarget.o
 .bss.stdio_uart_inited
                0x10000b30        0x4 /home/andrea/documents/dissertation_source_files/source_LPC1768/example_sensor_bluetooth/mbed/TARGET_LPC1768/TOOLCHAIN_GCC_CR/libmbed.a(serial_api.o)