Archive member included because of file (symbol)

/home/andrea/documents/dissertation_source_files/source_LPC1768/example_sensor_bluetooth/mbed/TARGET_LPC1768/TOOLCHAIN_GCC_CR/libmbed.a(analogin_api.o)
                              ./sensor_bluetooth_andreaf.o (analogin_init)
/home/andrea/documents/dissertation_source_files/source_LPC1768/example_sensor_bluetooth/mbed/TARGET_LPC1768/TOOLCHAIN_GCC_CR/libmbed.a(serial_api.o)
                              /home/andrea/documents/dissertation_source_files/source_LPC1768/example_sensor_bluetooth/mbed/TARGET_LPC1768/TOOLCHAIN_GCC_CR/retarget.o (serial_getc)
/home/andrea/documents/dissertation_source_files/source_LPC1768/example_sensor_bluetooth/mbed/TARGET_LPC1768/TOOLCHAIN_GCC_CR/libmbed.a(FileSystemLike.o)
                              /home/andrea/documents/dissertation_source_files/source_LPC1768/example_sensor_bluetooth/mbed/TARGET_LPC1768/TOOLCHAIN_GCC_CR/retarget.o (mbed::FileSystemLike::opendir())
/home/andrea/documents/dissertation_source_files/source_LPC1768/example_sensor_bluetooth/mbed/TARGET_LPC1768/TOOLCHAIN_GCC_CR/libmbed.a(FilePath.o)
                              /home/andrea/documents/dissertation_source_files/source_LPC1768/example_sensor_bluetooth/mbed/TARGET_LPC1768/TOOLCHAIN_GCC_CR/retarget.o (mbed::FilePath::FilePath(char const*))
/home/andrea/documents/dissertation_source_files/source_LPC1768/example_sensor_bluetooth/mbed/TARGET_LPC1768/TOOLCHAIN_GCC_CR/libmbed.a(Serial.o)
                              ./sensor_bluetooth_andreaf.o (mbed::Serial::Serial(PinName, PinName, char const*))
/home/andrea/documents/dissertation_source_files/source_LPC1768/example_sensor_bluetooth/mbed/TARGET_LPC1768/TOOLCHAIN_GCC_CR/libmbed.a(SerialBase.o)
                              /home/andrea/documents/dissertation_source_files/source_LPC1768/example_sensor_bluetooth/mbed/TARGET_LPC1768/TOOLCHAIN_GCC_CR/libmbed.a(Serial.o) (mbed::SerialBase::SerialBase(PinName, PinName))
/home/andrea/documents/dissertation_source_files/source_LPC1768/example_sensor_bluetooth/mbed/TARGET_LPC1768/TOOLCHAIN_GCC_CR/libmbed.a(Stream.o)
                              /home/andrea/documents/dissertation_source_files/source_LPC1768/example_sensor_bluetooth/mbed/TARGET_LPC1768/TOOLCHAIN_GCC_CR/libmbed.a(Serial.o) (mbed::Stream::close())
/home/andrea/documents/dissertation_source_files/source_LPC1768/example_sensor_bluetooth/mbed/TARGET_LPC1768/TOOLCHAIN_GCC_CR/libmbed.a(assert.o)
                              /home/andrea/documents/dissertation_source_files/source_LPC1768/example_sensor_bluetooth/mbed/TARGET_LPC1768/TOOLCHAIN_GCC_CR/board.o (mbed_assert_internal)
/home/andrea/documents/dissertation_source_files/source_LPC1768/example_sensor_bluetooth/mbed/TARGET_LPC1768/TOOLCHAIN_GCC_CR/libmbed.a(error.o)
                              /home/andrea/documents/dissertation_source_files/source_LPC1768/example_sensor_bluetooth/mbed/TARGET_LPC1768/TOOLCHAIN_GCC_CR/retarget.o (error)
/home/andrea/documents/dissertation_source_files/source_LPC1768/example_sensor_bluetooth/mbed/TARGET_LPC1768/TOOLCHAIN_GCC_CR/libmbed.a(gpio.o)
                              /home/andrea/documents/dissertation_source_files/source_LPC1768/example_sensor_bluetooth/mbed/TARGET_LPC1768/TOOLCHAIN_GCC_CR/libmbed.a(serial_api.o) (gpio_init_in)
/home/andrea/documents/dissertation_source_files/source_LPC1768/example_sensor_bluetooth/mbed/TARGET_LPC1768/TOOLCHAIN_GCC_CR/libmbed.a(mbed_interface.o)
                              /home/andrea/documents/dissertation_source_files/source_LPC1768/example_sensor_bluetooth/mbed/TARGET_LPC1768/TOOLCHAIN_GCC_CR/retarget.o (mbed_interface_connected)
/home/andrea/documents/dissertation_source_files/source_LPC1768/example_sensor_bluetooth/mbed/TARGET_LPC1768/TOOLCHAIN_GCC_CR/libmbed.a(pinmap_common.o)
                              /home/andrea/documents/dissertation_source_files/source_LPC1768/example_sensor_bluetooth/mbed/TARGET_LPC1768/TOOLCHAIN_GCC_CR/libmbed.a(analogin_api.o) (pinmap_pinout)
/home/andrea/documents/dissertation_source_files/source_LPC1768/example_sensor_bluetooth/mbed/TARGET_LPC1768/TOOLCHAIN_GCC_CR/libmbed.a(semihost_api.o)
                              /home/andrea/documents/dissertation_source_files/source_LPC1768/example_sensor_bluetooth/mbed/TARGET_LPC1768/TOOLCHAIN_GCC_CR/retarget.o (semihost_exit)
/home/andrea/documents/dissertation_source_files/source_LPC1768/example_sensor_bluetooth/mbed/TARGET_LPC1768/TOOLCHAIN_GCC_CR/libmbed.a(wait_api.o)
                              /home/andrea/documents/dissertation_source_files/source_LPC1768/example_sensor_bluetooth/mbed/TARGET_LPC1768/TOOLCHAIN_GCC_CR/libmbed.a(SerialBase.o) (wait_us)
/home/andrea/documents/dissertation_source_files/source_LPC1768/example_sensor_bluetooth/mbed/TARGET_LPC1768/TOOLCHAIN_GCC_CR/libmbed.a(gpio_api.o)
                              /home/andrea/documents/dissertation_source_files/source_LPC1768/example_sensor_bluetooth/mbed/TARGET_LPC1768/TOOLCHAIN_GCC_CR/libmbed.a(gpio.o) (gpio_init)
[...]
Memory Configuration

Name             Origin             Length             Attributes
MFlash512        0x00000000         0x00080000         xr
RamLoc32         0x100000c8         0x00007f38         xrw
RamAHB32         0x2007c000         0x00008000         xrw
*default*        0x00000000         0xffffffff

Linker script and memory map

LOAD ./sensor_bluetooth_andreaf.o
LOAD /home/andrea/documents/dissertation_source_files/source_LPC1768/example_sensor_bluetooth/mbed/TARGET_LPC1768/TOOLCHAIN_GCC_CR/retarget.o
LOAD /home/andrea/documents/dissertation_source_files/source_LPC1768/example_sensor_bluetooth/mbed/TARGET_LPC1768/TOOLCHAIN_GCC_CR/system_LPC17xx.o
LOAD /home/andrea/documents/dissertation_source_files/source_LPC1768/example_sensor_bluetooth/mbed/TARGET_LPC1768/TOOLCHAIN_GCC_CR/board.o
LOAD /home/andrea/documents/dissertation_source_files/source_LPC1768/example_sensor_bluetooth/mbed/TARGET_LPC1768/TOOLCHAIN_GCC_CR/cmsis_nvic.o
LOAD /home/andrea/documents/dissertation_source_files/source_LPC1768/example_sensor_bluetooth/mbed/TARGET_LPC1768/TOOLCHAIN_GCC_CR/startup_LPC17xx.o
LOAD /home/andrea/documents/dissertation_source_files/source_LPC1768/example_sensor_bluetooth/mbed/TARGET_LPC1768/TOOLCHAIN_GCC_CR/libmbed.a
START GROUP
LOAD /usr/local/lpcxpresso_7.7.2_379/lpcxpresso/tools/bin/../lib/gcc/arm-none-eabi/4.9.3/armv7-m/libgcc.a
LOAD /usr/local/lpcxpresso_7.7.2_379/lpcxpresso/tools/bin/../lib/gcc/arm-none-eabi/4.9.3/../../../../arm-none-eabi/lib/armv7-m/libc.a
LOAD /usr/local/lpcxpresso_7.7.2_379/lpcxpresso/tools/bin/../lib/gcc/arm-none-eabi/4.9.3/../../../../arm-none-eabi/lib/armv7-m/libstdc++.a
LOAD /usr/local/lpcxpresso_7.7.2_379/lpcxpresso/tools/bin/../lib/gcc/arm-none-eabi/4.9.3/../../../../arm-none-eabi/lib/armv7-m/libm.a
LOAD /usr/local/lpcxpresso_7.7.2_379/lpcxpresso/tools/bin/../lib/gcc/arm-none-eabi/4.9.3/../../../../arm-none-eabi/lib/armv7-m/libcr_newlib_nohost.a
LOAD /usr/local/lpcxpresso_7.7.2_379/lpcxpresso/tools/bin/../lib/gcc/arm-none-eabi/4.9.3/armv7-m/crti.o
LOAD /usr/local/lpcxpresso_7.7.2_379/lpcxpresso/tools/bin/../lib/gcc/arm-none-eabi/4.9.3/armv7-m/crtn.o
LOAD /usr/local/lpcxpresso_7.7.2_379/lpcxpresso/tools/bin/../lib/gcc/arm-none-eabi/4.9.3/armv7-m/crtbegin.o
LOAD /usr/local/lpcxpresso_7.7.2_379/lpcxpresso/tools/bin/../lib/gcc/arm-none-eabi/4.9.3/armv7-m/crtend.o
END GROUP
                0x00080000                __top_MFlash512 = 0x80000
                0x10008000                __top_RamLoc32 = 0x10008000
                0x20084000                __top_RamAHB32 = 0x20084000

.text           0x00000000     0xd750
 FILL mask 0xff
 *(.isr_vector)
 .isr_vector    0x00000000       0xcc /home/andrea/documents/dissertation_source_files/source_LPC1768/example_sensor_bluetooth/mbed/TARGET_LPC1768/TOOLCHAIN_GCC_CR/startup_LPC17xx.o
                0x00000000                g_pfnVectors
                0x000000cc                . = ALIGN (0x4)
                0x000000cc                __section_table_start = .
                0x000000cc                __data_section_table = .
                0x000000cc        0x4 LONG 0xd758 LOADADDR (.data)
                0x000000d0        0x4 LONG 0x100000c8 ADDR (.data)
                0x000000d4        0x4 LONG 0x8b0 SIZEOF (.data)
                0x000000d8        0x4 LONG 0xd758 LOADADDR (.data_RAM2)
                0x000000dc        0x4 LONG 0x2007c000 ADDR (.data_RAM2)
                0x000000e0        0x4 LONG 0x0 SIZEOF (.data_RAM2)
                0x000000e4                __data_section_table_end = .
                0x000000e4                __bss_section_table = .
                0x000000e4        0x4 LONG 0x10000978 ADDR (.bss)
                0x000000e8        0x4 LONG 0x2b4 SIZEOF (.bss)
                0x000000ec        0x4 LONG 0x2007c000 ADDR (.bss_RAM2)
                0x000000f0        0x4 LONG 0x0 SIZEOF (.bss_RAM2)
                0x000000f4                __bss_section_table_end = .
                0x000000f4                __section_table_end = .
 *(.after_vectors*)
 .after_vectors
                0x000000f4       0xd0 /home/andrea/documents/dissertation_source_files/source_LPC1768/example_sensor_bluetooth/mbed/TARGET_LPC1768/TOOLCHAIN_GCC_CR/startup_LPC17xx.o
                0x000000f4                NMI_Handler
                0x000000f8                HardFault_Handler
                0x000000fc                MemManage_Handler
                0x00000100                BusFault_Handler
                0x00000104                UsageFault_Handler
                0x00000108                SVC_Handler
                0x0000010c                DebugMon_Handler
                0x00000110                PendSV_Handler
                0x00000114                SysTick_Handler
                0x00000118                TIMER2_IRQHandler
                0x00000118                RIT_IRQHandler
                0x00000118                I2C0_IRQHandler
                0x00000118                USBActivity_IRQHandler
                0x00000118                PWM1_IRQHandler
                0x00000118                I2C1_IRQHandler
                0x00000118                EINT2_IRQHandler
                0x00000118                UART1_IRQHandler
                0x00000118                EINT3_IRQHandler
                0x00000118                CANActivity_IRQHandler
                0x00000118                TIMER3_IRQHandler
                0x00000118                UART0_IRQHandler
                0x00000118                IntDefaultHandler
                0x00000118                PLL0_IRQHandler
                0x00000118                CAN_IRQHandler
                0x00000118                PLL1_IRQHandler
                0x00000118                SSP0_IRQHandler
                0x00000118                I2S_IRQHandler
                0x00000118                I2C2_IRQHandler
                0x00000118                RTC_IRQHandler
                0x00000118                TIMER0_IRQHandler
                0x00000118                SPI_IRQHandler
                0x00000118                EINT1_IRQHandler
                0x00000118                TIMER1_IRQHandler
                0x00000118                UART2_IRQHandler
                0x00000118                ADC_IRQHandler
                0x00000118                SSP1_IRQHandler
                0x00000118                USB_IRQHandler
                0x00000118                BOD_IRQHandler
                0x00000118                WDT_IRQHandler
                0x00000118                QEI_IRQHandler
                0x00000118                EINT0_IRQHandler
                0x00000118                DMA_IRQHandler
                0x00000118                UART3_IRQHandler
                0x00000118                MCPWM_IRQHandler
                0x00000118                ENET_IRQHandler
                0x0000011c                ResetISR
                0x0000019c                data_init
                0x000001b4                bss_init
 *(.text*)
 .text._ZN4mbed8AnalogInC2E7PinName
                0x000001c4       0x20 ./sensor_bluetooth_andreaf.o
                0x000001c4                mbed::AnalogIn::AnalogIn(PinName)
                0x000001c4                mbed::AnalogIn::AnalogIn(PinName)
 .text._ZN4mbed8AnalogIn8read_u16Ev
                0x000001e4       0x1c ./sensor_bluetooth_andreaf.o
                0x000001e4                mbed::AnalogIn::read_u16()
 .text._ZN4mbed10SerialBaseD2Ev
                0x00000200       0x28 ./sensor_bluetooth_andreaf.o
                0x00000200                mbed::SerialBase::~SerialBase()
                0x00000200                mbed::SerialBase::~SerialBase()
 .text._ZN4mbed10SerialBaseD0Ev
                0x00000228       0x20 ./sensor_bluetooth_andreaf.o
                0x00000228                mbed::SerialBase::~SerialBase()
 .text._Z13isr_bluetoothv
                0x00000248       0x44 ./sensor_bluetooth_andreaf.o
                0x00000248                isr_bluetooth()
 .text._Z15bluetooth_setupv
                0x0000028c       0x8c ./sensor_bluetooth_andreaf.o
                0x0000028c                bluetooth_setup()
 .text.main     0x00000318      0x190 ./sensor_bluetooth_andreaf.o
                0x00000318                main
 .text._ZN4mbed6SerialD2Ev
                0x000004a8       0x50 ./sensor_bluetooth_andreaf.o
                0x000004a8                mbed::Serial::~Serial()
                0x000004a8                mbed::Serial::~Serial()
 .text._ZN4mbed6SerialD1Ev
                0x000004f8       0x10 ./sensor_bluetooth_andreaf.o
                0x000004f8                non-virtual thunk to mbed::Serial::~Serial()
                0x00000500                non-virtual thunk to mbed::Serial::~Serial()
 .text._ZN4mbed6SerialD0Ev
                0x00000508       0x30 ./sensor_bluetooth_andreaf.o
                0x00000508                mbed::Serial::~Serial()
                0x00000528                non-virtual thunk to mbed::Serial::~Serial()
                0x00000530                non-virtual thunk to mbed::Serial::~Serial()
 .text._Z41__static_initialization_and_destruction_0ii
                0x00000538       0x4c ./sensor_bluetooth_andreaf.o
 .text._GLOBAL__sub_I_rn42
                0x00000584       0x10 ./sensor_bluetooth_andreaf.o
 .text._ZN4mbed10FileHandle4flenEv
                0x00000594       0x34 /home/andrea/documents/dissertation_source_files/source_LPC1768/example_sensor_bluetooth/mbed/TARGET_LPC1768/TOOLCHAIN_GCC_CR/retarget.o
                0x00000594                mbed::FileHandle::flen()
 .text._ZN4mbed10FileHandleD2Ev
                0x000005c8       0x2c /home/andrea/documents/dissertation_source_files/source_LPC1768/example_sensor_bluetooth/mbed/TARGET_LPC1768/TOOLCHAIN_GCC_CR/retarget.o
                0x000005c8                mbed::FileHandle::~FileHandle()
                0x000005c8                mbed::FileHandle::~FileHandle()
 .text._ZN4mbed10FileHandleD0Ev
                0x000005f4       0x34 /home/andrea/documents/dissertation_source_files/source_LPC1768/example_sensor_bluetooth/mbed/TARGET_LPC1768/TOOLCHAIN_GCC_CR/retarget.o
                0x000005f4                mbed::FileHandle::~FileHandle()
 .text._ZL11init_serialv.part.0
                0x00000628       0x18 /home/andrea/documents/dissertation_source_files/source_LPC1768/example_sensor_bluetooth/mbed/TARGET_LPC1768/TOOLCHAIN_GCC_CR/retarget.o
 .text._open    0x00000640       0xf8 /home/andrea/documents/dissertation_source_files/source_LPC1768/example_sensor_bluetooth/mbed/TARGET_LPC1768/TOOLCHAIN_GCC_CR/retarget.o
                0x00000640                _open
 .text._close   0x00000738       0x2c /home/andrea/documents/dissertation_source_files/source_LPC1768/example_sensor_bluetooth/mbed/TARGET_LPC1768/TOOLCHAIN_GCC_CR/retarget.o
                0x00000738                _close
 .text._write   0x00000764       0x50 /home/andrea/documents/dissertation_source_files/source_LPC1768/example_sensor_bluetooth/mbed/TARGET_LPC1768/TOOLCHAIN_GCC_CR/retarget.o
                0x00000764                _write
 .text._read    0x000007b4       0x4c /home/andrea/documents/dissertation_source_files/source_LPC1768/example_sensor_bluetooth/mbed/TARGET_LPC1768/TOOLCHAIN_GCC_CR/retarget.o
                0x000007b4                _read
 .text._isatty  0x00000800       0x28 /home/andrea/documents/dissertation_source_files/source_LPC1768/example_sensor_bluetooth/mbed/TARGET_LPC1768/TOOLCHAIN_GCC_CR/retarget.o
                0x00000800                _isatty
 .text._lseek   0x00000828       0x28 /home/andrea/documents/dissertation_source_files/source_LPC1768/example_sensor_bluetooth/mbed/TARGET_LPC1768/TOOLCHAIN_GCC_CR/retarget.o
                0x00000828                _lseek
 .text._fstat   0x00000850       0x20 /home/andrea/documents/dissertation_source_files/source_LPC1768/example_sensor_bluetooth/mbed/TARGET_LPC1768/TOOLCHAIN_GCC_CR/retarget.o
                0x00000850                _fstat
 .text.exit     0x00000870       0x30 /home/andrea/documents/dissertation_source_files/source_LPC1768/example_sensor_bluetooth/mbed/TARGET_LPC1768/TOOLCHAIN_GCC_CR/retarget.o
                0x00000870                exit
 .text.__cxa_pure_virtual
                0x000008a0        0x8 /home/andrea/documents/dissertation_source_files/source_LPC1768/example_sensor_bluetooth/mbed/TARGET_LPC1768/TOOLCHAIN_GCC_CR/retarget.o
                0x000008a0                __cxa_pure_virtual
 .text._ZN4mbed26mbed_set_unbuffered_streamEP7__sFILE
                0x000008a8        0x8 /home/andrea/documents/dissertation_source_files/source_LPC1768/example_sensor_bluetooth/mbed/TARGET_LPC1768/TOOLCHAIN_GCC_CR/retarget.o
                0x000008a8                mbed::mbed_set_unbuffered_stream(__sFILE*)
 .text._ZN4mbed9mbed_getcEP7__sFILE
                0x000008b0        0x4 /home/andrea/documents/dissertation_source_files/source_LPC1768/example_sensor_bluetooth/mbed/TARGET_LPC1768/TOOLCHAIN_GCC_CR/retarget.o
                0x000008b0                mbed::mbed_getc(__sFILE*)
 .text.SystemInit
                0x000008b4       0xb8 /home/andrea/documents/dissertation_source_files/source_LPC1768/example_sensor_bluetooth/mbed/TARGET_LPC1768/TOOLCHAIN_GCC_CR/system_LPC17xx.o
                0x000008b4                SystemInit
 .text.mbed_die
                0x0000096c      0x10c /home/andrea/documents/dissertation_source_files/source_LPC1768/example_sensor_bluetooth/mbed/TARGET_LPC1768/TOOLCHAIN_GCC_CR/board.o
                0x0000096c                mbed_die
 .text.NVIC_SetVector
                0x00000a78       0x3c /home/andrea/documents/dissertation_source_files/source_LPC1768/example_sensor_bluetooth/mbed/TARGET_LPC1768/TOOLCHAIN_GCC_CR/cmsis_nvic.o
                0x00000a78                NVIC_SetVector
 .text.__aeabi_atexit
                0x00000ab4        0x4 /home/andrea/documents/dissertation_source_files/source_LPC1768/example_sensor_bluetooth/mbed/TARGET_LPC1768/TOOLCHAIN_GCC_CR/startup_LPC17xx.o
                0x00000ab4                __aeabi_atexit
 .text._ZdlPv   0x00000ab8        0x4 /home/andrea/documents/dissertation_source_files/source_LPC1768/example_sensor_bluetooth/mbed/TARGET_LPC1768/TOOLCHAIN_GCC_CR/startup_LPC17xx.o
                0x00000ab8                operator delete(void*)
 .text.analogin_init
                0x00000abc       0x98 /home/andrea/documents/dissertation_source_files/source_LPC1768/example_sensor_bluetooth/mbed/TARGET_LPC1768/TOOLCHAIN_GCC_CR/libmbed.a(analogin_api.o)
                0x00000abc                analogin_init
 .text.analogin_read_u16
                0x00000b54       0xb4 /home/andrea/documents/dissertation_source_files/source_LPC1768/example_sensor_bluetooth/mbed/TARGET_LPC1768/TOOLCHAIN_GCC_CR/libmbed.a(analogin_api.o)
                0x00000b54                analogin_read_u16
 .text.uart2_irq
                0x00000c08       0x64 /home/andrea/documents/dissertation_source_files/source_LPC1768/example_sensor_bluetooth/mbed/TARGET_LPC1768/TOOLCHAIN_GCC_CR/libmbed.a(serial_api.o)
                0x00000c08                uart2_irq
 .text.serial_irq_set_internal
                0x00000c6c       0xcc /home/andrea/documents/dissertation_source_files/source_LPC1768/example_sensor_bluetooth/mbed/TARGET_LPC1768/TOOLCHAIN_GCC_CR/libmbed.a(serial_api.o)
 .text.uart0_irq
                0x00000d38       0x64 /home/andrea/documents/dissertation_source_files/source_LPC1768/example_sensor_bluetooth/mbed/TARGET_LPC1768/TOOLCHAIN_GCC_CR/libmbed.a(serial_api.o)
                0x00000d38                uart0_irq
 .text.uart3_irq
                0x00000d9c       0x6c /home/andrea/documents/dissertation_source_files/source_LPC1768/example_sensor_bluetooth/mbed/TARGET_LPC1768/TOOLCHAIN_GCC_CR/libmbed.a(serial_api.o)
                0x00000d9c                uart3_irq
 .text.uart1_irq
                0x00000e08       0x64 /home/andrea/documents/dissertation_source_files/source_LPC1768/example_sensor_bluetooth/mbed/TARGET_LPC1768/TOOLCHAIN_GCC_CR/libmbed.a(serial_api.o)
                0x00000e08                uart1_irq
 .text.serial_baud
                0x00000e6c      0x244 /home/andrea/documents/dissertation_source_files/source_LPC1768/example_sensor_bluetooth/mbed/TARGET_LPC1768/TOOLCHAIN_GCC_CR/libmbed.a(serial_api.o)
                0x00000e6c                serial_baud
 .text.serial_format
                0x000010b0       0x78 /home/andrea/documents/dissertation_source_files/source_LPC1768/example_sensor_bluetooth/mbed/TARGET_LPC1768/TOOLCHAIN_GCC_CR/libmbed.a(serial_api.o)
                0x000010b0                serial_format
 .text.serial_irq_handler
                0x00001128       0x20 /home/andrea/documents/dissertation_source_files/source_LPC1768/example_sensor_bluetooth/mbed/TARGET_LPC1768/TOOLCHAIN_GCC_CR/libmbed.a(serial_api.o)
                0x00001128                serial_irq_handler
 .text.serial_irq_set
                0x00001148       0x20 /home/andrea/documents/dissertation_source_files/source_LPC1768/example_sensor_bluetooth/mbed/TARGET_LPC1768/TOOLCHAIN_GCC_CR/libmbed.a(serial_api.o)
                0x00001148                serial_irq_set
 .text.serial_getc
                0x00001168       0x38 /home/andrea/documents/dissertation_source_files/source_LPC1768/example_sensor_bluetooth/mbed/TARGET_LPC1768/TOOLCHAIN_GCC_CR/libmbed.a(serial_api.o)
                0x00001168                serial_getc
 .text.serial_readable
                0x000011a0        0xc /home/andrea/documents/dissertation_source_files/source_LPC1768/example_sensor_bluetooth/mbed/TARGET_LPC1768/TOOLCHAIN_GCC_CR/libmbed.a(serial_api.o)
                0x000011a0                serial_readable
 .text.serial_writable
                0x000011ac       0x74 /home/andrea/documents/dissertation_source_files/source_LPC1768/example_sensor_bluetooth/mbed/TARGET_LPC1768/TOOLCHAIN_GCC_CR/libmbed.a(serial_api.o)
                0x000011ac                serial_writable
 .text.serial_putc
                0x00001220       0x34 /home/andrea/documents/dissertation_source_files/source_LPC1768/example_sensor_bluetooth/mbed/TARGET_LPC1768/TOOLCHAIN_GCC_CR/libmbed.a(serial_api.o)
                0x00001220                serial_putc
 .text.serial_set_flow_control
                0x00001254      0x12c /home/andrea/documents/dissertation_source_files/source_LPC1768/example_sensor_bluetooth/mbed/TARGET_LPC1768/TOOLCHAIN_GCC_CR/libmbed.a(serial_api.o)
                0x00001254                serial_set_flow_control
 .text.serial_init
                0x00001380      0x1bc /home/andrea/documents/dissertation_source_files/source_LPC1768/example_sensor_bluetooth/mbed/TARGET_LPC1768/TOOLCHAIN_GCC_CR/libmbed.a(serial_api.o)
                0x00001380                serial_init
 .text._ZN4mbed8FilePathC2EPKc
                0x0000153c       0x58 /home/andrea/documents/dissertation_source_files/source_LPC1768/example_sensor_bluetooth/mbed/TARGET_LPC1768/TOOLCHAIN_GCC_CR/libmbed.a(FilePath.o)
                0x0000153c                mbed::FilePath::FilePath(char const*)
                0x0000153c                mbed::FilePath::FilePath(char const*)
 .text._ZN4mbed8FilePath8fileNameEv
                0x00001594        0x4 /home/andrea/documents/dissertation_source_files/source_LPC1768/example_sensor_bluetooth/mbed/TARGET_LPC1768/TOOLCHAIN_GCC_CR/libmbed.a(FilePath.o)
                0x00001594                mbed::FilePath::fileName()
 .text._ZN4mbed8FilePath10fileSystemEv
                0x00001598       0x18 /home/andrea/documents/dissertation_source_files/source_LPC1768/example_sensor_bluetooth/mbed/TARGET_LPC1768/TOOLCHAIN_GCC_CR/libmbed.a(FilePath.o)
                0x00001598                mbed::FilePath::fileSystem()
 .text._ZN4mbed8FilePath6isFileEv
                0x000015b0       0x14 /home/andrea/documents/dissertation_source_files/source_LPC1768/example_sensor_bluetooth/mbed/TARGET_LPC1768/TOOLCHAIN_GCC_CR/libmbed.a(FilePath.o)
                0x000015b0                mbed::FilePath::isFile()
 .text._ZN4mbed8FilePath4fileEv
                0x000015c4       0x1c /home/andrea/documents/dissertation_source_files/source_LPC1768/example_sensor_bluetooth/mbed/TARGET_LPC1768/TOOLCHAIN_GCC_CR/libmbed.a(FilePath.o)
                0x000015c4                mbed::FilePath::file()
 .text._ZN4mbed8FilePath6existsEv
                0x000015e0        0xc /home/andrea/documents/dissertation_source_files/source_LPC1768/example_sensor_bluetooth/mbed/TARGET_LPC1768/TOOLCHAIN_GCC_CR/libmbed.a(FilePath.o)
                0x000015e0                mbed::FilePath::exists()
 .text._ZN4mbed6Serial5_getcEv
                0x000015ec        0x4 /home/andrea/documents/dissertation_source_files/source_LPC1768/example_sensor_bluetooth/mbed/TARGET_LPC1768/TOOLCHAIN_GCC_CR/libmbed.a(Serial.o)
                0x000015ec                mbed::Serial::_getc()
 .text._ZThn64_N4mbed6Serial5_getcEv
                0x000015f0        0x8 /home/andrea/documents/dissertation_source_files/source_LPC1768/example_sensor_bluetooth/mbed/TARGET_LPC1768/TOOLCHAIN_GCC_CR/libmbed.a(Serial.o)
                0x000015f0                non-virtual thunk to mbed::Serial::_getc()
 .text._ZN4mbed6Serial5_putcEi
                0x000015f8        0x4 /home/andrea/documents/dissertation_source_files/source_LPC1768/example_sensor_bluetooth/mbed/TARGET_LPC1768/TOOLCHAIN_GCC_CR/libmbed.a(Serial.o)
                0x000015f8                mbed::Serial::_putc(int)
 .text._ZThn64_N4mbed6Serial5_putcEi
                0x000015fc        0x8 /home/andrea/documents/dissertation_source_files/source_LPC1768/example_sensor_bluetooth/mbed/TARGET_LPC1768/TOOLCHAIN_GCC_CR/libmbed.a(Serial.o)
                0x000015fc                non-virtual thunk to mbed::Serial::_putc(int)
 .text._ZN4mbed6SerialC2E7PinNameS1_PKc
                0x00001604       0x30 /home/andrea/documents/dissertation_source_files/source_LPC1768/example_sensor_bluetooth/mbed/TARGET_LPC1768/TOOLCHAIN_GCC_CR/libmbed.a(Serial.o)
                0x00001604                mbed::Serial::Serial(PinName, PinName, char const*)
                0x00001604                mbed::Serial::Serial(PinName, PinName, char const*)
 .text._ZN4mbed10SerialBase12_irq_handlerEm9SerialIrq
                0x00001634       0x28 /home/andrea/documents/dissertation_source_files/source_LPC1768/example_sensor_bluetooth/mbed/TARGET_LPC1768/TOOLCHAIN_GCC_CR/libmbed.a(SerialBase.o)
                0x00001634                mbed::SerialBase::_irq_handler(unsigned long, SerialIrq)
 .text._ZN4mbed10SerialBaseC2E7PinNameS1_
                0x0000165c       0x3c /home/andrea/documents/dissertation_source_files/source_LPC1768/example_sensor_bluetooth/mbed/TARGET_LPC1768/TOOLCHAIN_GCC_CR/libmbed.a(SerialBase.o)
                0x0000165c                mbed::SerialBase::SerialBase(PinName, PinName)
                0x0000165c                mbed::SerialBase::SerialBase(PinName, PinName)
 .text._ZN4mbed10SerialBase4baudEi
                0x00001698       0x10 /home/andrea/documents/dissertation_source_files/source_LPC1768/example_sensor_bluetooth/mbed/TARGET_LPC1768/TOOLCHAIN_GCC_CR/libmbed.a(SerialBase.o)
                0x00001698                mbed::SerialBase::baud(int)
 .text._ZN4mbed10SerialBase8readableEv
                0x000016a8        0x8 /home/andrea/documents/dissertation_source_files/source_LPC1768/example_sensor_bluetooth/mbed/TARGET_LPC1768/TOOLCHAIN_GCC_CR/libmbed.a(SerialBase.o)
                0x000016a8                mbed::SerialBase::readable()
 .text._ZN4mbed10SerialBase6attachEPFvvENS0_7IrqTypeE
                0x000016b0       0x30 /home/andrea/documents/dissertation_source_files/source_LPC1768/example_sensor_bluetooth/mbed/TARGET_LPC1768/TOOLCHAIN_GCC_CR/libmbed.a(SerialBase.o)
                0x000016b0                mbed::SerialBase::attach(void (*)(), mbed::SerialBase::IrqType)
 .text._ZN4mbed10SerialBase10_base_getcEv
                0x000016e0        0x8 /home/andrea/documents/dissertation_source_files/source_LPC1768/example_sensor_bluetooth/mbed/TARGET_LPC1768/TOOLCHAIN_GCC_CR/libmbed.a(SerialBase.o)
                0x000016e0                mbed::SerialBase::_base_getc()
 .text._ZN4mbed10SerialBase10_base_putcEi
                0x000016e8       0x10 /home/andrea/documents/dissertation_source_files/source_LPC1768/example_sensor_bluetooth/mbed/TARGET_LPC1768/TOOLCHAIN_GCC_CR/libmbed.a(SerialBase.o)
                0x000016e8                mbed::SerialBase::_base_putc(int)
 .text._ZN4mbed6Stream5closeEv
                0x000016f8        0x4 /home/andrea/documents/dissertation_source_files/source_LPC1768/example_sensor_bluetooth/mbed/TARGET_LPC1768/TOOLCHAIN_GCC_CR/libmbed.a(Stream.o)
                0x000016f8                mbed::Stream::close()
 .text._ZN4mbed6Stream5writeEPKvj
                0x000016fc       0x30 /home/andrea/documents/dissertation_source_files/source_LPC1768/example_sensor_bluetooth/mbed/TARGET_LPC1768/TOOLCHAIN_GCC_CR/libmbed.a(Stream.o)
                0x000016fc                mbed::Stream::write(void const*, unsigned int)
 .text._ZN4mbed6Stream4readEPvj
                0x0000172c       0x30 /home/andrea/documents/dissertation_source_files/source_LPC1768/example_sensor_bluetooth/mbed/TARGET_LPC1768/TOOLCHAIN_GCC_CR/libmbed.a(Stream.o)
                0x0000172c                mbed::Stream::read(void*, unsigned int)
 .text._ZN4mbed6Stream5lseekEli
                0x0000175c        0x4 /home/andrea/documents/dissertation_source_files/source_LPC1768/example_sensor_bluetooth/mbed/TARGET_LPC1768/TOOLCHAIN_GCC_CR/libmbed.a(Stream.o)
                0x0000175c                mbed::Stream::lseek(long, int)
 .text._ZN4mbed6Stream6isattyEv
                0x00001760        0x4 /home/andrea/documents/dissertation_source_files/source_LPC1768/example_sensor_bluetooth/mbed/TARGET_LPC1768/TOOLCHAIN_GCC_CR/libmbed.a(Stream.o)
                0x00001760                mbed::Stream::isatty()
 .text._ZN4mbed6Stream5fsyncEv
                0x00001764        0x4 /home/andrea/documents/dissertation_source_files/source_LPC1768/example_sensor_bluetooth/mbed/TARGET_LPC1768/TOOLCHAIN_GCC_CR/libmbed.a(Stream.o)
                0x00001764                mbed::Stream::fsync()
 .text._ZN4mbed6Stream4flenEv
                0x00001768        0x4 /home/andrea/documents/dissertation_source_files/source_LPC1768/example_sensor_bluetooth/mbed/TARGET_LPC1768/TOOLCHAIN_GCC_CR/libmbed.a(Stream.o)
                0x00001768                mbed::Stream::flen()
 .text._ZN4mbed6StreamD2Ev
                0x0000176c       0x24 /home/andrea/documents/dissertation_source_files/source_LPC1768/example_sensor_bluetooth/mbed/TARGET_LPC1768/TOOLCHAIN_GCC_CR/libmbed.a(Stream.o)
                0x0000176c                mbed::Stream::~Stream()
                0x0000176c                mbed::Stream::~Stream()
 .text._ZThn4_N4mbed6StreamD1Ev
                0x00001790        0x8 /home/andrea/documents/dissertation_source_files/source_LPC1768/example_sensor_bluetooth/mbed/TARGET_LPC1768/TOOLCHAIN_GCC_CR/libmbed.a(Stream.o)
                0x00001790                non-virtual thunk to mbed::Stream::~Stream()
 .text._ZN4mbed6StreamD0Ev
                0x00001798       0x14 /home/andrea/documents/dissertation_source_files/source_LPC1768/example_sensor_bluetooth/mbed/TARGET_LPC1768/TOOLCHAIN_GCC_CR/libmbed.a(Stream.o)
                0x00001798                mbed::Stream::~Stream()
 .text._ZThn4_N4mbed6StreamD0Ev
                0x000017ac        0x8 /home/andrea/documents/dissertation_source_files/source_LPC1768/example_sensor_bluetooth/mbed/TARGET_LPC1768/TOOLCHAIN_GCC_CR/libmbed.a(Stream.o)
                0x000017ac                non-virtual thunk to mbed::Stream::~Stream()
 .text._ZN4mbed6StreamC2EPKc
                0x000017b4       0x44 /home/andrea/documents/dissertation_source_files/source_LPC1768/example_sensor_bluetooth/mbed/TARGET_LPC1768/TOOLCHAIN_GCC_CR/libmbed.a(Stream.o)
                0x000017b4                mbed::Stream::Stream(char const*)
                0x000017b4                mbed::Stream::Stream(char const*)
 .text._ZN4mbed6Stream4putcEi
                0x000017f8       0x18 /home/andrea/documents/dissertation_source_files/source_LPC1768/example_sensor_bluetooth/mbed/TARGET_LPC1768/TOOLCHAIN_GCC_CR/libmbed.a(Stream.o)
                0x000017f8                mbed::Stream::putc(int)
 .text._ZN4mbed6Stream4getcEv
                0x00001810       0x14 /home/andrea/documents/dissertation_source_files/source_LPC1768/example_sensor_bluetooth/mbed/TARGET_LPC1768/TOOLCHAIN_GCC_CR/libmbed.a(Stream.o)
                0x00001810                mbed::Stream::getc()
 .text.mbed_assert_internal
                0x00001824       0x2c /home/andrea/documents/dissertation_source_files/source_LPC1768/example_sensor_bluetooth/mbed/TARGET_LPC1768/TOOLCHAIN_GCC_CR/libmbed.a(assert.o)
                0x00001824                mbed_assert_internal
 .text.error    0x00001850       0x24 /home/andrea/documents/dissertation_source_files/source_LPC1768/example_sensor_bluetooth/mbed/TARGET_LPC1768/TOOLCHAIN_GCC_CR/libmbed.a(error.o)
                0x00001850                error
 .text.gpio_init_in
                0x00001874       0x24 /home/andrea/documents/dissertation_source_files/source_LPC1768/example_sensor_bluetooth/mbed/TARGET_LPC1768/TOOLCHAIN_GCC_CR/libmbed.a(gpio.o)
                0x00001874                gpio_init_in
 .text.gpio_init_out
                0x00001898       0x44 /home/andrea/documents/dissertation_source_files/source_LPC1768/example_sensor_bluetooth/mbed/TARGET_LPC1768/TOOLCHAIN_GCC_CR/libmbed.a(gpio.o)
                0x00001898                gpio_init_out
 .text.gpio_init_out_ex
                0x000018dc       0x54 /home/andrea/documents/dissertation_source_files/source_LPC1768/example_sensor_bluetooth/mbed/TARGET_LPC1768/TOOLCHAIN_GCC_CR/libmbed.a(gpio.o)
                0x000018dc                gpio_init_out_ex
 .text.mbed_interface_connected
                0x00001930        0x4 /home/andrea/documents/dissertation_source_files/source_LPC1768/example_sensor_bluetooth/mbed/TARGET_LPC1768/TOOLCHAIN_GCC_CR/libmbed.a(mbed_interface.o)
                0x00001930                mbed_interface_connected
 .text.pinmap_pinout
                0x00001934       0x40 /home/andrea/documents/dissertation_source_files/source_LPC1768/example_sensor_bluetooth/mbed/TARGET_LPC1768/TOOLCHAIN_GCC_CR/libmbed.a(pinmap_common.o)
                0x00001934                pinmap_pinout
 .text.pinmap_merge
                0x00001974       0x24 /home/andrea/documents/dissertation_source_files/source_LPC1768/example_sensor_bluetooth/mbed/TARGET_LPC1768/TOOLCHAIN_GCC_CR/libmbed.a(pinmap_common.o)
                0x00001974                pinmap_merge
 .text.pinmap_find_peripheral
                0x00001998       0x1c /home/andrea/documents/dissertation_source_files/source_LPC1768/example_sensor_bluetooth/mbed/TARGET_LPC1768/TOOLCHAIN_GCC_CR/libmbed.a(pinmap_common.o)
                0x00001998                pinmap_find_peripheral
 .text.pinmap_peripheral
                0x000019b4       0x34 /home/andrea/documents/dissertation_source_files/source_LPC1768/example_sensor_bluetooth/mbed/TARGET_LPC1768/TOOLCHAIN_GCC_CR/libmbed.a(pinmap_common.o)
                0x000019b4                pinmap_peripheral
 .text.semihost_exit
                0x000019e8       0x18 /home/andrea/documents/dissertation_source_files/source_LPC1768/example_sensor_bluetooth/mbed/TARGET_LPC1768/TOOLCHAIN_GCC_CR/libmbed.a(semihost_api.o)
                0x000019e8                semihost_exit
 .text.semihost_connected
                0x00001a00       0x10 /home/andrea/documents/dissertation_source_files/source_LPC1768/example_sensor_bluetooth/mbed/TARGET_LPC1768/TOOLCHAIN_GCC_CR/libmbed.a(semihost_api.o)
                0x00001a00                semihost_connected
 .text.wait_us  0x00001a10       0x18 /home/andrea/documents/dissertation_source_files/source_LPC1768/example_sensor_bluetooth/mbed/TARGET_LPC1768/TOOLCHAIN_GCC_CR/libmbed.a(wait_api.o)
                0x00001a10                wait_us
 .text.wait     0x00001a28       0x18 /home/andrea/documents/dissertation_source_files/source_LPC1768/example_sensor_bluetooth/mbed/TARGET_LPC1768/TOOLCHAIN_GCC_CR/libmbed.a(wait_api.o)
                0x00001a28                wait
 .text.wait_ms  0x00001a40        0xc /home/andrea/documents/dissertation_source_files/source_LPC1768/example_sensor_bluetooth/mbed/TARGET_LPC1768/TOOLCHAIN_GCC_CR/libmbed.a(wait_api.o)
                0x00001a40                wait_ms
 .text.gpio_set
                0x00001a4c       0x30 /home/andrea/documents/dissertation_source_files/source_LPC1768/example_sensor_bluetooth/mbed/TARGET_LPC1768/TOOLCHAIN_GCC_CR/libmbed.a(gpio_api.o)
                0x00001a4c                gpio_set
 .text.gpio_init
                0x00001a7c       0x30 /home/andrea/documents/dissertation_source_files/source_LPC1768/example_sensor_bluetooth/mbed/TARGET_LPC1768/TOOLCHAIN_GCC_CR/libmbed.a(gpio_api.o)
                0x00001a7c                gpio_init
 .text.gpio_mode
                0x00001aac        0x8 /home/andrea/documents/dissertation_source_files/source_LPC1768/example_sensor_bluetooth/mbed/TARGET_LPC1768/TOOLCHAIN_GCC_CR/libmbed.a(gpio_api.o)
                0x00001aac                gpio_mode
 .text.gpio_dir
                0x00001ab4       0x44 /home/andrea/documents/dissertation_source_files/source_LPC1768/example_sensor_bluetooth/mbed/TARGET_LPC1768/TOOLCHAIN_GCC_CR/libmbed.a(gpio_api.o)
                0x00001ab4                gpio_dir
 .text.pin_function
                0x00001af8       0x50 /home/andrea/documents/dissertation_source_files/source_LPC1768/example_sensor_bluetooth/mbed/TARGET_LPC1768/TOOLCHAIN_GCC_CR/libmbed.a(pinmap.o)
                0x00001af8                pin_function
 .text.pin_mode
                0x00001b48       0x78 /home/andrea/documents/dissertation_source_files/source_LPC1768/example_sensor_bluetooth/mbed/TARGET_LPC1768/TOOLCHAIN_GCC_CR/libmbed.a(pinmap.o)
                0x00001b48                pin_mode
 .text.us_ticker_init
                0x00001bc0       0x68 /home/andrea/documents/dissertation_source_files/source_LPC1768/example_sensor_bluetooth/mbed/TARGET_LPC1768/TOOLCHAIN_GCC_CR/libmbed.a(us_ticker.o)
                0x00001bc0                us_ticker_init
 .text.us_ticker_read
                0x00001c28       0x1c /home/andrea/documents/dissertation_source_files/source_LPC1768/example_sensor_bluetooth/mbed/TARGET_LPC1768/TOOLCHAIN_GCC_CR/libmbed.a(us_ticker.o)
                0x00001c28                us_ticker_read
 .text.us_ticker_set_interrupt
                0x00001c44       0x14 /home/andrea/documents/dissertation_source_files/source_LPC1768/example_sensor_bluetooth/mbed/TARGET_LPC1768/TOOLCHAIN_GCC_CR/libmbed.a(us_ticker.o)
                0x00001c44                us_ticker_set_interrupt
 .text.us_ticker_disable_interrupt
                0x00001c58       0x10 /home/andrea/documents/dissertation_source_files/source_LPC1768/example_sensor_bluetooth/mbed/TARGET_LPC1768/TOOLCHAIN_GCC_CR/libmbed.a(us_ticker.o)
                0x00001c58                us_ticker_disable_interrupt
 .text.us_ticker_clear_interrupt
                0x00001c68        0xc /home/andrea/documents/dissertation_source_files/source_LPC1768/example_sensor_bluetooth/mbed/TARGET_LPC1768/TOOLCHAIN_GCC_CR/libmbed.a(us_ticker.o)
                0x00001c68                us_ticker_clear_interrupt
 .text._ZN4mbed8FileBaseD2Ev
                0x00001c74       0x30 /home/andrea/documents/dissertation_source_files/source_LPC1768/example_sensor_bluetooth/mbed/TARGET_LPC1768/TOOLCHAIN_GCC_CR/libmbed.a(FileBase.o)
                0x00001c74                mbed::FileBase::~FileBase()
                0x00001c74                mbed::FileBase::~FileBase()
 .text._ZN4mbed8FileBaseD0Ev
                0x00001ca4       0x3c /home/andrea/documents/dissertation_source_files/source_LPC1768/example_sensor_bluetooth/mbed/TARGET_LPC1768/TOOLCHAIN_GCC_CR/libmbed.a(FileBase.o)
                0x00001ca4                mbed::FileBase::~FileBase()
 .text._ZN4mbed8FileBaseC2EPKcNS_8PathTypeE
                0x00001ce0       0x28 /home/andrea/documents/dissertation_source_files/source_LPC1768/example_sensor_bluetooth/mbed/TARGET_LPC1768/TOOLCHAIN_GCC_CR/libmbed.a(FileBase.o)
                0x00001ce0                mbed::FileBase::FileBase(char const*, mbed::PathType)
                0x00001ce0                mbed::FileBase::FileBase(char const*, mbed::PathType)
 .text._ZN4mbed8FileBase6lookupEPKcj
                0x00001d08       0x3c /home/andrea/documents/dissertation_source_files/source_LPC1768/example_sensor_bluetooth/mbed/TARGET_LPC1768/TOOLCHAIN_GCC_CR/libmbed.a(FileBase.o)
                0x00001d08                mbed::FileBase::lookup(char const*, unsigned int)
 .text._ZN4mbed8FileBase11getPathTypeEv
                0x00001d44        0x4 /home/andrea/documents/dissertation_source_files/source_LPC1768/example_sensor_bluetooth/mbed/TARGET_LPC1768/TOOLCHAIN_GCC_CR/libmbed.a(FileBase.o)
                0x00001d44                mbed::FileBase::getPathType()
 .text._ZN4mbed8FileLikeD2Ev
                0x00001d48       0x24 /home/andrea/documents/dissertation_source_files/source_LPC1768/example_sensor_bluetooth/mbed/TARGET_LPC1768/TOOLCHAIN_GCC_CR/libmbed.a(FileLike.o)
                0x00001d48                mbed::FileLike::~FileLike()
                0x00001d48                mbed::FileLike::~FileLike()
 .text._ZThn4_N4mbed8FileLikeD1Ev
                0x00001d6c        0x8 /home/andrea/documents/dissertation_source_files/source_LPC1768/example_sensor_bluetooth/mbed/TARGET_LPC1768/TOOLCHAIN_GCC_CR/libmbed.a(FileLike.o)
                0x00001d6c                non-virtual thunk to mbed::FileLike::~FileLike()
 .text._ZN4mbed8FileLikeD0Ev
                0x00001d74       0x2c /home/andrea/documents/dissertation_source_files/source_LPC1768/example_sensor_bluetooth/mbed/TARGET_LPC1768/TOOLCHAIN_GCC_CR/libmbed.a(FileLike.o)
                0x00001d74                mbed::FileLike::~FileLike()
 .text._ZThn4_N4mbed8FileLikeD0Ev
                0x00001da0        0x8 /home/andrea/documents/dissertation_source_files/source_LPC1768/example_sensor_bluetooth/mbed/TARGET_LPC1768/TOOLCHAIN_GCC_CR/libmbed.a(FileLike.o)
                0x00001da0                non-virtual thunk to mbed::FileLike::~FileLike()
 .text._ZN4mbed8FileLikeC2EPKc
                0x00001da8       0x28 /home/andrea/documents/dissertation_source_files/source_LPC1768/example_sensor_bluetooth/mbed/TARGET_LPC1768/TOOLCHAIN_GCC_CR/libmbed.a(FileLike.o)
                0x00001da8                mbed::FileLike::FileLike(char const*)
                0x00001da8                mbed::FileLike::FileLike(char const*)
 .text.us_ticker_irq_handler
                0x00001dd0        0xc /home/andrea/documents/dissertation_source_files/source_LPC1768/example_sensor_bluetooth/mbed/TARGET_LPC1768/TOOLCHAIN_GCC_CR/libmbed.a(us_ticker_api.o)
                0x00001dd0                us_ticker_irq_handler
 .text.ticker_irq_handler
                0x00001ddc       0x48 /home/andrea/documents/dissertation_source_files/source_LPC1768/example_sensor_bluetooth/mbed/TARGET_LPC1768/TOOLCHAIN_GCC_CR/libmbed.a(ticker_api.o)
                0x00001ddc                ticker_irq_handler
 .text          0x00001e24      0x370 /usr/local/lpcxpresso_7.7.2_379/lpcxpresso/tools/bin/../lib/gcc/arm-none-eabi/4.9.3/armv7-m/libgcc.a(_arm_addsubdf3.o)
                0x00001e24                __aeabi_drsub
                0x00001e2c                __aeabi_dsub
                0x00001e2c                __subdf3
                0x00001e30                __adddf3
                0x00001e30                __aeabi_dadd
                0x000020a8                __aeabi_ui2d
                0x000020a8                __floatunsidf
                0x000020c8                __floatsidf
                0x000020c8                __aeabi_i2d
                0x000020ec                __extendsfdf2
                0x000020ec                __aeabi_f2d
                0x00002128                __aeabi_ul2d
                0x00002128                __floatundidf
                0x00002138                __floatdidf
                0x00002138                __aeabi_l2d
 .text          0x00002194      0x424 /usr/local/lpcxpresso_7.7.2_379/lpcxpresso/tools/bin/../lib/gcc/arm-none-eabi/4.9.3/armv7-m/libgcc.a(_arm_muldivdf3.o)
                0x00002194                __aeabi_dmul
                0x00002194                __muldf3
                0x000023e8                __aeabi_ddiv
                0x000023e8                __divdf3
 .text          0x000025b8       0xa0 /usr/local/lpcxpresso_7.7.2_379/lpcxpresso/tools/bin/../lib/gcc/arm-none-eabi/4.9.3/armv7-m/libgcc.a(_arm_truncdfsf2.o)
                0x000025b8                __aeabi_d2f
                0x000025b8                __truncdfsf2
 .text          0x00002658      0x21c /usr/local/lpcxpresso_7.7.2_379/lpcxpresso/tools/bin/../lib/gcc/arm-none-eabi/4.9.3/armv7-m/libgcc.a(_arm_addsubsf3.o)
                0x00002658                __aeabi_frsub
                0x00002660                __subsf3
                0x00002660                __aeabi_fsub
                0x00002664                __aeabi_fadd
                0x00002664                __addsf3
                0x000027c4                __aeabi_ui2f
                0x000027c4                __floatunsisf
                0x000027cc                __aeabi_i2f
                0x000027cc                __floatsisf
                0x000027e8                __floatundisf
                0x000027e8                __aeabi_ul2f
                0x000027f8                __floatdisf
                0x000027f8                __aeabi_l2f
 .text          0x00002874      0x2a0 /usr/local/lpcxpresso_7.7.2_379/lpcxpresso/tools/bin/../lib/gcc/arm-none-eabi/4.9.3/armv7-m/libgcc.a(_arm_muldivsf3.o)
                0x00002874                __mulsf3
                0x00002874                __aeabi_fmul
                0x000029dc                __divsf3
                0x000029dc                __aeabi_fdiv
 .text          0x00002b14       0x4c /usr/local/lpcxpresso_7.7.2_379/lpcxpresso/tools/bin/../lib/gcc/arm-none-eabi/4.9.3/armv7-m/libgcc.a(_arm_fixsfsi.o)
                0x00002b14                __fixsfsi
                0x00002b14                __aeabi_f2iz
 .text          0x00002b60       0x2c /usr/local/lpcxpresso_7.7.2_379/lpcxpresso/tools/bin/../lib/gcc/arm-none-eabi/4.9.3/armv7-m/libgcc.a(_aeabi_uldivmod.o)
                0x00002b60                __aeabi_uldivmod
 .text          0x00002b8c       0x60 /usr/local/lpcxpresso_7.7.2_379/lpcxpresso/tools/bin/../lib/gcc/arm-none-eabi/4.9.3/armv7-m/libgcc.a(bpabi.o)
                0x00002b8c                __gnu_ldivmod_helper
                0x00002bbc                __gnu_uldivmod_helper
 .text          0x00002bec        0x4 /usr/local/lpcxpresso_7.7.2_379/lpcxpresso/tools/bin/../lib/gcc/arm-none-eabi/4.9.3/armv7-m/libgcc.a(_dvmd_tls.o)
                0x00002bec                __aeabi_ldiv0
                0x00002bec                __aeabi_idiv0
 .text          0x00002bf0      0x2ac /usr/local/lpcxpresso_7.7.2_379/lpcxpresso/tools/bin/../lib/gcc/arm-none-eabi/4.9.3/armv7-m/libgcc.a(_divdi3.o)
                0x00002bf0                __divdi3
 .text          0x00002e9c      0x270 /usr/local/lpcxpresso_7.7.2_379/lpcxpresso/tools/bin/../lib/gcc/arm-none-eabi/4.9.3/armv7-m/libgcc.a(_udivdi3.o)
                0x00002e9c                __udivdi3
 .text.abs      0x0000310c        0x8 /usr/local/lpcxpresso_7.7.2_379/lpcxpresso/tools/bin/../lib/gcc/arm-none-eabi/4.9.3/../../../../arm-none-eabi/lib/armv7-m/libc.a(lib_a-abs.o)
                0x0000310c                abs
 .text.__errno  0x00003114        0xc /usr/local/lpcxpresso_7.7.2_379/lpcxpresso/tools/bin/../lib/gcc/arm-none-eabi/4.9.3/../../../../arm-none-eabi/lib/armv7-m/libc.a(lib_a-errno.o)
                0x00003114                __errno
 .text._fclose_r
                0x00003120       0x84 /usr/local/lpcxpresso_7.7.2_379/lpcxpresso/tools/bin/../lib/gcc/arm-none-eabi/4.9.3/../../../../arm-none-eabi/lib/armv7-m/libc.a(lib_a-fclose.o)
                0x00003120                _fclose_r
 .text.fclose   0x000031a4       0x10 /usr/local/lpcxpresso_7.7.2_379/lpcxpresso/tools/bin/../lib/gcc/arm-none-eabi/4.9.3/../../../../arm-none-eabi/lib/armv7-m/libc.a(lib_a-fclose.o)
                0x000031a4                fclose
 .text.__sflush_r
                0x000031b4      0x148 /usr/local/lpcxpresso_7.7.2_379/lpcxpresso/tools/bin/../lib/gcc/arm-none-eabi/4.9.3/../../../../arm-none-eabi/lib/armv7-m/libc.a(lib_a-fflush.o)
                0x000031b4                __sflush_r
 .text._fflush_r
                0x000032fc       0x2c /usr/local/lpcxpresso_7.7.2_379/lpcxpresso/tools/bin/../lib/gcc/arm-none-eabi/4.9.3/../../../../arm-none-eabi/lib/armv7-m/libc.a(lib_a-fflush.o)
                0x000032fc                _fflush_r
 .text.fflush   0x00003328       0x24 /usr/local/lpcxpresso_7.7.2_379/lpcxpresso/tools/bin/../lib/gcc/arm-none-eabi/4.9.3/../../../../arm-none-eabi/lib/armv7-m/libc.a(lib_a-fflush.o)
                0x00003328                fflush
 .text.fgetc    0x0000334c       0x3c /usr/local/lpcxpresso_7.7.2_379/lpcxpresso/tools/bin/../lib/gcc/arm-none-eabi/4.9.3/../../../../arm-none-eabi/lib/armv7-m/libc.a(lib_a-fgetc.o)
                0x0000334c                fgetc
 .text._cleanup_r
                0x00003388        0xc /usr/local/lpcxpresso_7.7.2_379/lpcxpresso/tools/bin/../lib/gcc/arm-none-eabi/4.9.3/../../../../arm-none-eabi/lib/armv7-m/libc.a(lib_a-findfp.o)
                0x00003388                _cleanup_r
 .text.__sinit.part.1
                0x00003394       0xf0 /usr/local/lpcxpresso_7.7.2_379/lpcxpresso/tools/bin/../lib/gcc/arm-none-eabi/4.9.3/../../../../arm-none-eabi/lib/armv7-m/libc.a(lib_a-findfp.o)
 .text.__sfmoreglue
                0x00003484       0x30 /usr/local/lpcxpresso_7.7.2_379/lpcxpresso/tools/bin/../lib/gcc/arm-none-eabi/4.9.3/../../../../arm-none-eabi/lib/armv7-m/libc.a(lib_a-findfp.o)
                0x00003484                __sfmoreglue
 .text.__sfp    0x000034b4       0x88 /usr/local/lpcxpresso_7.7.2_379/lpcxpresso/tools/bin/../lib/gcc/arm-none-eabi/4.9.3/../../../../arm-none-eabi/lib/armv7-m/libc.a(lib_a-findfp.o)
                0x000034b4                __sfp
 .text.__sinit  0x0000353c        0xc /usr/local/lpcxpresso_7.7.2_379/lpcxpresso/tools/bin/../lib/gcc/arm-none-eabi/4.9.3/../../../../arm-none-eabi/lib/armv7-m/libc.a(lib_a-findfp.o)
                0x0000353c                __sinit
 .text.__sfp_lock_acquire
                0x00003548        0x4 /usr/local/lpcxpresso_7.7.2_379/lpcxpresso/tools/bin/../lib/gcc/arm-none-eabi/4.9.3/../../../../arm-none-eabi/lib/armv7-m/libc.a(lib_a-findfp.o)
                0x00003548                __sfp_lock_acquire
 .text.__sfp_lock_release
                0x0000354c        0x4 /usr/local/lpcxpresso_7.7.2_379/lpcxpresso/tools/bin/../lib/gcc/arm-none-eabi/4.9.3/../../../../arm-none-eabi/lib/armv7-m/libc.a(lib_a-findfp.o)
                0x0000354c                __sfp_lock_release
 .text._fopen_r
                0x00003550       0x88 /usr/local/lpcxpresso_7.7.2_379/lpcxpresso/tools/bin/../lib/gcc/arm-none-eabi/4.9.3/../../../../arm-none-eabi/lib/armv7-m/libc.a(lib_a-fopen.o)
                0x00003550                _fopen_r
 .text.fopen    0x000035d8       0x10 /usr/local/lpcxpresso_7.7.2_379/lpcxpresso/tools/bin/../lib/gcc/arm-none-eabi/4.9.3/../../../../arm-none-eabi/lib/armv7-m/libc.a(lib_a-fopen.o)
                0x000035d8                fopen
 .text.fprintf  0x000035e8       0x28 /usr/local/lpcxpresso_7.7.2_379/lpcxpresso/tools/bin/../lib/gcc/arm-none-eabi/4.9.3/../../../../arm-none-eabi/lib/armv7-m/libc.a(lib_a-fprintf.o)
                0x000035e8                fprintf
 .text.fputc    0x00003610       0x28 /usr/local/lpcxpresso_7.7.2_379/lpcxpresso/tools/bin/../lib/gcc/arm-none-eabi/4.9.3/../../../../arm-none-eabi/lib/armv7-m/libc.a(lib_a-fputc.o)
                0x00003610                fputc
 .text._malloc_trim_r
                0x00003638       0x9c /usr/local/lpcxpresso_7.7.2_379/lpcxpresso/tools/bin/../lib/gcc/arm-none-eabi/4.9.3/../../../../arm-none-eabi/lib/armv7-m/libc.a(lib_a-freer.o)
                0x00003638                _malloc_trim_r
 .text._free_r  0x000036d4      0x1b0 /usr/local/lpcxpresso_7.7.2_379/lpcxpresso/tools/bin/../lib/gcc/arm-none-eabi/4.9.3/../../../../arm-none-eabi/lib/armv7-m/libc.a(lib_a-freer.o)
                0x000036d4                _free_r
 .text._fseek_r
                0x00003884        0x4 /usr/local/lpcxpresso_7.7.2_379/lpcxpresso/tools/bin/../lib/gcc/arm-none-eabi/4.9.3/../../../../arm-none-eabi/lib/armv7-m/libc.a(lib_a-fseek.o)
                0x00003884                _fseek_r
 .text._fseeko_r
                0x00003888      0x2c0 /usr/local/lpcxpresso_7.7.2_379/lpcxpresso/tools/bin/../lib/gcc/arm-none-eabi/4.9.3/../../../../arm-none-eabi/lib/armv7-m/libc.a(lib_a-fseeko.o)
                0x00003888                _fseeko_r
 .text._fstat_r
                0x00003b48       0x28 /usr/local/lpcxpresso_7.7.2_379/lpcxpresso/tools/bin/../lib/gcc/arm-none-eabi/4.9.3/../../../../arm-none-eabi/lib/armv7-m/libc.a(lib_a-fstatr.o)
                0x00003b48                _fstat_r
 .text.__sfvwrite_r
                0x00003b70      0x320 /usr/local/lpcxpresso_7.7.2_379/lpcxpresso/tools/bin/../lib/gcc/arm-none-eabi/4.9.3/../../../../arm-none-eabi/lib/armv7-m/libc.a(lib_a-fvwrite.o)
                0x00003b70                __sfvwrite_r
 .text._fwalk   0x00003e90       0x48 /usr/local/lpcxpresso_7.7.2_379/lpcxpresso/tools/bin/../lib/gcc/arm-none-eabi/4.9.3/../../../../arm-none-eabi/lib/armv7-m/libc.a(lib_a-fwalk.o)
                0x00003e90                _fwalk
 .text._fwalk_reent
                0x00003ed8       0x50 /usr/local/lpcxpresso_7.7.2_379/lpcxpresso/tools/bin/../lib/gcc/arm-none-eabi/4.9.3/../../../../arm-none-eabi/lib/armv7-m/libc.a(lib_a-fwalk.o)
                0x00003ed8                _fwalk_reent
 .text.__libc_init_array
                0x00003f28       0x50 /usr/local/lpcxpresso_7.7.2_379/lpcxpresso/tools/bin/../lib/gcc/arm-none-eabi/4.9.3/../../../../arm-none-eabi/lib/armv7-m/libc.a(lib_a-init.o)
                0x00003f28                __libc_init_array
 .text.__smakebuf_r
                0x00003f78       0xe0 /usr/local/lpcxpresso_7.7.2_379/lpcxpresso/tools/bin/../lib/gcc/arm-none-eabi/4.9.3/../../../../arm-none-eabi/lib/armv7-m/libc.a(lib_a-makebuf.o)
                0x00003f78                __smakebuf_r
 .text.malloc   0x00004058       0x10 /usr/local/lpcxpresso_7.7.2_379/lpcxpresso/tools/bin/../lib/gcc/arm-none-eabi/4.9.3/../../../../arm-none-eabi/lib/armv7-m/libc.a(lib_a-malloc.o)
                0x00004058                malloc
 .text.free     0x00004068       0x10 /usr/local/lpcxpresso_7.7.2_379/lpcxpresso/tools/bin/../lib/gcc/arm-none-eabi/4.9.3/../../../../arm-none-eabi/lib/armv7-m/libc.a(lib_a-malloc.o)
                0x00004068                free
 .text._malloc_r
                0x00004078      0x504 /usr/local/lpcxpresso_7.7.2_379/lpcxpresso/tools/bin/../lib/gcc/arm-none-eabi/4.9.3/../../../../arm-none-eabi/lib/armv7-m/libc.a(lib_a-mallocr.o)
                0x00004078                _malloc_r
 .text.memchr   0x0000457c       0x94 /usr/local/lpcxpresso_7.7.2_379/lpcxpresso/tools/bin/../lib/gcc/arm-none-eabi/4.9.3/../../../../arm-none-eabi/lib/armv7-m/libc.a(lib_a-memchr.o)
                0x0000457c                memchr
 .text          0x00004610       0xec /usr/local/lpcxpresso_7.7.2_379/lpcxpresso/tools/bin/../lib/gcc/arm-none-eabi/4.9.3/../../../../arm-none-eabi/lib/armv7-m/libc.a(lib_a-memcpy.o)
                0x00004610                memcpy
 .text.memmove  0x000046fc       0xc8 /usr/local/lpcxpresso_7.7.2_379/lpcxpresso/tools/bin/../lib/gcc/arm-none-eabi/4.9.3/../../../../arm-none-eabi/lib/armv7-m/libc.a(lib_a-memmove.o)
                0x000046fc                memmove
 .text.memset   0x000047c4       0x9c /usr/local/lpcxpresso_7.7.2_379/lpcxpresso/tools/bin/../lib/gcc/arm-none-eabi/4.9.3/../../../../arm-none-eabi/lib/armv7-m/libc.a(lib_a-memset.o)
                0x000047c4                memset
 .text.__malloc_lock
                0x00004860        0x4 /usr/local/lpcxpresso_7.7.2_379/lpcxpresso/tools/bin/../lib/gcc/arm-none-eabi/4.9.3/../../../../arm-none-eabi/lib/armv7-m/libc.a(lib_a-mlock.o)
                0x00004860                __malloc_lock
 .text.__malloc_unlock
                0x00004864        0x4 /usr/local/lpcxpresso_7.7.2_379/lpcxpresso/tools/bin/../lib/gcc/arm-none-eabi/4.9.3/../../../../arm-none-eabi/lib/armv7-m/libc.a(lib_a-mlock.o)
                0x00004864                __malloc_unlock
 .text._open_r  0x00004868       0x28 /usr/local/lpcxpresso_7.7.2_379/lpcxpresso/tools/bin/../lib/gcc/arm-none-eabi/4.9.3/../../../../arm-none-eabi/lib/armv7-m/libc.a(lib_a-openr.o)
                0x00004868                _open_r
 .text._putc_r  0x00004890       0x58 /usr/local/lpcxpresso_7.7.2_379/lpcxpresso/tools/bin/../lib/gcc/arm-none-eabi/4.9.3/../../../../arm-none-eabi/lib/armv7-m/libc.a(lib_a-putc.o)
                0x00004890                _putc_r
 .text._realloc_r
                0x000048e8      0x3e0 /usr/local/lpcxpresso_7.7.2_379/lpcxpresso/tools/bin/../lib/gcc/arm-none-eabi/4.9.3/../../../../arm-none-eabi/lib/armv7-m/libc.a(lib_a-reallocr.o)
                0x000048e8                _realloc_r
 .text.lflush   0x00004cc8       0x14 /usr/local/lpcxpresso_7.7.2_379/lpcxpresso/tools/bin/../lib/gcc/arm-none-eabi/4.9.3/../../../../arm-none-eabi/lib/armv7-m/libc.a(lib_a-refill.o)
 .text.__srefill_r
                0x00004cdc      0x110 /usr/local/lpcxpresso_7.7.2_379/lpcxpresso/tools/bin/../lib/gcc/arm-none-eabi/4.9.3/../../../../arm-none-eabi/lib/armv7-m/libc.a(lib_a-refill.o)
                0x00004cdc                __srefill_r
 .text.__srget_r
                0x00004dec       0x34 /usr/local/lpcxpresso_7.7.2_379/lpcxpresso/tools/bin/../lib/gcc/arm-none-eabi/4.9.3/../../../../arm-none-eabi/lib/armv7-m/libc.a(lib_a-rget.o)
                0x00004dec                __srget_r
 .text._sbrk_r  0x00004e20       0x24 /usr/local/lpcxpresso_7.7.2_379/lpcxpresso/tools/bin/../lib/gcc/arm-none-eabi/4.9.3/../../../../arm-none-eabi/lib/armv7-m/libc.a(lib_a-sbrkr.o)
                0x00004e20                _sbrk_r
 .text.setbuf   0x00004e44       0x10 /usr/local/lpcxpresso_7.7.2_379/lpcxpresso/tools/bin/../lib/gcc/arm-none-eabi/4.9.3/../../../../arm-none-eabi/lib/armv7-m/libc.a(lib_a-setbuf.o)
                0x00004e44                setbuf
 .text.setvbuf  0x00004e54       0xf8 /usr/local/lpcxpresso_7.7.2_379/lpcxpresso/tools/bin/../lib/gcc/arm-none-eabi/4.9.3/../../../../arm-none-eabi/lib/armv7-m/libc.a(lib_a-setvbuf.o)
                0x00004e54                setvbuf
 .text.sprintf  0x00004f4c       0x4c /usr/local/lpcxpresso_7.7.2_379/lpcxpresso/tools/bin/../lib/gcc/arm-none-eabi/4.9.3/../../../../arm-none-eabi/lib/armv7-m/libc.a(lib_a-sprintf.o)
                0x00004f4c                sprintf
 .text.sscanf   0x00004f98       0x58 /usr/local/lpcxpresso_7.7.2_379/lpcxpresso/tools/bin/../lib/gcc/arm-none-eabi/4.9.3/../../../../arm-none-eabi/lib/armv7-m/libc.a(lib_a-sscanf.o)
                0x00004f98                sscanf
 .text.__sread  0x00004ff0       0x24 /usr/local/lpcxpresso_7.7.2_379/lpcxpresso/tools/bin/../lib/gcc/arm-none-eabi/4.9.3/../../../../arm-none-eabi/lib/armv7-m/libc.a(lib_a-stdio.o)
                0x00004ff0                __sread
 .text.__seofread
                0x00005014        0x4 /usr/local/lpcxpresso_7.7.2_379/lpcxpresso/tools/bin/../lib/gcc/arm-none-eabi/4.9.3/../../../../arm-none-eabi/lib/armv7-m/libc.a(lib_a-stdio.o)
                0x00005014                __seofread
 .text.__swrite
                0x00005018       0x38 /usr/local/lpcxpresso_7.7.2_379/lpcxpresso/tools/bin/../lib/gcc/arm-none-eabi/4.9.3/../../../../arm-none-eabi/lib/armv7-m/libc.a(lib_a-stdio.o)
                0x00005018                __swrite
 .text.__sseek  0x00005050       0x20 /usr/local/lpcxpresso_7.7.2_379/lpcxpresso/tools/bin/../lib/gcc/arm-none-eabi/4.9.3/../../../../arm-none-eabi/lib/armv7-m/libc.a(lib_a-stdio.o)
                0x00005050                __sseek
 .text.__sclose
                0x00005070        0x8 /usr/local/lpcxpresso_7.7.2_379/lpcxpresso/tools/bin/../lib/gcc/arm-none-eabi/4.9.3/../../../../arm-none-eabi/lib/armv7-m/libc.a(lib_a-stdio.o)
                0x00005070                __sclose
 .text          0x00005078      0x1bc /usr/local/lpcxpresso_7.7.2_379/lpcxpresso/tools/bin/../lib/gcc/arm-none-eabi/4.9.3/../../../../arm-none-eabi/lib/armv7-m/libc.a(lib_a-strcmp.o)
                0x00005078                strcmp
 .text.strlen   0x00005234       0x5c /usr/local/lpcxpresso_7.7.2_379/lpcxpresso/tools/bin/../lib/gcc/arm-none-eabi/4.9.3/../../../../arm-none-eabi/lib/armv7-m/libc.a(lib_a-strlen.o)
                0x00005234                strlen
 .text.strncmp  0x00005290       0x94 /usr/local/lpcxpresso_7.7.2_379/lpcxpresso/tools/bin/../lib/gcc/arm-none-eabi/4.9.3/../../../../arm-none-eabi/lib/armv7-m/libc.a(lib_a-strncmp.o)
                0x00005290                strncmp
 .text._svfprintf_r
                0x00005324     0x14f4 /usr/local/lpcxpresso_7.7.2_379/lpcxpresso/tools/bin/../lib/gcc/arm-none-eabi/4.9.3/../../../../arm-none-eabi/lib/armv7-m/libc.a(lib_a-svfprintf.o)
                0x00005324                _svfprintf_r
 .text.__ssvfscanf_r
                0x00006818      0xdf4 /usr/local/lpcxpresso_7.7.2_379/lpcxpresso/tools/bin/../lib/gcc/arm-none-eabi/4.9.3/../../../../arm-none-eabi/lib/armv7-m/libc.a(lib_a-svfscanf.o)
                0x00006818                __ssvfscanf_r
 .text._vfprintf_r
                0x0000760c     0x1448 /usr/local/lpcxpresso_7.7.2_379/lpcxpresso/tools/bin/../lib/gcc/arm-none-eabi/4.9.3/../../../../arm-none-eabi/lib/armv7-m/libc.a(lib_a-vfprintf.o)
                0x0000760c                _vfprintf_r
 .text.vfprintf
                0x00008a54       0x18 /usr/local/lpcxpresso_7.7.2_379/lpcxpresso/tools/bin/../lib/gcc/arm-none-eabi/4.9.3/../../../../arm-none-eabi/lib/armv7-m/libc.a(lib_a-vfprintf.o)
                0x00008a54                vfprintf
 .text.__sbprintf
                0x00008a6c       0x7c /usr/local/lpcxpresso_7.7.2_379/lpcxpresso/tools/bin/../lib/gcc/arm-none-eabi/4.9.3/../../../../arm-none-eabi/lib/armv7-m/libc.a(lib_a-vfprintf.o)
 .text.__swbuf_r
                0x00008ae8       0xa8 /usr/local/lpcxpresso_7.7.2_379/lpcxpresso/tools/bin/../lib/gcc/arm-none-eabi/4.9.3/../../../../arm-none-eabi/lib/armv7-m/libc.a(lib_a-wbuf.o)
                0x00008ae8                __swbuf_r
 .text._write_r
                0x00008b90       0x28 /usr/local/lpcxpresso_7.7.2_379/lpcxpresso/tools/bin/../lib/gcc/arm-none-eabi/4.9.3/../../../../arm-none-eabi/lib/armv7-m/libc.a(lib_a-writer.o)
                0x00008b90                _write_r
 .text.__swsetup_r
                0x00008bb8       0xc4 /usr/local/lpcxpresso_7.7.2_379/lpcxpresso/tools/bin/../lib/gcc/arm-none-eabi/4.9.3/../../../../arm-none-eabi/lib/armv7-m/libc.a(lib_a-wsetup.o)
                0x00008bb8                __swsetup_r
 .text._close_r
                0x00008c7c       0x24 /usr/local/lpcxpresso_7.7.2_379/lpcxpresso/tools/bin/../lib/gcc/arm-none-eabi/4.9.3/../../../../arm-none-eabi/lib/armv7-m/libc.a(lib_a-closer.o)
                0x00008c7c                _close_r
 .text.quorem   0x00008ca0      0x130 /usr/local/lpcxpresso_7.7.2_379/lpcxpresso/tools/bin/../lib/gcc/arm-none-eabi/4.9.3/../../../../arm-none-eabi/lib/armv7-m/libc.a(lib_a-dtoa.o)
 .text._dtoa_r  0x00008dd0      0xea8 /usr/local/lpcxpresso_7.7.2_379/lpcxpresso/tools/bin/../lib/gcc/arm-none-eabi/4.9.3/../../../../arm-none-eabi/lib/armv7-m/libc.a(lib_a-dtoa.o)
                0x00008dd0                _dtoa_r
 .text.__sflags
                0x00009c78       0x74 /usr/local/lpcxpresso_7.7.2_379/lpcxpresso/tools/bin/../lib/gcc/arm-none-eabi/4.9.3/../../../../arm-none-eabi/lib/armv7-m/libc.a(lib_a-flags.o)
                0x00009c78                __sflags
 .text._isatty_r
                0x00009cec       0x24 /usr/local/lpcxpresso_7.7.2_379/lpcxpresso/tools/bin/../lib/gcc/arm-none-eabi/4.9.3/../../../../arm-none-eabi/lib/armv7-m/libc.a(lib_a-isattyr.o)
                0x00009cec                _isatty_r
 .text.iswspace
                0x00009d10       0x1c /usr/local/lpcxpresso_7.7.2_379/lpcxpresso/tools/bin/../lib/gcc/arm-none-eabi/4.9.3/../../../../arm-none-eabi/lib/armv7-m/libc.a(lib_a-iswspace.o)
                0x00009d10                iswspace
 .text.__locale_charset
                0x00009d2c        0x8 /usr/local/lpcxpresso_7.7.2_379/lpcxpresso/tools/bin/../lib/gcc/arm-none-eabi/4.9.3/../../../../arm-none-eabi/lib/armv7-m/libc.a(lib_a-locale.o)
                0x00009d2c                __locale_charset
 .text.__locale_mb_cur_max
                0x00009d34        0xc /usr/local/lpcxpresso_7.7.2_379/lpcxpresso/tools/bin/../lib/gcc/arm-none-eabi/4.9.3/../../../../arm-none-eabi/lib/armv7-m/libc.a(lib_a-locale.o)
                0x00009d34                __locale_mb_cur_max
 .text._localeconv_r
                0x00009d40        0x8 /usr/local/lpcxpresso_7.7.2_379/lpcxpresso/tools/bin/../lib/gcc/arm-none-eabi/4.9.3/../../../../arm-none-eabi/lib/armv7-m/libc.a(lib_a-locale.o)
                0x00009d40                _localeconv_r
 .text._lseek_r
                0x00009d48       0x28 /usr/local/lpcxpresso_7.7.2_379/lpcxpresso/tools/bin/../lib/gcc/arm-none-eabi/4.9.3/../../../../arm-none-eabi/lib/armv7-m/libc.a(lib_a-lseekr.o)
                0x00009d48                _lseek_r
 .text._mbrtowc_r
                0x00009d70       0x5c /usr/local/lpcxpresso_7.7.2_379/lpcxpresso/tools/bin/../lib/gcc/arm-none-eabi/4.9.3/../../../../arm-none-eabi/lib/armv7-m/libc.a(lib_a-mbrtowc.o)
                0x00009d70                _mbrtowc_r
 .text.__ascii_mbtowc
                0x00009dcc       0x2c /usr/local/lpcxpresso_7.7.2_379/lpcxpresso/tools/bin/../lib/gcc/arm-none-eabi/4.9.3/../../../../arm-none-eabi/lib/armv7-m/libc.a(lib_a-mbtowc_r.o)
                0x00009dcc                __ascii_mbtowc
 .text._Balloc  0x00009df8       0x50 /usr/local/lpcxpresso_7.7.2_379/lpcxpresso/tools/bin/../lib/gcc/arm-none-eabi/4.9.3/../../../../arm-none-eabi/lib/armv7-m/libc.a(lib_a-mprec.o)
                0x00009df8                _Balloc
 .text._Bfree   0x00009e48       0x14 /usr/local/lpcxpresso_7.7.2_379/lpcxpresso/tools/bin/../lib/gcc/arm-none-eabi/4.9.3/../../../../arm-none-eabi/lib/armv7-m/libc.a(lib_a-mprec.o)
                0x00009e48                _Bfree
 .text.__multadd
                0x00009e5c       0x84 /usr/local/lpcxpresso_7.7.2_379/lpcxpresso/tools/bin/../lib/gcc/arm-none-eabi/4.9.3/../../../../arm-none-eabi/lib/armv7-m/libc.a(lib_a-mprec.o)
                0x00009e5c                __multadd
 .text.__s2b    0x00009ee0       0x98 /usr/local/lpcxpresso_7.7.2_379/lpcxpresso/tools/bin/../lib/gcc/arm-none-eabi/4.9.3/../../../../arm-none-eabi/lib/armv7-m/libc.a(lib_a-mprec.o)
                0x00009ee0                __s2b
 .text.__hi0bits
                0x00009f78       0x40 /usr/local/lpcxpresso_7.7.2_379/lpcxpresso/tools/bin/../lib/gcc/arm-none-eabi/4.9.3/../../../../arm-none-eabi/lib/armv7-m/libc.a(lib_a-mprec.o)
                0x00009f78                __hi0bits
 .text.__lo0bits
                0x00009fb8       0x5c /usr/local/lpcxpresso_7.7.2_379/lpcxpresso/tools/bin/../lib/gcc/arm-none-eabi/4.9.3/../../../../arm-none-eabi/lib/armv7-m/libc.a(lib_a-mprec.o)
                0x00009fb8                __lo0bits
 .text.__i2b    0x0000a014       0x14 /usr/local/lpcxpresso_7.7.2_379/lpcxpresso/tools/bin/../lib/gcc/arm-none-eabi/4.9.3/../../../../arm-none-eabi/lib/armv7-m/libc.a(lib_a-mprec.o)
                0x0000a014                __i2b
 .text.__multiply
                0x0000a028      0x140 /usr/local/lpcxpresso_7.7.2_379/lpcxpresso/tools/bin/../lib/gcc/arm-none-eabi/4.9.3/../../../../arm-none-eabi/lib/armv7-m/libc.a(lib_a-mprec.o)
                0x0000a028                __multiply
 .text.__pow5mult
                0x0000a168       0xa0 /usr/local/lpcxpresso_7.7.2_379/lpcxpresso/tools/bin/../lib/gcc/arm-none-eabi/4.9.3/../../../../arm-none-eabi/lib/armv7-m/libc.a(lib_a-mprec.o)
                0x0000a168                __pow5mult
 .text.__lshift
                0x0000a208       0xb0 /usr/local/lpcxpresso_7.7.2_379/lpcxpresso/tools/bin/../lib/gcc/arm-none-eabi/4.9.3/../../../../arm-none-eabi/lib/armv7-m/libc.a(lib_a-mprec.o)
                0x0000a208                __lshift
 .text.__mcmp   0x0000a2b8       0x48 /usr/local/lpcxpresso_7.7.2_379/lpcxpresso/tools/bin/../lib/gcc/arm-none-eabi/4.9.3/../../../../arm-none-eabi/lib/armv7-m/libc.a(lib_a-mprec.o)
                0x0000a2b8                __mcmp
 .text.__mdiff  0x0000a300       0xe4 /usr/local/lpcxpresso_7.7.2_379/lpcxpresso/tools/bin/../lib/gcc/arm-none-eabi/4.9.3/../../../../arm-none-eabi/lib/armv7-m/libc.a(lib_a-mprec.o)
                0x0000a300                __mdiff
 .text.__ulp    0x0000a3e4       0x44 /usr/local/lpcxpresso_7.7.2_379/lpcxpresso/tools/bin/../lib/gcc/arm-none-eabi/4.9.3/../../../../arm-none-eabi/lib/armv7-m/libc.a(lib_a-mprec.o)
                0x0000a3e4                __ulp
 .text.__b2d    0x0000a428       0xd0 /usr/local/lpcxpresso_7.7.2_379/lpcxpresso/tools/bin/../lib/gcc/arm-none-eabi/4.9.3/../../../../arm-none-eabi/lib/armv7-m/libc.a(lib_a-mprec.o)
                0x0000a428                __b2d
 .text.__d2b    0x0000a4f8       0xa8 /usr/local/lpcxpresso_7.7.2_379/lpcxpresso/tools/bin/../lib/gcc/arm-none-eabi/4.9.3/../../../../arm-none-eabi/lib/armv7-m/libc.a(lib_a-mprec.o)
                0x0000a4f8                __d2b
 .text.__ratio  0x0000a5a0       0x58 /usr/local/lpcxpresso_7.7.2_379/lpcxpresso/tools/bin/../lib/gcc/arm-none-eabi/4.9.3/../../../../arm-none-eabi/lib/armv7-m/libc.a(lib_a-mprec.o)
                0x0000a5a0                __ratio
 .text.__copybits
                0x0000a5f8       0x48 /usr/local/lpcxpresso_7.7.2_379/lpcxpresso/tools/bin/../lib/gcc/arm-none-eabi/4.9.3/../../../../arm-none-eabi/lib/armv7-m/libc.a(lib_a-mprec.o)
                0x0000a5f8                __copybits
 .text.__any_on
                0x0000a640       0x5c /usr/local/lpcxpresso_7.7.2_379/lpcxpresso/tools/bin/../lib/gcc/arm-none-eabi/4.9.3/../../../../arm-none-eabi/lib/armv7-m/libc.a(lib_a-mprec.o)
                0x0000a640                __any_on
 .text._read_r  0x0000a69c       0x28 /usr/local/lpcxpresso_7.7.2_379/lpcxpresso/tools/bin/../lib/gcc/arm-none-eabi/4.9.3/../../../../arm-none-eabi/lib/armv7-m/libc.a(lib_a-readr.o)
                0x0000a69c                _read_r
 .text.__fpclassifyd
                0x0000a6c4       0x58 /usr/local/lpcxpresso_7.7.2_379/lpcxpresso/tools/bin/../lib/gcc/arm-none-eabi/4.9.3/../../../../arm-none-eabi/lib/armv7-m/libc.a(lib_a-s_fpclassify.o)
                0x0000a6c4                __fpclassifyd
 .text.__sccl   0x0000a71c       0x78 /usr/local/lpcxpresso_7.7.2_379/lpcxpresso/tools/bin/../lib/gcc/arm-none-eabi/4.9.3/../../../../arm-none-eabi/lib/armv7-m/libc.a(lib_a-sccl.o)
                0x0000a71c                __sccl
 .text.nanf     0x0000a794        0x8 /usr/local/lpcxpresso_7.7.2_379/lpcxpresso/tools/bin/../lib/gcc/arm-none-eabi/4.9.3/../../../../arm-none-eabi/lib/armv7-m/libc.a(lib_a-sf_nan.o)
                0x0000a794                nanf
 .text.sulp     0x0000a79c       0x44 /usr/local/lpcxpresso_7.7.2_379/lpcxpresso/tools/bin/../lib/gcc/arm-none-eabi/4.9.3/../../../../arm-none-eabi/lib/armv7-m/libc.a(lib_a-strtod.o)
 .text._strtod_r
                0x0000a7e0      0xf30 /usr/local/lpcxpresso_7.7.2_379/lpcxpresso/tools/bin/../lib/gcc/arm-none-eabi/4.9.3/../../../../arm-none-eabi/lib/armv7-m/libc.a(lib_a-strtod.o)
                0x0000a7e0                _strtod_r
 .text._strtol_r
                0x0000b710      0x11c /usr/local/lpcxpresso_7.7.2_379/lpcxpresso/tools/bin/../lib/gcc/arm-none-eabi/4.9.3/../../../../arm-none-eabi/lib/armv7-m/libc.a(lib_a-strtol.o)
                0x0000b710                _strtol_r
 .text._strtoll_r
                0x0000b82c      0x1cc /usr/local/lpcxpresso_7.7.2_379/lpcxpresso/tools/bin/../lib/gcc/arm-none-eabi/4.9.3/../../../../arm-none-eabi/lib/armv7-m/libc.a(lib_a-strtoll_r.o)
                0x0000b82c                _strtoll_r
 .text._strtoul_r
                0x0000b9f8      0x134 /usr/local/lpcxpresso_7.7.2_379/lpcxpresso/tools/bin/../lib/gcc/arm-none-eabi/4.9.3/../../../../arm-none-eabi/lib/armv7-m/libc.a(lib_a-strtoul.o)
                0x0000b9f8                _strtoul_r
 .text._strtoull_r
                0x0000bb2c      0x1e8 /usr/local/lpcxpresso_7.7.2_379/lpcxpresso/tools/bin/../lib/gcc/arm-none-eabi/4.9.3/../../../../arm-none-eabi/lib/armv7-m/libc.a(lib_a-strtoull_r.o)
                0x0000bb2c                _strtoull_r
 .text.__ssprint_r
                0x0000bd14      0x104 /usr/local/lpcxpresso_7.7.2_379/lpcxpresso/tools/bin/../lib/gcc/arm-none-eabi/4.9.3/../../../../arm-none-eabi/lib/armv7-m/libc.a(lib_a-svfiprintf.o)
                0x0000bd14                __ssprint_r
 .text._sungetc_r
                0x0000be18       0x88 /usr/local/lpcxpresso_7.7.2_379/lpcxpresso/tools/bin/../lib/gcc/arm-none-eabi/4.9.3/../../../../arm-none-eabi/lib/armv7-m/libc.a(lib_a-svfiscanf.o)
                0x0000be18                _sungetc_r
 .text.__ssrefill_r
                0x0000bea0       0x3c /usr/local/lpcxpresso_7.7.2_379/lpcxpresso/tools/bin/../lib/gcc/arm-none-eabi/4.9.3/../../../../arm-none-eabi/lib/armv7-m/libc.a(lib_a-svfiscanf.o)
                0x0000bea0                __ssrefill_r
 .text._sfread_r
                0x0000bedc       0x80 /usr/local/lpcxpresso_7.7.2_379/lpcxpresso/tools/bin/../lib/gcc/arm-none-eabi/4.9.3/../../../../arm-none-eabi/lib/armv7-m/libc.a(lib_a-svfiscanf.o)
                0x0000bedc                _sfread_r
 .text.__submore
                0x0000bf5c       0x7c /usr/local/lpcxpresso_7.7.2_379/lpcxpresso/tools/bin/../lib/gcc/arm-none-eabi/4.9.3/../../../../arm-none-eabi/lib/armv7-m/libc.a(lib_a-ungetc.o)
                0x0000bf5c                __submore
 .text.__sprint_r.part.0
                0x0000bfd8       0x78 /usr/local/lpcxpresso_7.7.2_379/lpcxpresso/tools/bin/../lib/gcc/arm-none-eabi/4.9.3/../../../../arm-none-eabi/lib/armv7-m/libc.a(lib_a-vfiprintf.o)
 .text.__sprint_r
                0x0000c050       0x18 /usr/local/lpcxpresso_7.7.2_379/lpcxpresso/tools/bin/../lib/gcc/arm-none-eabi/4.9.3/../../../../arm-none-eabi/lib/armv7-m/libc.a(lib_a-vfiprintf.o)
                0x0000c050                __sprint_r
 .text._calloc_r
                0x0000c068       0x60 /usr/local/lpcxpresso_7.7.2_379/lpcxpresso/tools/bin/../lib/gcc/arm-none-eabi/4.9.3/../../../../arm-none-eabi/lib/armv7-m/libc.a(lib_a-callocr.o)
                0x0000c068                _calloc_r
 .text._fputwc_r
                0x0000c0c8       0xc4 /usr/local/lpcxpresso_7.7.2_379/lpcxpresso/tools/bin/../lib/gcc/arm-none-eabi/4.9.3/../../../../arm-none-eabi/lib/armv7-m/libc.a(lib_a-fputwc.o)
                0x0000c0c8                _fputwc_r
 .text.rshift   0x0000c18c       0xa0 /usr/local/lpcxpresso_7.7.2_379/lpcxpresso/tools/bin/../lib/gcc/arm-none-eabi/4.9.3/../../../../arm-none-eabi/lib/armv7-m/libc.a(lib_a-gdtoa-gethex.o)
 .text.__gethex
                0x0000c22c      0x514 /usr/local/lpcxpresso_7.7.2_379/lpcxpresso/tools/bin/../lib/gcc/arm-none-eabi/4.9.3/../../../../arm-none-eabi/lib/armv7-m/libc.a(lib_a-gdtoa-gethex.o)
                0x0000c22c                __gethex
 .text.__hexnan
                0x0000c740      0x184 /usr/local/lpcxpresso_7.7.2_379/lpcxpresso/tools/bin/../lib/gcc/arm-none-eabi/4.9.3/../../../../arm-none-eabi/lib/armv7-m/libc.a(lib_a-gdtoa-hexnan.o)
                0x0000c740                __hexnan
 .text._wcrtomb_r
                0x0000c8c4       0x54 /usr/local/lpcxpresso_7.7.2_379/lpcxpresso/tools/bin/../lib/gcc/arm-none-eabi/4.9.3/../../../../arm-none-eabi/lib/armv7-m/libc.a(lib_a-wcrtomb.o)
                0x0000c8c4                _wcrtomb_r
 .text.__ascii_wctomb
                0x0000c918       0x1c /usr/local/lpcxpresso_7.7.2_379/lpcxpresso/tools/bin/../lib/gcc/arm-none-eabi/4.9.3/../../../../arm-none-eabi/lib/armv7-m/libc.a(lib_a-wctomb_r.o)
                0x0000c918                __ascii_wctomb
 .text._sbrk    0x0000c934       0x3c /usr/local/lpcxpresso_7.7.2_379/lpcxpresso/tools/bin/../lib/gcc/arm-none-eabi/4.9.3/../../../../arm-none-eabi/lib/armv7-m/libcr_newlib_nohost.a(_cr_sbrk.o)
                0x0000c934                _sbrk
 .text.__check_heap_overflow
                0x0000c970       0x18 /usr/local/lpcxpresso_7.7.2_379/lpcxpresso/tools/bin/../lib/gcc/arm-none-eabi/4.9.3/../../../../arm-none-eabi/lib/armv7-m/libcr_newlib_nohost.a(_cr_check_heap.o)
                0x0000c970                __check_heap_overflow
 .text          0x0000c988       0x5c /usr/local/lpcxpresso_7.7.2_379/lpcxpresso/tools/bin/../lib/gcc/arm-none-eabi/4.9.3/armv7-m/crtbegin.o
 .text          0x0000c9e4      0x110 /usr/local/lpcxpresso_7.7.2_379/lpcxpresso/tools/bin/../lib/gcc/arm-none-eabi/4.9.3/armv7-m/libgcc.a(_arm_cmpdf2.o)
                0x0000c9e4                __gtdf2
                0x0000c9e4                __gedf2
                0x0000c9ec                __ltdf2
                0x0000c9ec                __ledf2
                0x0000c9f4                __cmpdf2
                0x0000c9f4                __eqdf2
                0x0000c9f4                __nedf2
                0x0000ca70                __aeabi_cdrcmple
                0x0000ca80                __aeabi_cdcmple
                0x0000ca80                __aeabi_cdcmpeq
                0x0000ca90                __aeabi_dcmpeq
                0x0000caa4                __aeabi_dcmplt
                0x0000cab8                __aeabi_dcmple
                0x0000cacc                __aeabi_dcmpge
                0x0000cae0                __aeabi_dcmpgt
 .text          0x0000caf4       0x50 /usr/local/lpcxpresso_7.7.2_379/lpcxpresso/tools/bin/../lib/gcc/arm-none-eabi/4.9.3/armv7-m/libgcc.a(_arm_fixdfsi.o)
                0x0000caf4                __fixdfsi
                0x0000caf4                __aeabi_d2iz
 .text          0x0000cb44       0x40 /usr/local/lpcxpresso_7.7.2_379/lpcxpresso/tools/bin/../lib/gcc/arm-none-eabi/4.9.3/armv7-m/libgcc.a(_arm_fixunsdfsi.o)
                0x0000cb44                __fixunsdfsi
                0x0000cb44                __aeabi_d2uiz
 *(.rodata .rodata.*)
 .rodata        0x0000cb84        0x4 ./sensor_bluetooth_andreaf.o
 .rodata._ZTVN4mbed10SerialBaseE
                0x0000cb88       0x10 ./sensor_bluetooth_andreaf.o
                0x0000cb88                vtable for mbed::SerialBase
 .rodata.__stdin_name
                0x0000cb98        0x8 /home/andrea/documents/dissertation_source_files/source_LPC1768/example_sensor_bluetooth/mbed/TARGET_LPC1768/TOOLCHAIN_GCC_CR/retarget.o
                0x0000cb98                __stdin_name
 .rodata.__stderr_name
                0x0000cba0        0x8 /home/andrea/documents/dissertation_source_files/source_LPC1768/example_sensor_bluetooth/mbed/TARGET_LPC1768/TOOLCHAIN_GCC_CR/retarget.o
                0x0000cba0                __stderr_name
 .rodata.__stdout_name
                0x0000cba8        0x8 /home/andrea/documents/dissertation_source_files/source_LPC1768/example_sensor_bluetooth/mbed/TARGET_LPC1768/TOOLCHAIN_GCC_CR/retarget.o
                0x0000cba8                __stdout_name
 .rodata._ZTVN4mbed10FileHandleE
                0x0000cbb0       0x30 /home/andrea/documents/dissertation_source_files/source_LPC1768/example_sensor_bluetooth/mbed/TARGET_LPC1768/TOOLCHAIN_GCC_CR/retarget.o
                0x0000cbb0                vtable for mbed::FileHandle
 .rodata.str1.4
                0x0000cbe0        0xe /home/andrea/documents/dissertation_source_files/source_LPC1768/example_sensor_bluetooth/mbed/TARGET_LPC1768/TOOLCHAIN_GCC_CR/retarget.o
                                 0x10 (size before relaxing)
 *fill*         0x0000cbee        0x2 
 .rodata.str1.4
                0x0000cbf0       0x80 /home/andrea/documents/dissertation_source_files/source_LPC1768/example_sensor_bluetooth/mbed/TARGET_LPC1768/TOOLCHAIN_GCC_CR/board.o
 .rodata.str1.4
                0x0000cc70       0x82 /home/andrea/documents/dissertation_source_files/source_LPC1768/example_sensor_bluetooth/mbed/TARGET_LPC1768/TOOLCHAIN_GCC_CR/libmbed.a(analogin_api.o)
                                 0x84 (size before relaxing)
 *fill*         0x0000ccf2        0x2 
 .rodata.PinMap_ADC
                0x0000ccf4       0x6c /home/andrea/documents/dissertation_source_files/source_LPC1768/example_sensor_bluetooth/mbed/TARGET_LPC1768/TOOLCHAIN_GCC_CR/libmbed.a(analogin_api.o)
 .rodata.PinMap_UART_RTS
                0x0000cd60       0x24 /home/andrea/documents/dissertation_source_files/source_LPC1768/example_sensor_bluetooth/mbed/TARGET_LPC1768/TOOLCHAIN_GCC_CR/libmbed.a(serial_api.o)
 .rodata.CSWTCH.24
                0x0000cd84       0x10 /home/andrea/documents/dissertation_source_files/source_LPC1768/example_sensor_bluetooth/mbed/TARGET_LPC1768/TOOLCHAIN_GCC_CR/libmbed.a(serial_api.o)
 .rodata.PinMap_UART_RX
                0x0000cd94       0x6c /home/andrea/documents/dissertation_source_files/source_LPC1768/example_sensor_bluetooth/mbed/TARGET_LPC1768/TOOLCHAIN_GCC_CR/libmbed.a(serial_api.o)
 .rodata.str1.4
                0x0000ce00      0x1d0 /home/andrea/documents/dissertation_source_files/source_LPC1768/example_sensor_bluetooth/mbed/TARGET_LPC1768/TOOLCHAIN_GCC_CR/libmbed.a(serial_api.o)
                                0x1e8 (size before relaxing)
 .rodata.PinMap_UART_TX
                0x0000cfd0       0x6c /home/andrea/documents/dissertation_source_files/source_LPC1768/example_sensor_bluetooth/mbed/TARGET_LPC1768/TOOLCHAIN_GCC_CR/libmbed.a(serial_api.o)
 .rodata.PinMap_UART_CTS
                0x0000d03c       0x24 /home/andrea/documents/dissertation_source_files/source_LPC1768/example_sensor_bluetooth/mbed/TARGET_LPC1768/TOOLCHAIN_GCC_CR/libmbed.a(serial_api.o)
 .rodata._ZTVN4mbed6SerialE
                0x0000d060       0x60 /home/andrea/documents/dissertation_source_files/source_LPC1768/example_sensor_bluetooth/mbed/TARGET_LPC1768/TOOLCHAIN_GCC_CR/libmbed.a(Serial.o)
                0x0000d060                vtable for mbed::Serial
 .rodata._ZTVN4mbed6StreamE
                0x0000d0c0       0x48 /home/andrea/documents/dissertation_source_files/source_LPC1768/example_sensor_bluetooth/mbed/TARGET_LPC1768/TOOLCHAIN_GCC_CR/libmbed.a(Stream.o)
                0x0000d0c0                vtable for mbed::Stream
 .rodata.str1.4
                0x0000d108        0x3 /home/andrea/documents/dissertation_source_files/source_LPC1768/example_sensor_bluetooth/mbed/TARGET_LPC1768/TOOLCHAIN_GCC_CR/libmbed.a(Stream.o)
                                  0x8 (size before relaxing)
 *fill*         0x0000d10b        0x1 
 .rodata.str1.4
                0x0000d10c       0x31 /home/andrea/documents/dissertation_source_files/source_LPC1768/example_sensor_bluetooth/mbed/TARGET_LPC1768/TOOLCHAIN_GCC_CR/libmbed.a(assert.o)
                                 0x34 (size before relaxing)
 .rodata.str1.4
                0x00000000       0x80 /home/andrea/documents/dissertation_source_files/source_LPC1768/example_sensor_bluetooth/mbed/TARGET_LPC1768/TOOLCHAIN_GCC_CR/libmbed.a(gpio.o)
 *fill*         0x0000d13d        0x3 
 .rodata.str1.4
                0x0000d140       0x66 /home/andrea/documents/dissertation_source_files/source_LPC1768/example_sensor_bluetooth/mbed/TARGET_LPC1768/TOOLCHAIN_GCC_CR/libmbed.a(pinmap_common.o)
                                 0x68 (size before relaxing)
 *fill*         0x0000d1a6        0x2 
 .rodata.str1.4
                0x0000d1a8       0x7a /home/andrea/documents/dissertation_source_files/source_LPC1768/example_sensor_bluetooth/mbed/TARGET_LPC1768/TOOLCHAIN_GCC_CR/libmbed.a(gpio_api.o)
                                 0x94 (size before relaxing)
 *fill*         0x0000d222        0x2 
 .rodata.str1.4
                0x0000d224       0x64 /home/andrea/documents/dissertation_source_files/source_LPC1768/example_sensor_bluetooth/mbed/TARGET_LPC1768/TOOLCHAIN_GCC_CR/libmbed.a(pinmap.o)
                                 0x78 (size before relaxing)
 .rodata._ZTVN4mbed8FileBaseE
                0x0000d288       0x10 /home/andrea/documents/dissertation_source_files/source_LPC1768/example_sensor_bluetooth/mbed/TARGET_LPC1768/TOOLCHAIN_GCC_CR/libmbed.a(FileBase.o)
                0x0000d288                vtable for mbed::FileBase
 .rodata._ZTVN4mbed8FileLikeE
                0x0000d298       0x40 /home/andrea/documents/dissertation_source_files/source_LPC1768/example_sensor_bluetooth/mbed/TARGET_LPC1768/TOOLCHAIN_GCC_CR/libmbed.a(FileLike.o)
                0x0000d298                vtable for mbed::FileLike
 .rodata.us_interface
                0x0000d2d8       0x14 /home/andrea/documents/dissertation_source_files/source_LPC1768/example_sensor_bluetooth/mbed/TARGET_LPC1768/TOOLCHAIN_GCC_CR/libmbed.a(us_ticker_api.o)
 .rodata.us_data
                0x0000d2ec        0x8 /home/andrea/documents/dissertation_source_files/source_LPC1768/example_sensor_bluetooth/mbed/TARGET_LPC1768/TOOLCHAIN_GCC_CR/libmbed.a(us_ticker_api.o)
 .rodata.str1.4
                0x0000d2f4        0x2 /usr/local/lpcxpresso_7.7.2_379/lpcxpresso/tools/bin/../lib/gcc/arm-none-eabi/4.9.3/../../../../arm-none-eabi/lib/armv7-m/libc.a(lib_a-impure.o)
                                  0x4 (size before relaxing)
 *fill*         0x0000d2f6        0x2 
 .rodata._global_impure_ptr
                0x0000d2f8        0x4 /usr/local/lpcxpresso_7.7.2_379/lpcxpresso/tools/bin/../lib/gcc/arm-none-eabi/4.9.3/../../../../arm-none-eabi/lib/armv7-m/libc.a(lib_a-impure.o)
                0x0000d2f8                _global_impure_ptr
 .rodata.blanks.6794
                0x0000d2fc       0x10 /usr/local/lpcxpresso_7.7.2_379/lpcxpresso/tools/bin/../lib/gcc/arm-none-eabi/4.9.3/../../../../arm-none-eabi/lib/armv7-m/libc.a(lib_a-svfprintf.o)
 .rodata.str1.4
                0x0000d30c       0x42 /usr/local/lpcxpresso_7.7.2_379/lpcxpresso/tools/bin/../lib/gcc/arm-none-eabi/4.9.3/../../../../arm-none-eabi/lib/armv7-m/libc.a(lib_a-svfprintf.o)
                                 0x44 (size before relaxing)
 *fill*         0x0000d34e        0x2 
 .rodata.zeroes.6795
                0x0000d350       0x10 /usr/local/lpcxpresso_7.7.2_379/lpcxpresso/tools/bin/../lib/gcc/arm-none-eabi/4.9.3/../../../../arm-none-eabi/lib/armv7-m/libc.a(lib_a-svfprintf.o)
 .rodata.str1.4
                0x0000d360        0x5 /usr/local/lpcxpresso_7.7.2_379/lpcxpresso/tools/bin/../lib/gcc/arm-none-eabi/4.9.3/../../../../arm-none-eabi/lib/armv7-m/libc.a(lib_a-svfscanf.o)
                                  0x8 (size before relaxing)
 *fill*         0x0000d365        0x3 
 .rodata.basefix.6746
                0x0000d368       0x24 /usr/local/lpcxpresso_7.7.2_379/lpcxpresso/tools/bin/../lib/gcc/arm-none-eabi/4.9.3/../../../../arm-none-eabi/lib/armv7-m/libc.a(lib_a-svfscanf.o)
 .rodata.zeroes.6810
                0x0000d38c       0x10 /usr/local/lpcxpresso_7.7.2_379/lpcxpresso/tools/bin/../lib/gcc/arm-none-eabi/4.9.3/../../../../arm-none-eabi/lib/armv7-m/libc.a(lib_a-vfprintf.o)
 .rodata.str1.4
                0x00000000       0x44 /usr/local/lpcxpresso_7.7.2_379/lpcxpresso/tools/bin/../lib/gcc/arm-none-eabi/4.9.3/../../../../arm-none-eabi/lib/armv7-m/libc.a(lib_a-vfprintf.o)
 .rodata.blanks.6809
                0x0000d39c       0x10 /usr/local/lpcxpresso_7.7.2_379/lpcxpresso/tools/bin/../lib/gcc/arm-none-eabi/4.9.3/../../../../arm-none-eabi/lib/armv7-m/libc.a(lib_a-vfprintf.o)
 .rodata._ctype_
                0x0000d3ac      0x104 /usr/local/lpcxpresso_7.7.2_379/lpcxpresso/tools/bin/../lib/gcc/arm-none-eabi/4.9.3/../../../../arm-none-eabi/lib/armv7-m/libc.a(lib_a-ctype_.o)
                0x0000d3ac                _ctype_
 .rodata.str1.4
                0x0000d4b0       0x10 /usr/local/lpcxpresso_7.7.2_379/lpcxpresso/tools/bin/../lib/gcc/arm-none-eabi/4.9.3/../../../../arm-none-eabi/lib/armv7-m/libc.a(lib_a-dtoa.o)
                                 0x14 (size before relaxing)
 .rodata.str1.4
                0x0000d4c0        0xa /usr/local/lpcxpresso_7.7.2_379/lpcxpresso/tools/bin/../lib/gcc/arm-none-eabi/4.9.3/../../../../arm-none-eabi/lib/armv7-m/libc.a(lib_a-locale.o)
                                 0x14 (size before relaxing)
 .rodata.str1.4
                0x00000000        0x4 /usr/local/lpcxpresso_7.7.2_379/lpcxpresso/tools/bin/../lib/gcc/arm-none-eabi/4.9.3/../../../../arm-none-eabi/lib/armv7-m/libc.a(lib_a-mbrtowc.o)
 *fill*         0x0000d4ca        0x6 
 .rodata.__mprec_tens
                0x0000d4d0       0xc8 /usr/local/lpcxpresso_7.7.2_379/lpcxpresso/tools/bin/../lib/gcc/arm-none-eabi/4.9.3/../../../../arm-none-eabi/lib/armv7-m/libc.a(lib_a-mprec.o)
                0x0000d4d0                __mprec_tens
 .rodata.__mprec_bigtens
                0x0000d598       0x28 /usr/local/lpcxpresso_7.7.2_379/lpcxpresso/tools/bin/../lib/gcc/arm-none-eabi/4.9.3/../../../../arm-none-eabi/lib/armv7-m/libc.a(lib_a-mprec.o)
                0x0000d598                __mprec_bigtens
 .rodata.p05.5265
                0x0000d5c0        0xc /usr/local/lpcxpresso_7.7.2_379/lpcxpresso/tools/bin/../lib/gcc/arm-none-eabi/4.9.3/../../../../arm-none-eabi/lib/armv7-m/libc.a(lib_a-mprec.o)
 .rodata.fpi.5234
                0x0000d5cc       0x14 /usr/local/lpcxpresso_7.7.2_379/lpcxpresso/tools/bin/../lib/gcc/arm-none-eabi/4.9.3/../../../../arm-none-eabi/lib/armv7-m/libc.a(lib_a-strtod.o)
 .rodata.fpinan.5270
                0x0000d5e0       0x14 /usr/local/lpcxpresso_7.7.2_379/lpcxpresso/tools/bin/../lib/gcc/arm-none-eabi/4.9.3/../../../../arm-none-eabi/lib/armv7-m/libc.a(lib_a-strtod.o)
 .rodata.str1.4
                0x0000d5f4       0x10 /usr/local/lpcxpresso_7.7.2_379/lpcxpresso/tools/bin/../lib/gcc/arm-none-eabi/4.9.3/../../../../arm-none-eabi/lib/armv7-m/libc.a(lib_a-strtod.o)
 *fill*         0x0000d604        0x4 
 .rodata.tinytens
                0x0000d608       0x28 /usr/local/lpcxpresso_7.7.2_379/lpcxpresso/tools/bin/../lib/gcc/arm-none-eabi/4.9.3/../../../../arm-none-eabi/lib/armv7-m/libc.a(lib_a-strtod.o)
 .rodata.__hexdig
                0x0000d630      0x100 /usr/local/lpcxpresso_7.7.2_379/lpcxpresso/tools/bin/../lib/gcc/arm-none-eabi/4.9.3/../../../../arm-none-eabi/lib/armv7-m/libc.a(lib_a-gdtoa-gethex.o)
                0x0000d630                __hexdig
                0x0000d730                . = ALIGN (0x4)
                0x0000d730                . = ALIGN (0x4)
 *(.init)
 .init          0x0000d730        0x4 /usr/local/lpcxpresso_7.7.2_379/lpcxpresso/tools/bin/../lib/gcc/arm-none-eabi/4.9.3/armv7-m/crti.o
                0x0000d730                _init
 .init          0x0000d734        0x8 /usr/local/lpcxpresso_7.7.2_379/lpcxpresso/tools/bin/../lib/gcc/arm-none-eabi/4.9.3/armv7-m/crtn.o
                0x0000d73c                . = ALIGN (0x4)
                0x0000d73c                __preinit_array_start = .
 *(.preinit_array)
                0x0000d73c                __preinit_array_end = .
                0x0000d73c                . = ALIGN (0x4)
                0x0000d73c                __init_array_start = .
 *(SORT(.init_array.*))
 *(.init_array)
 .init_array    0x0000d73c        0x4 ./sensor_bluetooth_andreaf.o
 .init_array    0x0000d740        0x4 /usr/local/lpcxpresso_7.7.2_379/lpcxpresso/tools/bin/../lib/gcc/arm-none-eabi/4.9.3/armv7-m/crtbegin.o
                0x0000d744                __init_array_end = .
 *(.fini)
 .fini          0x0000d744        0x4 /usr/local/lpcxpresso_7.7.2_379/lpcxpresso/tools/bin/../lib/gcc/arm-none-eabi/4.9.3/armv7-m/crti.o
                0x0000d744                _fini
 .fini          0x0000d748        0x8 /usr/local/lpcxpresso_7.7.2_379/lpcxpresso/tools/bin/../lib/gcc/arm-none-eabi/4.9.3/armv7-m/crtn.o
                0x0000d750                . = ALIGN (0x4)
 *crtbegin.o(.ctors)
 *(EXCLUDE_FILE(*crtend.o) .ctors)
 *(SORT(.ctors.*))
 *crtend.o(.ctors)
                0x0000d750                . = ALIGN (0x4)
 *crtbegin.o(.dtors)
 *(EXCLUDE_FILE(*crtend.o) .dtors)
 *(SORT(.dtors.*))
 *crtend.o(.dtors)

.glue_7         0x0000d750        0x0
 .glue_7        0x00000000        0x0 linker stubs

.glue_7t        0x0000d750        0x0
 .glue_7t       0x00000000        0x0 linker stubs

.vfp11_veneer   0x0000d750        0x0
 .vfp11_veneer  0x00000000        0x0 linker stubs

.v4_bx          0x0000d750        0x0
 .v4_bx         0x00000000        0x0 linker stubs

.iplt           0x0000d750        0x0
 .iplt          0x00000000        0x0 ./sensor_bluetooth_andreaf.o

.ARM.extab
 *(.ARM.extab* .gnu.linkonce.armextab.*)
                0x0000d750                __exidx_start = .

.ARM.exidx      0x0000d750        0x8
 *(.ARM.exidx* .gnu.linkonce.armexidx.*)
 .ARM.exidx     0x0000d750        0x8 /usr/local/lpcxpresso_7.7.2_379/lpcxpresso/tools/bin/../lib/gcc/arm-none-eabi/4.9.3/armv7-m/libgcc.a(_divdi3.o)
 .ARM.exidx     0x0000d758        0x0 /usr/local/lpcxpresso_7.7.2_379/lpcxpresso/tools/bin/../lib/gcc/arm-none-eabi/4.9.3/armv7-m/libgcc.a(_udivdi3.o)
                                  0x8 (size before relaxing)
                0x0000d758                __exidx_end = .
                0x0000d758                _etext = .

.rel.dyn        0x0000d758        0x0
 .rel.iplt      0x00000000        0x0 ./sensor_bluetooth_andreaf.o

.eh_frame       0x0000d758        0x0
 .eh_frame      0x0000d758        0x0 /usr/local/lpcxpresso_7.7.2_379/lpcxpresso/tools/bin/../lib/gcc/arm-none-eabi/4.9.3/armv7-m/crtbegin.o

.data_RAM2      0x2007c000        0x0 load address 0x0000d758
 FILL mask 0xff
 *(.data.$RAM2*)
 *(.data.$RamAHB32*)
                0x2007c000                . = ALIGN (0x4)

.uninit_RESERVED
 *(.bss.$RESERVED*)

.data           0x100000c8      0x8b0 load address 0x0000d758
 FILL mask 0xff
                0x100000c8                _data = .
 *(vtable)
 *(.data*)
 .data.SystemCoreClock
                0x100000c8        0x4 /home/andrea/documents/dissertation_source_files/source_LPC1768/example_sensor_bluetooth/mbed/TARGET_LPC1768/TOOLCHAIN_GCC_CR/system_LPC17xx.o
                0x100000c8                SystemCoreClock
 *fill*         0x100000cc        0x4 
 .data.impure_data
                0x100000d0      0x428 /usr/local/lpcxpresso_7.7.2_379/lpcxpresso/tools/bin/../lib/gcc/arm-none-eabi/4.9.3/../../../../arm-none-eabi/lib/armv7-m/libc.a(lib_a-impure.o)
 .data._impure_ptr
                0x100004f8        0x4 /usr/local/lpcxpresso_7.7.2_379/lpcxpresso/tools/bin/../lib/gcc/arm-none-eabi/4.9.3/../../../../arm-none-eabi/lib/armv7-m/libc.a(lib_a-impure.o)
                0x100004f8                _impure_ptr
 .data.__malloc_av_
                0x100004fc      0x408 /usr/local/lpcxpresso_7.7.2_379/lpcxpresso/tools/bin/../lib/gcc/arm-none-eabi/4.9.3/../../../../arm-none-eabi/lib/armv7-m/libc.a(lib_a-mallocr.o)
                0x100004fc                __malloc_av_
 .data.__malloc_trim_threshold
                0x10000904        0x4 /usr/local/lpcxpresso_7.7.2_379/lpcxpresso/tools/bin/../lib/gcc/arm-none-eabi/4.9.3/../../../../arm-none-eabi/lib/armv7-m/libc.a(lib_a-mallocr.o)
                0x10000904                __malloc_trim_threshold
 .data.__malloc_sbrk_base
                0x10000908        0x4 /usr/local/lpcxpresso_7.7.2_379/lpcxpresso/tools/bin/../lib/gcc/arm-none-eabi/4.9.3/../../../../arm-none-eabi/lib/armv7-m/libc.a(lib_a-mallocr.o)
                0x10000908                __malloc_sbrk_base
 .data.__ctype_ptr__
                0x1000090c        0x4 /usr/local/lpcxpresso_7.7.2_379/lpcxpresso/tools/bin/../lib/gcc/arm-none-eabi/4.9.3/../../../../arm-none-eabi/lib/armv7-m/libc.a(lib_a-ctype_.o)
                0x1000090c                __ctype_ptr__
 .data.lconv    0x10000910       0x38 /usr/local/lpcxpresso_7.7.2_379/lpcxpresso/tools/bin/../lib/gcc/arm-none-eabi/4.9.3/../../../../arm-none-eabi/lib/armv7-m/libc.a(lib_a-locale.o)
 .data.lc_ctype_charset
                0x10000948       0x20 /usr/local/lpcxpresso_7.7.2_379/lpcxpresso/tools/bin/../lib/gcc/arm-none-eabi/4.9.3/../../../../arm-none-eabi/lib/armv7-m/libc.a(lib_a-locale.o)
 .data.__mb_cur_max
                0x10000968        0x4 /usr/local/lpcxpresso_7.7.2_379/lpcxpresso/tools/bin/../lib/gcc/arm-none-eabi/4.9.3/../../../../arm-none-eabi/lib/armv7-m/libc.a(lib_a-locale.o)
                0x10000968                __mb_cur_max
 .data.__mbtowc
                0x1000096c        0x4 /usr/local/lpcxpresso_7.7.2_379/lpcxpresso/tools/bin/../lib/gcc/arm-none-eabi/4.9.3/../../../../arm-none-eabi/lib/armv7-m/libc.a(lib_a-mbtowc_r.o)
                0x1000096c                __mbtowc
 .data.__wctomb
                0x10000970        0x4 /usr/local/lpcxpresso_7.7.2_379/lpcxpresso/tools/bin/../lib/gcc/arm-none-eabi/4.9.3/../../../../arm-none-eabi/lib/armv7-m/libc.a(lib_a-wctomb_r.o)
                0x10000970                __wctomb
 .data          0x10000974        0x4 /usr/local/lpcxpresso_7.7.2_379/lpcxpresso/tools/bin/../lib/gcc/arm-none-eabi/4.9.3/armv7-m/crtbegin.o
                0x10000974                __dso_handle
                0x10000978                . = ALIGN (0x4)
                0x10000978                _edata = .

.igot.plt       0x10000978        0x0 load address 0x0000e008
 .igot.plt      0x00000000        0x0 ./sensor_bluetooth_andreaf.o

.jcr            0x10000978        0x0 load address 0x0000e008
 .jcr           0x10000978        0x0 /usr/local/lpcxpresso_7.7.2_379/lpcxpresso/tools/bin/../lib/gcc/arm-none-eabi/4.9.3/armv7-m/crtbegin.o

.bss_RAM2       0x2007c000        0x0
 *(.bss.$RAM2*)
 *(.bss.$RamAHB32*)
                0x2007c000                . = ALIGN (0x4)

.bss            0x10000978      0x2b4
                0x10000978                _bss = .
 *(.bss*)
 .bss.rn42      0x10000978       0x58 ./sensor_bluetooth_andreaf.o
                0x10000978                rn42
 .bss.begin     0x100009d0        0x1 ./sensor_bluetooth_andreaf.o
                0x100009d0                begin
 *fill*         0x100009d1        0x3 
 .bss._ZL11filehandles
                0x100009d4      0x100 /home/andrea/documents/dissertation_source_files/source_LPC1768/example_sensor_bluetooth/mbed/TARGET_LPC1768/TOOLCHAIN_GCC_CR/retarget.o
 .bss.stdio_uart_inited
                0x10000ad4        0x4 /home/andrea/documents/dissertation_source_files/source_LPC1768/example_sensor_bluetooth/mbed/TARGET_LPC1768/TOOLCHAIN_GCC_CR/libmbed.a(serial_api.o)
                0x10000ad4                stdio_uart_inited
 .bss.irq_handler